Component: ARM Compiler 5.06 update 6 (build 750) Tool: armlink [4d35ed]

==============================================================================

Section Cross References

    startup_stm32f103xb.o(STACK) refers (Special) to heapauxi.o(.text) for __use_two_region_memory
    startup_stm32f103xb.o(HEAP) refers (Special) to heapauxi.o(.text) for __use_two_region_memory
    startup_stm32f103xb.o(RESET) refers (Special) to heapauxi.o(.text) for __use_two_region_memory
    startup_stm32f103xb.o(RESET) refers to startup_stm32f103xb.o(STACK) for __initial_sp
    startup_stm32f103xb.o(RESET) refers to startup_stm32f103xb.o(.text) for Reset_Handler
    startup_stm32f103xb.o(RESET) refers to stm32f1xx_it.o(i.NMI_Handler) for NMI_Handler
    startup_stm32f103xb.o(RESET) refers to stm32f1xx_it.o(i.HardFault_Handler) for HardFault_Handler
    startup_stm32f103xb.o(RESET) refers to stm32f1xx_it.o(i.MemManage_Handler) for MemManage_Handler
    startup_stm32f103xb.o(RESET) refers to stm32f1xx_it.o(i.BusFault_Handler) for BusFault_Handler
    startup_stm32f103xb.o(RESET) refers to stm32f1xx_it.o(i.UsageFault_Handler) for UsageFault_Handler
    startup_stm32f103xb.o(RESET) refers to port.o(.emb_text) for SVC_Handler
    startup_stm32f103xb.o(RESET) refers to stm32f1xx_it.o(i.DebugMon_Handler) for DebugMon_Handler
    startup_stm32f103xb.o(RESET) refers to stm32f1xx_it.o(i.SysTick_Handler) for SysTick_Handler
    startup_stm32f103xb.o(RESET) refers to stm32f1xx_it.o(i.USART2_IRQHandler) for USART2_IRQHandler
    startup_stm32f103xb.o(RESET) refers to stm32f1xx_it.o(i.RTC_Alarm_IRQHandler) for RTC_Alarm_IRQHandler
    startup_stm32f103xb.o(.text) refers (Special) to heapauxi.o(.text) for __use_two_region_memory
    startup_stm32f103xb.o(.text) refers to system_stm32f1xx.o(i.SystemInit) for SystemInit
    startup_stm32f103xb.o(.text) refers to __main.o(!!!main) for __main
    startup_stm32f103xb.o(.text) refers to startup_stm32f103xb.o(HEAP) for Heap_Mem
    startup_stm32f103xb.o(.text) refers to startup_stm32f103xb.o(STACK) for Stack_Mem
    main.o(i.HAL_RTC_AlarmAEventCallback) refers to stm32f1xx_hal_gpio.o(i.HAL_GPIO_WritePin) for HAL_GPIO_WritePin
    main.o(i.HAL_RTC_AlarmAEventCallback) refers to stm32f1xx_hal_uart.o(i.HAL_UART_Transmit) for HAL_UART_Transmit
    main.o(i.HAL_RTC_AlarmAEventCallback) refers to main.o(.bss) for .bss
    main.o(i.MX_GPIO_Init) refers to stm32f1xx_hal_gpio.o(i.HAL_GPIO_WritePin) for HAL_GPIO_WritePin
    main.o(i.MX_GPIO_Init) refers to stm32f1xx_hal_gpio.o(i.HAL_GPIO_Init) for HAL_GPIO_Init
    main.o(i.MX_RTC_Init) refers to stm32f1xx_hal_rtc.o(i.HAL_RTC_Init) for HAL_RTC_Init
    main.o(i.MX_RTC_Init) refers to stm32f1xx_hal_rtc_ex.o(i.HAL_RTCEx_BKUPRead) for HAL_RTCEx_BKUPRead
    main.o(i.MX_RTC_Init) refers to stm32f1xx_hal_rtc.o(i.HAL_RTC_SetTime) for HAL_RTC_SetTime
    main.o(i.MX_RTC_Init) refers to stm32f1xx_hal_rtc.o(i.HAL_RTC_SetDate) for HAL_RTC_SetDate
    main.o(i.MX_RTC_Init) refers to stm32f1xx_hal_rtc.o(i.HAL_RTC_SetAlarm_IT) for HAL_RTC_SetAlarm_IT
    main.o(i.MX_RTC_Init) refers to stm32f1xx_hal_rtc_ex.o(i.HAL_RTCEx_BKUPWrite) for HAL_RTCEx_BKUPWrite
    main.o(i.MX_RTC_Init) refers to main.o(.bss) for .bss
    main.o(i.StartTaskTime) refers to stm32f1xx_hal_rtc.o(i.HAL_RTC_GetTime) for HAL_RTC_GetTime
    main.o(i.StartTaskTime) refers to cmsis_os2.o(i.osDelay) for osDelay
    main.o(i.StartTaskTime) refers to main.o(.data) for .data
    main.o(i.StartTaskTime) refers to main.o(.bss) for .bss
    main.o(i.StartTask_UART) refers to _printf_pad.o(.text) for _printf_pre_padding
    main.o(i.StartTask_UART) refers to _printf_percent.o(.ARM.Collect$$_printf_percent$$00000000) for _printf_percent
    main.o(i.StartTask_UART) refers to _printf_d.o(.ARM.Collect$$_printf_percent$$00000009) for _printf_d
    main.o(i.StartTask_UART) refers to _printf_dec.o(.text) for _printf_int_dec
    main.o(i.StartTask_UART) refers to noretval__2sprintf.o(.text) for __2sprintf
    main.o(i.StartTask_UART) refers to stm32f1xx_hal_uart.o(i.HAL_UART_Transmit) for HAL_UART_Transmit
    main.o(i.StartTask_UART) refers to cmsis_os2.o(i.osDelay) for osDelay
    main.o(i.StartTask_UART) refers to main.o(.data) for .data
    main.o(i.StartTask_UART) refers to main.o(.bss) for .bss
    main.o(i.SystemClock_Config) refers to rt_memclr_w.o(.text) for __aeabi_memclr4
    main.o(i.SystemClock_Config) refers to stm32f1xx_hal_rcc.o(i.HAL_RCC_OscConfig) for HAL_RCC_OscConfig
    main.o(i.SystemClock_Config) refers to stm32f1xx_hal_rcc.o(i.HAL_RCC_ClockConfig) for HAL_RCC_ClockConfig
    main.o(i.SystemClock_Config) refers to stm32f1xx_hal_rcc_ex.o(i.HAL_RCCEx_PeriphCLKConfig) for HAL_RCCEx_PeriphCLKConfig
    main.o(i.main) refers to stm32f1xx_hal.o(i.HAL_Init) for HAL_Init
    main.o(i.main) refers to main.o(i.SystemClock_Config) for SystemClock_Config
    main.o(i.main) refers to main.o(i.MX_GPIO_Init) for MX_GPIO_Init
    main.o(i.main) refers to main.o(i.MX_RTC_Init) for MX_RTC_Init
[...]
    .ARM.Collect$$rtentry$$00000002          0x08000172   Section        0  __rtentry2.o(.ARM.Collect$$rtentry$$00000002)
    .ARM.Collect$$rtentry$$00000004          0x08000172   Section        6  __rtentry4.o(.ARM.Collect$$rtentry$$00000004)
    .ARM.Collect$$rtentry$$00000009          0x08000178   Section        0  __rtentry2.o(.ARM.Collect$$rtentry$$00000009)
    .ARM.Collect$$rtentry$$0000000A          0x08000178   Section        4  __rtentry2.o(.ARM.Collect$$rtentry$$0000000A)
    .ARM.Collect$$rtentry$$0000000C          0x0800017c   Section        0  __rtentry2.o(.ARM.Collect$$rtentry$$0000000C)
    .ARM.Collect$$rtentry$$0000000D          0x0800017c   Section        8  __rtentry2.o(.ARM.Collect$$rtentry$$0000000D)
    .ARM.Collect$$rtexit$$00000000           0x08000184   Section        2  rtexit.o(.ARM.Collect$$rtexit$$00000000)
    .ARM.Collect$$rtexit$$00000002           0x08000186   Section        0  rtexit2.o(.ARM.Collect$$rtexit$$00000002)
    .ARM.Collect$$rtexit$$00000003           0x08000186   Section        4  rtexit2.o(.ARM.Collect$$rtexit$$00000003)
    .ARM.Collect$$rtexit$$00000004           0x0800018a   Section        6  rtexit2.o(.ARM.Collect$$rtexit$$00000004)
    .emb_text                                0x08000190   Section      150  port.o(.emb_text)
    .text                                    0x08000228   Section       64  startup_stm32f103xb.o(.text)
    .text                                    0x08000268   Section        0  noretval__2sprintf.o(.text)
    .text                                    0x08000290   Section        0  _printf_pad.o(.text)
    .text                                    0x080002e0   Section        0  _printf_dec.o(.text)
    .text                                    0x08000358   Section        0  __printf_flags_wp.o(.text)
    .text                                    0x08000490   Section      138  rt_memcpy_v6.o(.text)
    .text                                    0x0800051a   Section       16  aeabi_memset.o(.text)
    .text                                    0x0800052a   Section       78  rt_memclr_w.o(.text)
    .text                                    0x08000578   Section        0  heapauxi.o(.text)
    .text                                    0x0800057e   Section        0  _printf_intcommon.o(.text)
    .text                                    0x08000630   Section        0  _printf_char_common.o(.text)
    _printf_input_char                       0x08000631   Thumb Code    10  _printf_char_common.o(.text)
    .text                                    0x08000660   Section        0  _sputc.o(.text)
    .text                                    0x0800066a   Section      100  rt_memcpy_w.o(.text)
    .text                                    0x080006ce   Section       68  rt_memclr.o(.text)
    .text                                    0x08000712   Section       74  sys_stackheap_outer.o(.text)
    .text                                    0x0800075c   Section        0  exit.o(.text)
    .text                                    0x08000770   Section        8  libspace.o(.text)
    .text                                    0x08000778   Section        0  sys_exit.o(.text)
    .text                                    0x08000784   Section        2  use_no_semi.o(.text)
    .text                                    0x08000786   Section        0  indicate_semi.o(.text)
    i.BusFault_Handler                       0x08000786   Section        0  stm32f1xx_it.o(i.BusFault_Handler)
    i.DebugMon_Handler                       0x08000788   Section        0  stm32f1xx_it.o(i.DebugMon_Handler)
    i.HAL_DMA_Abort                          0x0800078a   Section        0  stm32f1xx_hal_dma.o(i.HAL_DMA_Abort)
    i.HAL_DMA_Abort_IT                       0x080007d0   Section        0  stm32f1xx_hal_dma.o(i.HAL_DMA_Abort_IT)
    i.HAL_GPIO_Init                          0x08000868   Section        0  stm32f1xx_hal_gpio.o(i.HAL_GPIO_Init)
    i.HAL_GPIO_WritePin                      0x08000a48   Section        0  stm32f1xx_hal_gpio.o(i.HAL_GPIO_WritePin)
    i.HAL_GetTick                            0x08000a54   Section        0  stm32f1xx_hal.o(i.HAL_GetTick)
    i.HAL_IncTick                            0x08000a60   Section        0  stm32f1xx_hal.o(i.HAL_IncTick)
    i.HAL_Init                               0x08000a70   Section        0  stm32f1xx_hal.o(i.HAL_Init)
    i.HAL_InitTick                           0x08000a94   Section        0  stm32f1xx_hal.o(i.HAL_InitTick)
    i.HAL_MspInit                            0x08000ad4   Section        0  stm32f1xx_hal_msp.o(i.HAL_MspInit)
    i.HAL_NVIC_EnableIRQ                     0x08000b1c   Section        0  stm32f1xx_hal_cortex.o(i.HAL_NVIC_EnableIRQ)
    i.HAL_NVIC_SetPriority                   0x08000b38   Section        0  stm32f1xx_hal_cortex.o(i.HAL_NVIC_SetPriority)
    i.HAL_NVIC_SetPriorityGrouping           0x08000b78   Section        0  stm32f1xx_hal_cortex.o(i.HAL_NVIC_SetPriorityGrouping)
    i.HAL_PWR_EnableBkUpAccess               0x08000b9c   Section        0  stm32f1xx_hal_pwr.o(i.HAL_PWR_EnableBkUpAccess)
    i.HAL_RCCEx_GetPeriphCLKFreq             0x08000ba8   Section        0  stm32f1xx_hal_rcc_ex.o(i.HAL_RCCEx_GetPeriphCLKFreq)
    i.HAL_RCCEx_PeriphCLKConfig              0x08000c70   Section        0  stm32f1xx_hal_rcc_ex.o(i.HAL_RCCEx_PeriphCLKConfig)
    i.HAL_RCC_ClockConfig                    0x08000d5c   Section        0  stm32f1xx_hal_rcc.o(i.HAL_RCC_ClockConfig)
    i.HAL_RCC_GetPCLK1Freq                   0x08000e88   Section        0  stm32f1xx_hal_rcc.o(i.HAL_RCC_GetPCLK1Freq)
    i.HAL_RCC_GetPCLK2Freq                   0x08000ea8   Section        0  stm32f1xx_hal_rcc.o(i.HAL_RCC_GetPCLK2Freq)
    i.HAL_RCC_GetSysClockFreq                0x08000ec8   Section        0  stm32f1xx_hal_rcc.o(i.HAL_RCC_GetSysClockFreq)
    i.HAL_RCC_OscConfig                      0x08000f34   Section        0  stm32f1xx_hal_rcc.o(i.HAL_RCC_OscConfig)
    i.HAL_RTCEx_BKUPRead                     0x08001254   Section        0  stm32f1xx_hal_rtc_ex.o(i.HAL_RTCEx_BKUPRead)
    i.HAL_RTCEx_BKUPWrite                    0x08001264   Section        0  stm32f1xx_hal_rtc_ex.o(i.HAL_RTCEx_BKUPWrite)
    i.HAL_RTC_AlarmAEventCallback            0x08001274   Section        0  main.o(i.HAL_RTC_AlarmAEventCallback)
    i.HAL_RTC_AlarmIRQHandler                0x080012ac   Section        0  stm32f1xx_hal_rtc.o(i.HAL_RTC_AlarmIRQHandler)
    i.HAL_RTC_GetTime                        0x080012e0   Section        0  stm32f1xx_hal_rtc.o(i.HAL_RTC_GetTime)
    i.HAL_RTC_Init                           0x080013b8   Section        0  stm32f1xx_hal_rtc.o(i.HAL_RTC_Init)
    i.HAL_RTC_MspInit                        0x08001458   Section        0  stm32f1xx_hal_msp.o(i.HAL_RTC_MspInit)
    i.HAL_RTC_SetAlarm_IT                    0x080014a0   Section        0  stm32f1xx_hal_rtc.o(i.HAL_RTC_SetAlarm_IT)
    i.HAL_RTC_SetDate                        0x0800158c   Section        0  stm32f1xx_hal_rtc.o(i.HAL_RTC_SetDate)
    i.HAL_RTC_SetTime                        0x08001650   Section        0  stm32f1xx_hal_rtc.o(i.HAL_RTC_SetTime)
    i.HAL_RTC_WaitForSynchro                 0x080016fc   Section        0  stm32f1xx_hal_rtc.o(i.HAL_RTC_WaitForSynchro)
    i.HAL_SYSTICK_Config                     0x08001736   Section        0  stm32f1xx_hal_cortex.o(i.HAL_SYSTICK_Config)
    i.HAL_UARTEx_RxEventCallback             0x0800175e   Section        0  stm32f1xx_hal_uart.o(i.HAL_UARTEx_RxEventCallback)
    i.HAL_UART_ErrorCallback                 0x08001760   Section        0  stm32f1xx_hal_uart.o(i.HAL_UART_ErrorCallback)
    i.HAL_UART_IRQHandler                    0x08001764   Section        0  stm32f1xx_hal_uart.o(i.HAL_UART_IRQHandler)
    i.HAL_UART_Init                          0x08001970   Section        0  stm32f1xx_hal_uart.o(i.HAL_UART_Init)
    i.HAL_UART_MspInit                       0x080019d4   Section        0  stm32f1xx_hal_msp.o(i.HAL_UART_MspInit)
    i.HAL_UART_RxCpltCallback                0x08001a54   Section        0  stm32f1xx_hal_uart.o(i.HAL_UART_RxCpltCallback)
    i.HAL_UART_Transmit                      0x08001a58   Section        0  stm32f1xx_hal_uart.o(i.HAL_UART_Transmit)
    i.HAL_UART_TxCpltCallback                0x08001b0a   Section        0  stm32f1xx_hal_uart.o(i.HAL_UART_TxCpltCallback)
    i.HardFault_Handler                      0x08001b0c   Section        0  stm32f1xx_it.o(i.HardFault_Handler)
    i.MX_GPIO_Init                           0x08001b10   Section        0  main.o(i.MX_GPIO_Init)
    MX_GPIO_Init                             0x08001b11   Thumb Code   102  main.o(i.MX_GPIO_Init)
    i.MX_RTC_Init                            0x08001b80   Section        0  main.o(i.MX_RTC_Init)
    MX_RTC_Init                              0x08001b81   Thumb Code   166  main.o(i.MX_RTC_Init)
    i.MemManage_Handler                      0x08001c30   Section        0  stm32f1xx_it.o(i.MemManage_Handler)
    i.NMI_Handler                            0x08001c32   Section        0  stm32f1xx_it.o(i.NMI_Handler)
    i.RTC_Alarm_IRQHandler                   0x08001c34   Section        0  stm32f1xx_it.o(i.RTC_Alarm_IRQHandler)
    i.RTC_Bcd2ToByte                         0x08001c40   Section        0  stm32f1xx_hal_rtc.o(i.RTC_Bcd2ToByte)
    RTC_Bcd2ToByte                           0x08001c41   Thumb Code    18  stm32f1xx_hal_rtc.o(i.RTC_Bcd2ToByte)
    i.RTC_ByteToBcd2                         0x08001c52   Section        0  stm32f1xx_hal_rtc.o(i.RTC_ByteToBcd2)
    RTC_ByteToBcd2                           0x08001c53   Thumb Code    22  stm32f1xx_hal_rtc.o(i.RTC_ByteToBcd2)
    i.RTC_DateUpdate                         0x08001c68   Section        0  stm32f1xx_hal_rtc.o(i.RTC_DateUpdate)
    RTC_DateUpdate                           0x08001c69   Thumb Code   174  stm32f1xx_hal_rtc.o(i.RTC_DateUpdate)
    i.RTC_EnterInitMode                      0x08001d16   Section        0  stm32f1xx_hal_rtc.o(i.RTC_EnterInitMode)
    RTC_EnterInitMode                        0x08001d17   Thumb Code    52  stm32f1xx_hal_rtc.o(i.RTC_EnterInitMode)
    i.RTC_ExitInitMode                       0x08001d4c   Section        0  stm32f1xx_hal_rtc.o(i.RTC_ExitInitMode)
    RTC_ExitInitMode                         0x08001d4d   Thumb Code    54  stm32f1xx_hal_rtc.o(i.RTC_ExitInitMode)
    i.RTC_ReadAlarmCounter                   0x08001d82   Section        0  stm32f1xx_hal_rtc.o(i.RTC_ReadAlarmCounter)
    RTC_ReadAlarmCounter                     0x08001d83   Thumb Code    14  stm32f1xx_hal_rtc.o(i.RTC_ReadAlarmCounter)
    i.RTC_ReadTimeCounter                    0x08001d90   Section        0  stm32f1xx_hal_rtc.o(i.RTC_ReadTimeCounter)
    RTC_ReadTimeCounter                      0x08001d91   Thumb Code    32  stm32f1xx_hal_rtc.o(i.RTC_ReadTimeCounter)
    i.RTC_WeekDayNum                         0x08001db0   Section        0  stm32f1xx_hal_rtc.o(i.RTC_WeekDayNum)
    RTC_WeekDayNum                           0x08001db1   Thumb Code    86  stm32f1xx_hal_rtc.o(i.RTC_WeekDayNum)
    i.RTC_WriteAlarmCounter                  0x08001e06   Section        0  stm32f1xx_hal_rtc.o(i.RTC_WriteAlarmCounter)
    RTC_WriteAlarmCounter                    0x08001e07   Thumb Code    40  stm32f1xx_hal_rtc.o(i.RTC_WriteAlarmCounter)
    i.RTC_WriteTimeCounter                   0x08001e2e   Section        0  stm32f1xx_hal_rtc.o(i.RTC_WriteTimeCounter)
    RTC_WriteTimeCounter                     0x08001e2f   Thumb Code    40  stm32f1xx_hal_rtc.o(i.RTC_WriteTimeCounter)
    i.StartTaskTime                          0x08001e58   Section        0  main.o(i.StartTaskTime)
    i.StartTask_UART                         0x08001e78   Section        0  main.o(i.StartTask_UART)
    i.SysTick_Handler                        0x08001ecc   Section        0  stm32f1xx_it.o(i.SysTick_Handler)
    i.SystemClock_Config                     0x08001ee4   Section        0  main.o(i.SystemClock_Config)
    i.SystemInit                             0x08001f64   Section        0  system_stm32f1xx.o(i.SystemInit)
    i.UART_DMAAbortOnError                   0x08001f66   Section        0  stm32f1xx_hal_uart.o(i.UART_DMAAbortOnError)
    UART_DMAAbortOnError                     0x08001f67   Thumb Code    16  stm32f1xx_hal_uart.o(i.UART_DMAAbortOnError)
    i.UART_EndRxTransfer                     0x08001f76   Section        0  stm32f1xx_hal_uart.o(i.UART_EndRxTransfer)
    UART_EndRxTransfer                       0x08001f77   Thumb Code    48  stm32f1xx_hal_uart.o(i.UART_EndRxTransfer)
    i.UART_Receive_IT                        0x08001fa6   Section        0  stm32f1xx_hal_uart.o(i.UART_Receive_IT)
    UART_Receive_IT                          0x08001fa7   Thumb Code   182  stm32f1xx_hal_uart.o(i.UART_Receive_IT)
    i.UART_SetConfig                         0x0800205c   Section        0  stm32f1xx_hal_uart.o(i.UART_SetConfig)
    UART_SetConfig                           0x0800205d   Thumb Code   178  stm32f1xx_hal_uart.o(i.UART_SetConfig)
    i.UART_WaitOnFlagUntilTimeout            0x08002114   Section        0  stm32f1xx_hal_uart.o(i.UART_WaitOnFlagUntilTimeout)
    UART_WaitOnFlagUntilTimeout              0x08002115   Thumb Code   100  stm32f1xx_hal_uart.o(i.UART_WaitOnFlagUntilTimeout)
    i.USART2_IRQHandler                      0x08002178   Section        0  stm32f1xx_it.o(i.USART2_IRQHandler)
    i.UsageFault_Handler                     0x08002184   Section        0  stm32f1xx_it.o(i.UsageFault_Handler)
    i.__NVIC_SetPriority                     0x08002186   Section        0  stm32f1xx_hal_cortex.o(i.__NVIC_SetPriority)
    __NVIC_SetPriority                       0x08002187   Thumb Code    32  stm32f1xx_hal_cortex.o(i.__NVIC_SetPriority)
    i._is_digit                              0x080021a6   Section        0  __printf_wp.o(i._is_digit)
    i.main                                   0x080021b4   Section        0  main.o(i.main)
    i.osDelay                                0x08002228   Section        0  cmsis_os2.o(i.osDelay)
    i.osKernelInitialize                     0x0800225c   Section        0  cmsis_os2.o(i.osKernelInitialize)
    i.osKernelStart                          0x08002294   Section        0  cmsis_os2.o(i.osKernelStart)
    i.osThreadNew                            0x080022d4   Section        0  cmsis_os2.o(i.osThreadNew)
    i.prvAddCurrentTaskToDelayedList         0x08002378   Section        0  tasks.o(i.prvAddCurrentTaskToDelayedList)
    prvAddCurrentTaskToDelayedList           0x08002379   Thumb Code    84  tasks.o(i.prvAddCurrentTaskToDelayedList)
    i.prvAddNewTaskToReadyList               0x080023d4   Section        0  tasks.o(i.prvAddNewTaskToReadyList)
    prvAddNewTaskToReadyList                 0x080023d5   Thumb Code   190  tasks.o(i.prvAddNewTaskToReadyList)
    i.prvCheckForValidListAndQueue           0x080024a4   Section        0  timers.o(i.prvCheckForValidListAndQueue)
    prvCheckForValidListAndQueue             0x080024a5   Thumb Code    72  timers.o(i.prvCheckForValidListAndQueue)
    i.prvCopyDataFromQueue                   0x080024fc   Section        0  queue.o(i.prvCopyDataFromQueue)
    prvCopyDataFromQueue                     0x080024fd   Thumb Code    38  queue.o(i.prvCopyDataFromQueue)
    i.prvCopyDataToQueue                     0x08002522   Section        0  queue.o(i.prvCopyDataToQueue)
    prvCopyDataToQueue                       0x08002523   Thumb Code   108  queue.o(i.prvCopyDataToQueue)
    i.prvDeleteTCB                           0x0800258e   Section        0  tasks.o(i.prvDeleteTCB)
    prvDeleteTCB                             0x0800258f   Thumb Code    52  tasks.o(i.prvDeleteTCB)
    i.prvHeapInit                            0x080025c4   Section        0  heap_4.o(i.prvHeapInit)
    prvHeapInit                              0x080025c5   Thumb Code    66  heap_4.o(i.prvHeapInit)
    i.prvIdleTask                            0x08002610   Section        0  tasks.o(i.prvIdleTask)
    prvIdleTask                              0x08002611   Thumb Code    82  tasks.o(i.prvIdleTask)
    i.prvInitialiseNewQueue                  0x08002670   Section        0  queue.o(i.prvInitialiseNewQueue)
    prvInitialiseNewQueue                    0x08002671   Thumb Code    34  queue.o(i.prvInitialiseNewQueue)
    i.prvInitialiseNewTask                   0x08002692   Section        0  tasks.o(i.prvInitialiseNewTask)
    prvInitialiseNewTask                     0x08002693   Thumb Code   156  tasks.o(i.prvInitialiseNewTask)
    i.prvInsertBlockIntoFreeList             0x08002730   Section        0  heap_4.o(i.prvInsertBlockIntoFreeList)
    prvInsertBlockIntoFreeList               0x08002731   Thumb Code    72  heap_4.o(i.prvInsertBlockIntoFreeList)
    i.prvInsertTimerInActiveList             0x0800277c   Section        0  timers.o(i.prvInsertTimerInActiveList)
    prvInsertTimerInActiveList               0x0800277d   Thumb Code    52  timers.o(i.prvInsertTimerInActiveList)
    i.prvIsQueueEmpty                        0x080027b4   Section        0  queue.o(i.prvIsQueueEmpty)
    prvIsQueueEmpty                          0x080027b5   Thumb Code    28  queue.o(i.prvIsQueueEmpty)
    i.prvProcessReceivedCommands             0x080027d0   Section        0  timers.o(i.prvProcessReceivedCommands)
    prvProcessReceivedCommands               0x080027d1   Thumb Code   198  timers.o(i.prvProcessReceivedCommands)
    i.prvProcessTimerOrBlockTask             0x0800289c   Section        0  timers.o(i.prvProcessTimerOrBlockTask)
    prvProcessTimerOrBlockTask               0x0800289d   Thumb Code   172  timers.o(i.prvProcessTimerOrBlockTask)
    i.prvResetNextTaskUnblockTime            0x08002950   Section        0  tasks.o(i.prvResetNextTaskUnblockTime)
    prvResetNextTaskUnblockTime              0x08002951   Thumb Code    26  tasks.o(i.prvResetNextTaskUnblockTime)
    i.prvSampleTimeNow                       0x08002970   Section        0  timers.o(i.prvSampleTimeNow)
    prvSampleTimeNow                         0x08002971   Thumb Code    36  timers.o(i.prvSampleTimeNow)
    i.prvSwitchTimerLists                    0x08002998   Section        0  timers.o(i.prvSwitchTimerLists)
    prvSwitchTimerLists                      0x08002999   Thumb Code   102  timers.o(i.prvSwitchTimerLists)
    i.prvTaskExitError                       0x08002a04   Section        0  port.o(i.prvTaskExitError)
    prvTaskExitError                         0x08002a05   Thumb Code    36  port.o(i.prvTaskExitError)
    i.prvTimerTask                           0x08002a2c   Section        0  timers.o(i.prvTimerTask)
    prvTimerTask                             0x08002a2d   Thumb Code    32  timers.o(i.prvTimerTask)
    i.prvUnlockQueue                         0x08002a50   Section        0  queue.o(i.prvUnlockQueue)
    prvUnlockQueue                           0x08002a51   Thumb Code   106  queue.o(i.prvUnlockQueue)
    i.pvPortMalloc                           0x08002abc   Section        0  heap_4.o(i.pvPortMalloc)
    i.pxPortInitialiseStack                  0x08002b94   Section        0  port.o(i.pxPortInitialiseStack)
    i.uxListRemove                           0x08002bb8   Section        0  list.o(i.uxListRemove)
    i.vApplicationGetIdleTaskMemory          0x08002be0   Section        0  cmsis_os2.o(i.vApplicationGetIdleTaskMemory)
    i.vApplicationGetTimerTaskMemory         0x08002bf4   Section        0  cmsis_os2.o(i.vApplicationGetTimerTaskMemory)
    i.vListInitialise                        0x08002c0c   Section        0  list.o(i.vListInitialise)
    i.vListInitialiseItem                    0x08002c22   Section        0  list.o(i.vListInitialiseItem)
    i.vListInsert                            0x08002c28   Section        0  list.o(i.vListInsert)
    i.vListInsertEnd                         0x08002c58   Section        0  list.o(i.vListInsertEnd)
    i.vPortEnterCritical                     0x08002c70   Section        0  port.o(i.vPortEnterCritical)
    i.vPortExitCritical                      0x08002cb0   Section        0  port.o(i.vPortExitCritical)
    i.vPortFree                              0x08002cd8   Section        0  heap_4.o(i.vPortFree)
    i.vPortSetupTimerInterrupt               0x08002d34   Section        0  port.o(i.vPortSetupTimerInterrupt)
    i.vPortValidateInterruptPriority         0x08002d58   Section        0  port.o(i.vPortValidateInterruptPriority)
    i.vQueueAddToRegistry                    0x08002dac   Section        0  queue.o(i.vQueueAddToRegistry)
    i.vQueueWaitForMessageRestricted         0x08002dd4   Section        0  queue.o(i.vQueueWaitForMessageRestricted)
    i.vTaskDelay                             0x08002e18   Section        0  tasks.o(i.vTaskDelay)
    i.vTaskInternalSetTimeOutState           0x08002e64   Section        0  tasks.o(i.vTaskInternalSetTimeOutState)
    i.vTaskMissedYield                       0x08002e74   Section        0  tasks.o(i.vTaskMissedYield)
    i.vTaskPlaceOnEventList                  0x08002e80   Section        0  tasks.o(i.vTaskPlaceOnEventList)
    i.vTaskPlaceOnEventListRestricted        0x08002eb0   Section        0  tasks.o(i.vTaskPlaceOnEventListRestricted)
    i.vTaskStartScheduler                    0x08002ee8   Section        0  tasks.o(i.vTaskStartScheduler)
    i.vTaskSuspendAll                        0x08002f70   Section        0  tasks.o(i.vTaskSuspendAll)
    i.vTaskSwitchContext                     0x08002f80   Section        0  tasks.o(i.vTaskSwitchContext)
    i.xPortStartScheduler                    0x08002fe4   Section        0  port.o(i.xPortStartScheduler)
    i.xPortSysTickHandler                    0x0800308c   Section        0  port.o(i.xPortSysTickHandler)
    i.xQueueGenericCreateStatic              0x080030b8   Section        0  queue.o(i.xQueueGenericCreateStatic)
    i.xQueueGenericReset                     0x08003120   Section        0  queue.o(i.xQueueGenericReset)
    i.xQueueGenericSend                      0x080031a8   Section        0  queue.o(i.xQueueGenericSend)
    i.xQueueGenericSendFromISR               0x08003308   Section        0  queue.o(i.xQueueGenericSendFromISR)
    i.xQueueReceive                          0x080033c4   Section        0  queue.o(i.xQueueReceive)
    i.xTaskCheckForTimeOut                   0x080034fc   Section        0  tasks.o(i.xTaskCheckForTimeOut)
    i.xTaskCreate                            0x08003570   Section        0  tasks.o(i.xTaskCreate)
    i.xTaskCreateStatic                      0x080035ca   Section        0  tasks.o(i.xTaskCreateStatic)
    i.xTaskGetSchedulerState                 0x08003620   Section        0  tasks.o(i.xTaskGetSchedulerState)
    i.xTaskGetTickCount                      0x0800363c   Section        0  tasks.o(i.xTaskGetTickCount)
    i.xTaskIncrementTick                     0x08003648   Section        0  tasks.o(i.xTaskIncrementTick)
    i.xTaskPriorityDisinherit                0x08003710   Section        0  tasks.o(i.xTaskPriorityDisinherit)
    i.xTaskRemoveFromEventList               0x08003790   Section        0  tasks.o(i.xTaskRemoveFromEventList)
    i.xTaskResumeAll                         0x08003800   Section        0  tasks.o(i.xTaskResumeAll)
    i.xTimerCreateTimerTask                  0x080038c4   Section        0  timers.o(i.xTimerCreateTimerTask)
    i.xTimerGenericCommand                   0x08003924   Section        0  timers.o(i.xTimerGenericCommand)
    .constdata                               0x0800398c   Section       72  main.o(.constdata)
    .constdata                               0x080039d4   Section       16  system_stm32f1xx.o(.constdata)
    .constdata                               0x080039e4   Section        8  system_stm32f1xx.o(.constdata)
    .constdata                               0x080039ec   Section       17  __printf_flags_wp.o(.constdata)
    maptable                                 0x080039ec   Data          17  __printf_flags_wp.o(.constdata)
    .conststring                             0x08003a00   Section       21  main.o(.conststring)
    .data                                    0x20000000   Section       12  main.o(.data)
    .data                                    0x2000000c   Section       12  stm32f1xx_hal.o(.data)
    .data                                    0x20000018   Section        4  system_stm32f1xx.o(.data)
    .data                                    0x2000001c   Section       60  tasks.o(.data)
    pxDelayedTaskList                        0x20000020   Data           4  tasks.o(.data)
    pxOverflowDelayedTaskList                0x20000024   Data           4  tasks.o(.data)
    uxDeletedTasksWaitingCleanUp             0x20000028   Data           4  tasks.o(.data)
    uxCurrentNumberOfTasks                   0x2000002c   Data           4  tasks.o(.data)
    xTickCount                               0x20000030   Data           4  tasks.o(.data)
    uxTopReadyPriority                       0x20000034   Data           4  tasks.o(.data)
    xSchedulerRunning                        0x20000038   Data           4  tasks.o(.data)
    uxPendedTicks                            0x2000003c   Data           4  tasks.o(.data)
    xYieldPending                            0x20000040   Data           4  tasks.o(.data)
    xNumOfOverflows                          0x20000044   Data           4  tasks.o(.data)
    uxTaskNumber                             0x20000048   Data           4  tasks.o(.data)
    xNextTaskUnblockTime                     0x2000004c   Data           4  tasks.o(.data)
    xIdleTaskHandle                          0x20000050   Data           4  tasks.o(.data)
    uxSchedulerSuspended                     0x20000054   Data           4  tasks.o(.data)
    .data                                    0x20000058   Section       20  timers.o(.data)
    pxCurrentTimerList                       0x20000058   Data           4  timers.o(.data)
    pxOverflowTimerList                      0x2000005c   Data           4  timers.o(.data)
    xTimerQueue                              0x20000060   Data           4  timers.o(.data)
    xTimerTaskHandle                         0x20000064   Data           4  timers.o(.data)
    xLastTime                                0x20000068   Data           4  timers.o(.data)
    .data                                    0x2000006c   Section        4  cmsis_os2.o(.data)
    KernelState                              0x2000006c   Data           4  cmsis_os2.o(.data)
    .data                                    0x20000070   Section       24  heap_4.o(.data)
    pxEnd                                    0x20000070   Data           4  heap_4.o(.data)
    xFreeBytesRemaining                      0x20000074   Data           4  heap_4.o(.data)
    xMinimumEverFreeBytesRemaining           0x20000078   Data           4  heap_4.o(.data)
    xBlockAllocatedBit                       0x2000007c   Data           4  heap_4.o(.data)
    xStart                                   0x20000080   Data           8  heap_4.o(.data)
    .data                                    0x20000088   Section       12  port.o(.data)
    ucMaxSysCallPriority                     0x20000088   Data           1  port.o(.data)
    uxCriticalNesting                        0x2000008c   Data           4  port.o(.data)
    ulMaxPRIGROUPValue                       0x20000090   Data           4  port.o(.data)
    .bss                                     0x20000094   Section      118  main.o(.bss)
    .bss                                     0x2000010c   Section       64  queue.o(.bss)
    .bss                                     0x2000014c   Section     1220  tasks.o(.bss)
    pxReadyTasksLists                        0x2000014c   Data        1120  tasks.o(.bss)
    xDelayedTaskList1                        0x200005ac   Data          20  tasks.o(.bss)
    xDelayedTaskList2                        0x200005c0   Data          20  tasks.o(.bss)
    xPendingReadyList                        0x200005d4   Data          20  tasks.o(.bss)
    xTasksWaitingTermination                 0x200005e8   Data          20  tasks.o(.bss)
    xSuspendedTaskList                       0x200005fc   Data          20  tasks.o(.bss)
    .bss                                     0x20000610   Section      280  timers.o(.bss)
    xActiveTimerList1                        0x20000610   Data          20  timers.o(.bss)
    xActiveTimerList2                        0x20000624   Data          20  timers.o(.bss)
    xStaticTimerQueue                        0x20000638   Data          80  timers.o(.bss)
    ucStaticTimerQueueStorage                0x20000688   Data         160  timers.o(.bss)
    .bss                                     0x20000728   Section     1720  cmsis_os2.o(.bss)
    Idle_TCB                                 0x20000728   Data          92  cmsis_os2.o(.bss)
    Idle_Stack                               0x20000784   Data         512  cmsis_os2.o(.bss)
    Timer_TCB                                0x20000984   Data          92  cmsis_os2.o(.bss)
    Timer_Stack                              0x200009e0   Data        1024  cmsis_os2.o(.bss)
    .bss                                     0x20000de0   Section     3072  heap_4.o(.bss)
    ucHeap                                   0x20000de0   Data        3072  heap_4.o(.bss)
    .bss                                     0x200019e0   Section       96  libspace.o(.bss)
    HEAP                                     0x20001a40   Section      512  startup_stm32f103xb.o(HEAP)
    Heap_Mem                                 0x20001a40   Data         512  startup_stm32f103xb.o(HEAP)
    STACK                                    0x20001c40   Section     1024  startup_stm32f103xb.o(STACK)
    Stack_Mem                                0x20001c40   Data        1024  startup_stm32f103xb.o(STACK)
    __initial_sp                             0x20002040   Data           0  startup_stm32f103xb.o(STACK)

    Global Symbols

    Symbol Name                              Value     Ov Type        Size  Object(Section)

    BuildAttributes$$THM_ISAv4$P$D$K$B$S$PE$A:L22UL41UL21$X:L11$S22US41US21$IEEE1$IW$USESV6$~STKCKD$USESV7$~SHL$OSPACE$ROPI$EBA8$UX$STANDARDLIB$REQ8$PRES8$EABIv2 0x00000000   Number         0  anon$$obj.o ABSOLUTE
    __ARM_use_no_argv                        0x00000000   Number         0  main.o ABSOLUTE
    _printf_flags                            0x00000000   Number         0  printf_stubs.o ABSOLUTE
    _printf_return_value                     0x00000000   Number         0  printf_stubs.o ABSOLUTE
    _printf_sizespec                         0x00000000   Number         0  printf_stubs.o ABSOLUTE
    _printf_widthprec                        0x00000000   Number         0  printf_stubs.o ABSOLUTE
    __ARM_exceptions_init                     - Undefined Weak Reference
    __alloca_initialize                       - Undefined Weak Reference
    __arm_preinit_                            - Undefined Weak Reference
    __cpp_initialize__aeabi_                  - Undefined Weak Reference
    __cxa_finalize                            - Undefined Weak Reference
    __rt_locale                               - Undefined Weak Reference
    __sigvec_lookup                           - Undefined Weak Reference
    _atexit_init                              - Undefined Weak Reference
    _call_atexit_fns                          - Undefined Weak Reference
    _clock_init                               - Undefined Weak Reference
    _fp_trap_init                             - Undefined Weak Reference
    _fp_trap_shutdown                         - Undefined Weak Reference
    _get_lc_collate                           - Undefined Weak Reference
    _get_lc_ctype                             - Undefined Weak Reference
    _get_lc_monetary                          - Undefined Weak Reference
    _get_lc_numeric                           - Undefined Weak Reference
    _get_lc_time                              - Undefined Weak Reference
    _getenv_init                              - Undefined Weak Reference
    _handle_redirection                       - Undefined Weak Reference
    _init_alloc                               - Undefined Weak Reference
    _init_user_alloc                          - Undefined Weak Reference
    _initio                                   - Undefined Weak Reference
    _printf_truncate_signed                   - Undefined Weak Reference
    _printf_truncate_unsigned                 - Undefined Weak Reference
    _rand_init                                - Undefined Weak Reference
    _signal_finish                            - Undefined Weak Reference
    _signal_init                              - Undefined Weak Reference
    _terminate_alloc                          - Undefined Weak Reference
    _terminate_user_alloc                     - Undefined Weak Reference
    _terminateio                              - Undefined Weak Reference
    __Vectors_Size                           0x000000ec   Number         0  startup_stm32f103xb.o ABSOLUTE
    __Vectors                                0x08000000   Data           4  startup_stm32f103xb.o(RESET)
    __Vectors_End                            0x080000ec   Data           0  startup_stm32f103xb.o(RESET)
    __main                                   0x080000ed   Thumb Code     8  __main.o(!!!main)
    __scatterload                            0x080000f5   Thumb Code     0  __scatter.o(!!!scatter)
    __scatterload_rt2                        0x080000f5   Thumb Code    44  __scatter.o(!!!scatter)
    __scatterload_rt2_thumb_only             0x080000f5   Thumb Code     0  __scatter.o(!!!scatter)
    __scatterload_null                       0x08000103   Thumb Code     0  __scatter.o(!!!scatter)
    __scatterload_copy                       0x08000129   Thumb Code    26  __scatter_copy.o(!!handler_copy)
    __scatterload_zeroinit                   0x08000145   Thumb Code    28  __scatter_zi.o(!!handler_zi)
    _printf_d                                0x08000161   Thumb Code     0  _printf_d.o(.ARM.Collect$$_printf_percent$$00000009)
    _printf_percent                          0x08000161   Thumb Code     0  _printf_percent.o(.ARM.Collect$$_printf_percent$$00000000)
    _printf_percent_end                      0x08000167   Thumb Code     0  _printf_percent_end.o(.ARM.Collect$$_printf_percent$$00000017)
    __rt_lib_init                            0x0800016b   Thumb Code     0  libinit.o(.ARM.Collect$$libinit$$00000000)
    __rt_lib_init_alloca_1                   0x0800016d   Thumb Code     0  libinit2.o(.ARM.Collect$$libinit$$0000002E)
    __rt_lib_init_argv_1                     0x0800016d   Thumb Code     0  libinit2.o(.ARM.Collect$$libinit$$0000002C)
    __rt_lib_init_atexit_1                   0x0800016d   Thumb Code     0  libinit2.o(.ARM.Collect$$libinit$$0000001B)
    __rt_lib_init_clock_1                    0x0800016d   Thumb Code     0  libinit2.o(.ARM.Collect$$libinit$$00000021)
    __rt_lib_init_cpp_1                      0x0800016d   Thumb Code     0  libinit2.o(.ARM.Collect$$libinit$$00000032)
    __rt_lib_init_exceptions_1               0x0800016d   Thumb Code     0  libinit2.o(.ARM.Collect$$libinit$$00000030)
    __rt_lib_init_fp_1                       0x0800016d   Thumb Code     0  libinit2.o(.ARM.Collect$$libinit$$00000002)
    __rt_lib_init_fp_trap_1                  0x0800016d   Thumb Code     0  libinit2.o(.ARM.Collect$$libinit$$0000001F)
    __rt_lib_init_getenv_1                   0x0800016d   Thumb Code     0  libinit2.o(.ARM.Collect$$libinit$$00000023)
    __rt_lib_init_heap_1                     0x0800016d   Thumb Code     0  libinit2.o(.ARM.Collect$$libinit$$0000000A)
    __rt_lib_init_lc_collate_1               0x0800016d   Thumb Code     0  libinit2.o(.ARM.Collect$$libinit$$00000011)
    __rt_lib_init_lc_ctype_1                 0x0800016d   Thumb Code     0  libinit2.o(.ARM.Collect$$libinit$$00000013)
    __rt_lib_init_lc_monetary_1              0x0800016d   Thumb Code     0  libinit2.o(.ARM.Collect$$libinit$$00000015)
    __rt_lib_init_lc_numeric_1               0x0800016d   Thumb Code     0  libinit2.o(.ARM.Collect$$libinit$$00000017)
    __rt_lib_init_lc_time_1                  0x0800016d   Thumb Code     0  libinit2.o(.ARM.Collect$$libinit$$00000019)
    __rt_lib_init_preinit_1                  0x0800016d   Thumb Code     0  libinit2.o(.ARM.Collect$$libinit$$00000004)
    __rt_lib_init_rand_1                     0x0800016d   Thumb Code     0  libinit2.o(.ARM.Collect$$libinit$$0000000E)
    __rt_lib_init_return                     0x0800016d   Thumb Code     0  libinit2.o(.ARM.Collect$$libinit$$00000033)
    __rt_lib_init_signal_1                   0x0800016d   Thumb Code     0  libinit2.o(.ARM.Collect$$libinit$$0000001D)
    __rt_lib_init_stdio_1                    0x0800016d   Thumb Code     0  libinit2.o(.ARM.Collect$$libinit$$00000025)
    __rt_lib_init_user_alloc_1               0x0800016d   Thumb Code     0  libinit2.o(.ARM.Collect$$libinit$$0000000C)
    __rt_lib_shutdown                        0x0800016f   Thumb Code     0  libshutdown.o(.ARM.Collect$$libshutdown$$00000000)
    __rt_lib_shutdown_cpp_1                  0x08000171   Thumb Code     0  libshutdown2.o(.ARM.Collect$$libshutdown$$00000002)
    __rt_lib_shutdown_fp_trap_1              0x08000171   Thumb Code     0  libshutdown2.o(.ARM.Collect$$libshutdown$$00000007)
    __rt_lib_shutdown_heap_1                 0x08000171   Thumb Code     0  libshutdown2.o(.ARM.Collect$$libshutdown$$0000000F)
    __rt_lib_shutdown_return                 0x08000171   Thumb Code     0  libshutdown2.o(.ARM.Collect$$libshutdown$$00000010)
    __rt_lib_shutdown_signal_1               0x08000171   Thumb Code     0  libshutdown2.o(.ARM.Collect$$libshutdown$$0000000A)
    __rt_lib_shutdown_stdio_1                0x08000171   Thumb Code     0  libshutdown2.o(.ARM.Collect$$libshutdown$$00000004)
    __rt_lib_shutdown_user_alloc_1           0x08000171   Thumb Code     0  libshutdown2.o(.ARM.Collect$$libshutdown$$0000000C)
    __rt_entry                               0x08000173   Thumb Code     0  __rtentry.o(.ARM.Collect$$rtentry$$00000000)
    __rt_entry_presh_1                       0x08000173   Thumb Code     0  __rtentry2.o(.ARM.Collect$$rtentry$$00000002)
    __rt_entry_sh                            0x08000173   Thumb Code     0  __rtentry4.o(.ARM.Collect$$rtentry$$00000004)
    __rt_entry_li                            0x08000179   Thumb Code     0  __rtentry2.o(.ARM.Collect$$rtentry$$0000000A)
    __rt_entry_postsh_1                      0x08000179   Thumb Code     0  __rtentry2.o(.ARM.Collect$$rtentry$$00000009)
    __rt_entry_main                          0x0800017d   Thumb Code     0  __rtentry2.o(.ARM.Collect$$rtentry$$0000000D)
    __rt_entry_postli_1                      0x0800017d   Thumb Code     0  __rtentry2.o(.ARM.Collect$$rtentry$$0000000C)
    __rt_exit                                0x08000185   Thumb Code     0  rtexit.o(.ARM.Collect$$rtexit$$00000000)
    __rt_exit_ls                             0x08000187   Thumb Code     0  rtexit2.o(.ARM.Collect$$rtexit$$00000003)
    __rt_exit_prels_1                        0x08000187   Thumb Code     0  rtexit2.o(.ARM.Collect$$rtexit$$00000002)
    __rt_exit_exit                           0x0800018b   Thumb Code     0  rtexit2.o(.ARM.Collect$$rtexit$$00000004)
    SVC_Handler                              0x08000191   Thumb Code    32  port.o(.emb_text)
    __asm___6_port_c_39a90d8d__prvStartFirstTask 0x080001b5   Thumb Code    28  port.o(.emb_text)
    PendSV_Handler                           0x080001d5   Thumb Code    72  port.o(.emb_text)
    vPortGetIPSR                             0x08000221   Thumb Code     6  port.o(.emb_text)
    Reset_Handler                            0x08000229   Thumb Code     8  startup_stm32f103xb.o(.text)
    ADC1_2_IRQHandler                        0x08000243   Thumb Code     0  startup_stm32f103xb.o(.text)
    CAN1_RX1_IRQHandler                      0x08000243   Thumb Code     0  startup_stm32f103xb.o(.text)
    CAN1_SCE_IRQHandler                      0x08000243   Thumb Code     0  startup_stm32f103xb.o(.text)
    DMA1_Channel1_IRQHandler                 0x08000243   Thumb Code     0  startup_stm32f103xb.o(.text)
    DMA1_Channel2_IRQHandler                 0x08000243   Thumb Code     0  startup_stm32f103xb.o(.text)
    DMA1_Channel3_IRQHandler                 0x08000243   Thumb Code     0  startup_stm32f103xb.o(.text)
    DMA1_Channel4_IRQHandler                 0x08000243   Thumb Code     0  startup_stm32f103xb.o(.text)
    DMA1_Channel5_IRQHandler                 0x08000243   Thumb Code     0  startup_stm32f103xb.o(.text)
    DMA1_Channel6_IRQHandler                 0x08000243   Thumb Code     0  startup_stm32f103xb.o(.text)
    DMA1_Channel7_IRQHandler                 0x08000243   Thumb Code     0  startup_stm32f103xb.o(.text)
    EXTI0_IRQHandler                         0x08000243   Thumb Code     0  startup_stm32f103xb.o(.text)
    EXTI15_10_IRQHandler                     0x08000243   Thumb Code     0  startup_stm32f103xb.o(.text)
    EXTI1_IRQHandler                         0x08000243   Thumb Code     0  startup_stm32f103xb.o(.text)
    EXTI2_IRQHandler                         0x08000243   Thumb Code     0  startup_stm32f103xb.o(.text)
    EXTI3_IRQHandler                         0x08000243   Thumb Code     0  startup_stm32f103xb.o(.text)
    EXTI4_IRQHandler                         0x08000243   Thumb Code     0  startup_stm32f103xb.o(.text)
    EXTI9_5_IRQHandler                       0x08000243   Thumb Code     0  startup_stm32f103xb.o(.text)
    FLASH_IRQHandler                         0x08000243   Thumb Code     0  startup_stm32f103xb.o(.text)
    I2C1_ER_IRQHandler                       0x08000243   Thumb Code     0  startup_stm32f103xb.o(.text)
    I2C1_EV_IRQHandler                       0x08000243   Thumb Code     0  startup_stm32f103xb.o(.text)
    I2C2_ER_IRQHandler                       0x08000243   Thumb Code     0  startup_stm32f103xb.o(.text)
    I2C2_EV_IRQHandler                       0x08000243   Thumb Code     0  startup_stm32f103xb.o(.text)
    PVD_IRQHandler                           0x08000243   Thumb Code     0  startup_stm32f103xb.o(.text)
    RCC_IRQHandler                           0x08000243   Thumb Code     0  startup_stm32f103xb.o(.text)
    RTC_IRQHandler                           0x08000243   Thumb Code     0  startup_stm32f103xb.o(.text)
    SPI1_IRQHandler                          0x08000243   Thumb Code     0  startup_stm32f103xb.o(.text)
    SPI2_IRQHandler                          0x08000243   Thumb Code     0  startup_stm32f103xb.o(.text)
    TAMPER_IRQHandler                        0x08000243   Thumb Code     0  startup_stm32f103xb.o(.text)
    TIM1_BRK_IRQHandler                      0x08000243   Thumb Code     0  startup_stm32f103xb.o(.text)
    TIM1_CC_IRQHandler                       0x08000243   Thumb Code     0  startup_stm32f103xb.o(.text)
    TIM1_TRG_COM_IRQHandler                  0x08000243   Thumb Code     0  startup_stm32f103xb.o(.text)
    TIM1_UP_IRQHandler                       0x08000243   Thumb Code     0  startup_stm32f103xb.o(.text)
    TIM2_IRQHandler                          0x08000243   Thumb Code     0  startup_stm32f103xb.o(.text)
    TIM3_IRQHandler                          0x08000243   Thumb Code     0  startup_stm32f103xb.o(.text)
    TIM4_IRQHandler                          0x08000243   Thumb Code     0  startup_stm32f103xb.o(.text)
    USART1_IRQHandler                        0x08000243   Thumb Code     0  startup_stm32f103xb.o(.text)
    USART3_IRQHandler                        0x08000243   Thumb Code     0  startup_stm32f103xb.o(.text)
    USBWakeUp_IRQHandler                     0x08000243   Thumb Code     0  startup_stm32f103xb.o(.text)
    USB_HP_CAN1_TX_IRQHandler                0x08000243   Thumb Code     0  startup_stm32f103xb.o(.text)
    USB_LP_CAN1_RX0_IRQHandler               0x08000243   Thumb Code     0  startup_stm32f103xb.o(.text)
    WWDG_IRQHandler                          0x08000243   Thumb Code     0  startup_stm32f103xb.o(.text)
    __user_initial_stackheap                 0x08000245   Thumb Code     0  startup_stm32f103xb.o(.text)
    __2sprintf                               0x08000269   Thumb Code    34  noretval__2sprintf.o(.text)
    _printf_pre_padding                      0x08000291   Thumb Code    44  _printf_pad.o(.text)
    _printf_post_padding                     0x080002bd   Thumb Code    34  _printf_pad.o(.text)
    _printf_int_dec                          0x080002e1   Thumb Code   104  _printf_dec.o(.text)
    __printf                                 0x08000359   Thumb Code   308  __printf_flags_wp.o(.text)
    __aeabi_memcpy                           0x08000491   Thumb Code     0  rt_memcpy_v6.o(.text)
    __rt_memcpy                              0x08000491   Thumb Code   138  rt_memcpy_v6.o(.text)
    _memcpy_lastbytes                        0x080004f7   Thumb Code     0  rt_memcpy_v6.o(.text)
    __aeabi_memset                           0x0800051b   Thumb Code    16  aeabi_memset.o(.text)
    __aeabi_memclr4                          0x0800052b   Thumb Code     0  rt_memclr_w.o(.text)
    __aeabi_memclr8                          0x0800052b   Thumb Code     0  rt_memclr_w.o(.text)
    __rt_memclr_w                            0x0800052b   Thumb Code    78  rt_memclr_w.o(.text)
    _memset_w                                0x0800052f   Thumb Code     0  rt_memclr_w.o(.text)
    __use_two_region_memory                  0x08000579   Thumb Code     2  heapauxi.o(.text)
    __rt_heap_escrow$2region                 0x0800057b   Thumb Code     2  heapauxi.o(.text)
    __rt_heap_expand$2region                 0x0800057d   Thumb Code     2  heapauxi.o(.text)
    _printf_int_common                       0x0800057f   Thumb Code   178  _printf_intcommon.o(.text)
    _printf_char_common                      0x0800063b   Thumb Code    32  _printf_char_common.o(.text)
    _sputc                                   0x08000661   Thumb Code    10  _sputc.o(.text)
    __aeabi_memcpy4                          0x0800066b   Thumb Code     0  rt_memcpy_w.o(.text)
    __aeabi_memcpy8                          0x0800066b   Thumb Code     0  rt_memcpy_w.o(.text)
    __rt_memcpy_w                            0x0800066b   Thumb Code   100  rt_memcpy_w.o(.text)
    _memcpy_lastbytes_aligned                0x080006b3   Thumb Code     0  rt_memcpy_w.o(.text)
    __aeabi_memclr                           0x080006cf   Thumb Code     0  rt_memclr.o(.text)
    __rt_memclr                              0x080006cf   Thumb Code    68  rt_memclr.o(.text)
    _memset                                  0x080006d3   Thumb Code     0  rt_memclr.o(.text)
    __user_setup_stackheap                   0x08000713   Thumb Code    74  sys_stackheap_outer.o(.text)
    exit                                     0x0800075d   Thumb Code    18  exit.o(.text)
    __user_libspace                          0x08000771   Thumb Code     8  libspace.o(.text)
    __user_perproc_libspace                  0x08000771   Thumb Code     0  libspace.o(.text)
    __user_perthread_libspace                0x08000771   Thumb Code     0  libspace.o(.text)
    _sys_exit                                0x08000779   Thumb Code     8  sys_exit.o(.text)
    __I$use$semihosting                      0x08000785   Thumb Code     0  use_no_semi.o(.text)
    __use_no_semihosting_swi                 0x08000785   Thumb Code     2  use_no_semi.o(.text)
    BusFault_Handler                         0x08000787   Thumb Code     2  stm32f1xx_it.o(i.BusFault_Handler)
    __semihosting_library_function           0x08000787   Thumb Code     0  indicate_semi.o(.text)
    DebugMon_Handler                         0x08000789   Thumb Code     2  stm32f1xx_it.o(i.DebugMon_Handler)
    HAL_DMA_Abort                            0x0800078b   Thumb Code    70  stm32f1xx_hal_dma.o(i.HAL_DMA_Abort)
    HAL_DMA_Abort_IT                         0x080007d1   Thumb Code   148  stm32f1xx_hal_dma.o(i.HAL_DMA_Abort_IT)
    HAL_GPIO_Init                            0x08000869   Thumb Code   446  stm32f1xx_hal_gpio.o(i.HAL_GPIO_Init)
    HAL_GPIO_WritePin                        0x08000a49   Thumb Code    10  stm32f1xx_hal_gpio.o(i.HAL_GPIO_WritePin)
    HAL_GetTick                              0x08000a55   Thumb Code     6  stm32f1xx_hal.o(i.HAL_GetTick)
    HAL_IncTick                              0x08000a61   Thumb Code    12  stm32f1xx_hal.o(i.HAL_IncTick)
    HAL_Init                                 0x08000a71   Thumb Code    32  stm32f1xx_hal.o(i.HAL_Init)
    HAL_InitTick                             0x08000a95   Thumb Code    54  stm32f1xx_hal.o(i.HAL_InitTick)
    HAL_MspInit                              0x08000ad5   Thumb Code    62  stm32f1xx_hal_msp.o(i.HAL_MspInit)
    HAL_NVIC_EnableIRQ                       0x08000b1d   Thumb Code    26  stm32f1xx_hal_cortex.o(i.HAL_NVIC_EnableIRQ)
    HAL_NVIC_SetPriority                     0x08000b39   Thumb Code    60  stm32f1xx_hal_cortex.o(i.HAL_NVIC_SetPriority)
    HAL_NVIC_SetPriorityGrouping             0x08000b79   Thumb Code    26  stm32f1xx_hal_cortex.o(i.HAL_NVIC_SetPriorityGrouping)
    HAL_PWR_EnableBkUpAccess                 0x08000b9d   Thumb Code     8  stm32f1xx_hal_pwr.o(i.HAL_PWR_EnableBkUpAccess)
    HAL_RCCEx_GetPeriphCLKFreq               0x08000ba9   Thumb Code   166  stm32f1xx_hal_rcc_ex.o(i.HAL_RCCEx_GetPeriphCLKFreq)
    HAL_RCCEx_PeriphCLKConfig                0x08000c71   Thumb Code   224  stm32f1xx_hal_rcc_ex.o(i.HAL_RCCEx_PeriphCLKConfig)
    HAL_RCC_ClockConfig                      0x08000d5d   Thumb Code   280  stm32f1xx_hal_rcc.o(i.HAL_RCC_ClockConfig)
    HAL_RCC_GetPCLK1Freq                     0x08000e89   Thumb Code    20  stm32f1xx_hal_rcc.o(i.HAL_RCC_GetPCLK1Freq)
    HAL_RCC_GetPCLK2Freq                     0x08000ea9   Thumb Code    20  stm32f1xx_hal_rcc.o(i.HAL_RCC_GetPCLK2Freq)
    HAL_RCC_GetSysClockFreq                  0x08000ec9   Thumb Code    74  stm32f1xx_hal_rcc.o(i.HAL_RCC_GetSysClockFreq)
    HAL_RCC_OscConfig                        0x08000f35   Thumb Code   778  stm32f1xx_hal_rcc.o(i.HAL_RCC_OscConfig)
    HAL_RTCEx_BKUPRead                       0x08001255   Thumb Code    10  stm32f1xx_hal_rtc_ex.o(i.HAL_RTCEx_BKUPRead)
    HAL_RTCEx_BKUPWrite                      0x08001265   Thumb Code    12  stm32f1xx_hal_rtc_ex.o(i.HAL_RTCEx_BKUPWrite)
    HAL_RTC_AlarmAEventCallback              0x08001275   Thumb Code    36  main.o(i.HAL_RTC_AlarmAEventCallback)
    HAL_RTC_AlarmIRQHandler                  0x080012ad   Thumb Code    48  stm32f1xx_hal_rtc.o(i.HAL_RTC_AlarmIRQHandler)
    HAL_RTC_GetTime                          0x080012e1   Thumb Code   216  stm32f1xx_hal_rtc.o(i.HAL_RTC_GetTime)
    HAL_RTC_Init                             0x080013b9   Thumb Code   154  stm32f1xx_hal_rtc.o(i.HAL_RTC_Init)
    HAL_RTC_MspInit                          0x08001459   Thumb Code    60  stm32f1xx_hal_msp.o(i.HAL_RTC_MspInit)
    HAL_RTC_SetAlarm_IT                      0x080014a1   Thumb Code   226  stm32f1xx_hal_rtc.o(i.HAL_RTC_SetAlarm_IT)
    HAL_RTC_SetDate                          0x0800158d   Thumb Code   192  stm32f1xx_hal_rtc.o(i.HAL_RTC_SetDate)
    HAL_RTC_SetTime                          0x08001651   Thumb Code   168  stm32f1xx_hal_rtc.o(i.HAL_RTC_SetTime)
    HAL_RTC_WaitForSynchro                   0x080016fd   Thumb Code    58  stm32f1xx_hal_rtc.o(i.HAL_RTC_WaitForSynchro)
    HAL_SYSTICK_Config                       0x08001737   Thumb Code    40  stm32f1xx_hal_cortex.o(i.HAL_SYSTICK_Config)
    HAL_UARTEx_RxEventCallback               0x0800175f   Thumb Code     2  stm32f1xx_hal_uart.o(i.HAL_UARTEx_RxEventCallback)
    HAL_UART_ErrorCallback                   0x08001761   Thumb Code     2  stm32f1xx_hal_uart.o(i.HAL_UART_ErrorCallback)
    HAL_UART_IRQHandler                      0x08001765   Thumb Code   520  stm32f1xx_hal_uart.o(i.HAL_UART_IRQHandler)
    HAL_UART_Init                            0x08001971   Thumb Code    98  stm32f1xx_hal_uart.o(i.HAL_UART_Init)
    HAL_UART_MspInit                         0x080019d5   Thumb Code   114  stm32f1xx_hal_msp.o(i.HAL_UART_MspInit)
    HAL_UART_RxCpltCallback                  0x08001a55   Thumb Code     2  stm32f1xx_hal_uart.o(i.HAL_UART_RxCpltCallback)
    HAL_UART_Transmit                        0x08001a59   Thumb Code   178  stm32f1xx_hal_uart.o(i.HAL_UART_Transmit)
    HAL_UART_TxCpltCallback                  0x08001b0b   Thumb Code     2  stm32f1xx_hal_uart.o(i.HAL_UART_TxCpltCallback)
    HardFault_Handler                        0x08001b0d   Thumb Code     2  stm32f1xx_it.o(i.HardFault_Handler)
    MemManage_Handler                        0x08001c31   Thumb Code     2  stm32f1xx_it.o(i.MemManage_Handler)
    NMI_Handler                              0x08001c33   Thumb Code     2  stm32f1xx_it.o(i.NMI_Handler)
    RTC_Alarm_IRQHandler                     0x08001c35   Thumb Code     6  stm32f1xx_it.o(i.RTC_Alarm_IRQHandler)
    StartTaskTime                            0x08001e59   Thumb Code    22  main.o(i.StartTaskTime)
    StartTask_UART                           0x08001e79   Thumb Code    50  main.o(i.StartTask_UART)
    SysTick_Handler                          0x08001ecd   Thumb Code    24  stm32f1xx_it.o(i.SysTick_Handler)
    SystemClock_Config                       0x08001ee5   Thumb Code   128  main.o(i.SystemClock_Config)
    SystemInit                               0x08001f65   Thumb Code     2  system_stm32f1xx.o(i.SystemInit)
    USART2_IRQHandler                        0x08002179   Thumb Code     6  stm32f1xx_it.o(i.USART2_IRQHandler)
    UsageFault_Handler                       0x08002185   Thumb Code     2  stm32f1xx_it.o(i.UsageFault_Handler)
    _is_digit                                0x080021a7   Thumb Code    14  __printf_wp.o(i._is_digit)
    main                                     0x080021b5   Thumb Code    92  main.o(i.main)
    osDelay                                  0x08002229   Thumb Code    46  cmsis_os2.o(i.osDelay)
    osKernelInitialize                       0x0800225d   Thumb Code    50  cmsis_os2.o(i.osKernelInitialize)
    osKernelStart                            0x08002295   Thumb Code    58  cmsis_os2.o(i.osKernelStart)
    osThreadNew                              0x080022d5   Thumb Code   160  cmsis_os2.o(i.osThreadNew)
    pvPortMalloc                             0x08002abd   Thumb Code   210  heap_4.o(i.pvPortMalloc)
    pxPortInitialiseStack                    0x08002b95   Thumb Code    32  port.o(i.pxPortInitialiseStack)
    uxListRemove                             0x08002bb9   Thumb Code    38  list.o(i.uxListRemove)
    vApplicationGetIdleTaskMemory            0x08002be1   Thumb Code    16  cmsis_os2.o(i.vApplicationGetIdleTaskMemory)
    vApplicationGetTimerTaskMemory           0x08002bf5   Thumb Code    18  cmsis_os2.o(i.vApplicationGetTimerTaskMemory)
    vListInitialise                          0x08002c0d   Thumb Code    22  list.o(i.vListInitialise)
    vListInitialiseItem                      0x08002c23   Thumb Code     6  list.o(i.vListInitialiseItem)
    vListInsert                              0x08002c29   Thumb Code    48  list.o(i.vListInsert)
    vListInsertEnd                           0x08002c59   Thumb Code    24  list.o(i.vListInsertEnd)
    vPortEnterCritical                       0x08002c71   Thumb Code    54  port.o(i.vPortEnterCritical)
    vPortExitCritical                        0x08002cb1   Thumb Code    34  port.o(i.vPortExitCritical)
    vPortFree                                0x08002cd9   Thumb Code    88  heap_4.o(i.vPortFree)
    vPortSetupTimerInterrupt                 0x08002d35   Thumb Code    32  port.o(i.vPortSetupTimerInterrupt)
    vPortValidateInterruptPriority           0x08002d59   Thumb Code    74  port.o(i.vPortValidateInterruptPriority)
    vQueueAddToRegistry                      0x08002dad   Thumb Code    34  queue.o(i.vQueueAddToRegistry)
    vQueueWaitForMessageRestricted           0x08002dd5   Thumb Code    68  queue.o(i.vQueueWaitForMessageRestricted)
    vTaskDelay                               0x08002e19   Thumb Code    66  tasks.o(i.vTaskDelay)
    vTaskInternalSetTimeOutState             0x08002e65   Thumb Code    12  tasks.o(i.vTaskInternalSetTimeOutState)
    vTaskMissedYield                         0x08002e75   Thumb Code     8  tasks.o(i.vTaskMissedYield)
    vTaskPlaceOnEventList                    0x08002e81   Thumb Code    44  tasks.o(i.vTaskPlaceOnEventList)
    vTaskPlaceOnEventListRestricted          0x08002eb1   Thumb Code    52  tasks.o(i.vTaskPlaceOnEventListRestricted)
    vTaskStartScheduler                      0x08002ee9   Thumb Code   118  tasks.o(i.vTaskStartScheduler)
    vTaskSuspendAll                          0x08002f71   Thumb Code    10  tasks.o(i.vTaskSuspendAll)
    vTaskSwitchContext                       0x08002f81   Thumb Code    90  tasks.o(i.vTaskSwitchContext)
    xPortStartScheduler                      0x08002fe5   Thumb Code   154  port.o(i.xPortStartScheduler)
    xPortSysTickHandler                      0x0800308d   Thumb Code    38  port.o(i.xPortSysTickHandler)
    xQueueGenericCreateStatic                0x080030b9   Thumb Code   102  queue.o(i.xQueueGenericCreateStatic)
    xQueueGenericReset                       0x08003121   Thumb Code   132  queue.o(i.xQueueGenericReset)
    xQueueGenericSend                        0x080031a9   Thumb Code   346  queue.o(i.xQueueGenericSend)
    xQueueGenericSendFromISR                 0x08003309   Thumb Code   188  queue.o(i.xQueueGenericSendFromISR)
    xQueueReceive                            0x080033c5   Thumb Code   308  queue.o(i.xQueueReceive)
    xTaskCheckForTimeOut                     0x080034fd   Thumb Code   112  tasks.o(i.xTaskCheckForTimeOut)
    xTaskCreate                              0x08003571   Thumb Code    90  tasks.o(i.xTaskCreate)
    xTaskCreateStatic                        0x080035cb   Thumb Code    86  tasks.o(i.xTaskCreateStatic)
    xTaskGetSchedulerState                   0x08003621   Thumb Code    22  tasks.o(i.xTaskGetSchedulerState)
    xTaskGetTickCount                        0x0800363d   Thumb Code     6  tasks.o(i.xTaskGetTickCount)
    xTaskIncrementTick                       0x08003649   Thumb Code   190  tasks.o(i.xTaskIncrementTick)
    xTaskPriorityDisinherit                  0x08003711   Thumb Code   118  tasks.o(i.xTaskPriorityDisinherit)
    xTaskRemoveFromEventList                 0x08003791   Thumb Code    98  tasks.o(i.xTaskRemoveFromEventList)
    xTaskResumeAll                           0x08003801   Thumb Code   182  tasks.o(i.xTaskResumeAll)
    xTimerCreateTimerTask                    0x080038c5   Thumb Code    78  timers.o(i.xTimerCreateTimerTask)
    xTimerGenericCommand                     0x08003925   Thumb Code    98  timers.o(i.xTimerGenericCommand)
    Task_UART_attributes                     0x0800398c   Data          36  main.o(.constdata)
    TaskTime_attributes                      0x080039b0   Data          36  main.o(.constdata)
    AHBPrescTable                            0x080039d4   Data          16  system_stm32f1xx.o(.constdata)
    APBPrescTable                            0x080039e4   Data           8  system_stm32f1xx.o(.constdata)
    Region$$Table$$Base                      0x08003a18   Number         0  anon$$obj.o(Region$$Table)
    Region$$Table$$Limit                     0x08003a38   Number         0  anon$$obj.o(Region$$Table)
    sTime                                    0x20000000   Data           3  main.o(.data)
    Task_UARTHandle                          0x20000004   Data           4  main.o(.data)
    TaskTimeHandle                           0x20000008   Data           4  main.o(.data)
    uwTickFreq                               0x2000000c   Data           1  stm32f1xx_hal.o(.data)
    uwTickPrio                               0x20000010   Data           4  stm32f1xx_hal.o(.data)
    uwTick                                   0x20000014   Data           4  stm32f1xx_hal.o(.data)
    SystemCoreClock                          0x20000018   Data           4  system_stm32f1xx.o(.data)
    pxCurrentTCB                             0x2000001c   Data           4  tasks.o(.data)
    hrtc                                     0x20000094   Data          20  main.o(.bss)
    huart2                                   0x200000a8   Data          68  main.o(.bss)
    time                                     0x200000ec   Data          30  main.o(.bss)
    xQueueRegistry                           0x2000010c   Data          64  queue.o(.bss)
    __libspace_start                         0x200019e0   Data          96  libspace.o(.bss)
    __temporary_stack_top$libspace           0x20001a40   Data           0  libspace.o(.bss)



==============================================================================

Memory Map of the image

  Image Entry point : 0x080000ed

  Load Region LR_IROM1 (Base: 0x08000000, Size: 0x00003acc, Max: 0x00010000, ABSOLUTE)

    Execution Region ER_IROM1 (Exec base: 0x08000000, Load base: 0x08000000, Size: 0x00003a38, Max: 0x00010000, ABSOLUTE)

    Exec Addr    Load Addr    Size         Type   Attr      Idx    E Section Name        Object

    0x08000000   0x08000000   0x000000ec   Data   RO            3    RESET               startup_stm32f103xb.o
    0x080000ec   0x080000ec   0x00000008   Code   RO         3738  * !!!main             c_w.l(__main.o)
    0x080000f4   0x080000f4   0x00000034   Code   RO         3908    !!!scatter          c_w.l(__scatter.o)
    0x08000128   0x08000128   0x0000001a   Code   RO         3910    !!handler_copy      c_w.l(__scatter_copy.o)
    0x08000142   0x08000142   0x00000002   PAD
    0x08000144   0x08000144   0x0000001c   Code   RO         3912    !!handler_zi        c_w.l(__scatter_zi.o)
    0x08000160   0x08000160   0x00000000   Code   RO         3727    .ARM.Collect$$_printf_percent$$00000000  c_w.l(_printf_percent.o)
    0x08000160   0x08000160   0x00000006   Code   RO         3726    .ARM.Collect$$_printf_percent$$00000009  c_w.l(_printf_d.o)
    0x08000166   0x08000166   0x00000004   Code   RO         3747    .ARM.Collect$$_printf_percent$$00000017  c_w.l(_printf_percent_end.o)
    0x0800016a   0x0800016a   0x00000002   Code   RO         3778    .ARM.Collect$$libinit$$00000000  c_w.l(libinit.o)
    0x0800016c   0x0800016c   0x00000000   Code   RO         3785    .ARM.Collect$$libinit$$00000002  c_w.l(libinit2.o)
    0x0800016c   0x0800016c   0x00000000   Code   RO         3787    .ARM.Collect$$libinit$$00000004  c_w.l(libinit2.o)
    0x0800016c   0x0800016c   0x00000000   Code   RO         3790    .ARM.Collect$$libinit$$0000000A  c_w.l(libinit2.o)
    0x0800016c   0x0800016c   0x00000000   Code   RO         3792    .ARM.Collect$$libinit$$0000000C  c_w.l(libinit2.o)
    0x0800016c   0x0800016c   0x00000000   Code   RO         3794    .ARM.Collect$$libinit$$0000000E  c_w.l(libinit2.o)
    0x0800016c   0x0800016c   0x00000000   Code   RO         3797    .ARM.Collect$$libinit$$00000011  c_w.l(libinit2.o)
    0x0800016c   0x0800016c   0x00000000   Code   RO         3799    .ARM.Collect$$libinit$$00000013  c_w.l(libinit2.o)
    0x0800016c   0x0800016c   0x00000000   Code   RO         3801    .ARM.Collect$$libinit$$00000015  c_w.l(libinit2.o)
    0x0800016c   0x0800016c   0x00000000   Code   RO         3803    .ARM.Collect$$libinit$$00000017  c_w.l(libinit2.o)
    0x0800016c   0x0800016c   0x00000000   Code   RO         3805    .ARM.Collect$$libinit$$00000019  c_w.l(libinit2.o)
    0x0800016c   0x0800016c   0x00000000   Code   RO         3807    .ARM.Collect$$libinit$$0000001B  c_w.l(libinit2.o)
    0x0800016c   0x0800016c   0x00000000   Code   RO         3809    .ARM.Collect$$libinit$$0000001D  c_w.l(libinit2.o)
    0x0800016c   0x0800016c   0x00000000   Code   RO         3811    .ARM.Collect$$libinit$$0000001F  c_w.l(libinit2.o)
    0x0800016c   0x0800016c   0x00000000   Code   RO         3813    .ARM.Collect$$libinit$$00000021  c_w.l(libinit2.o)
    0x0800016c   0x0800016c   0x00000000   Code   RO         3815    .ARM.Collect$$libinit$$00000023  c_w.l(libinit2.o)
    0x0800016c   0x0800016c   0x00000000   Code   RO         3817    .ARM.Collect$$libinit$$00000025  c_w.l(libinit2.o)
    0x0800016c   0x0800016c   0x00000000   Code   RO         3821    .ARM.Collect$$libinit$$0000002C  c_w.l(libinit2.o)
    0x0800016c   0x0800016c   0x00000000   Code   RO         3823    .ARM.Collect$$libinit$$0000002E  c_w.l(libinit2.o)
    0x0800016c   0x0800016c   0x00000000   Code   RO         3825    .ARM.Collect$$libinit$$00000030  c_w.l(libinit2.o)
    0x0800016c   0x0800016c   0x00000000   Code   RO         3827    .ARM.Collect$$libinit$$00000032  c_w.l(libinit2.o)
    0x0800016c   0x0800016c   0x00000002   Code   RO         3828    .ARM.Collect$$libinit$$00000033  c_w.l(libinit2.o)
    0x0800016e   0x0800016e   0x00000002   Code   RO         3848    .ARM.Collect$$libshutdown$$00000000  c_w.l(libshutdown.o)
    0x08000170   0x08000170   0x00000000   Code   RO         3861    .ARM.Collect$$libshutdown$$00000002  c_w.l(libshutdown2.o)
    0x08000170   0x08000170   0x00000000   Code   RO         3863    .ARM.Collect$$libshutdown$$00000004  c_w.l(libshutdown2.o)
    0x08000170   0x08000170   0x00000000   Code   RO         3866    .ARM.Collect$$libshutdown$$00000007  c_w.l(libshutdown2.o)
    0x08000170   0x08000170   0x00000000   Code   RO         3869    .ARM.Collect$$libshutdown$$0000000A  c_w.l(libshutdown2.o)
    0x08000170   0x08000170   0x00000000   Code   RO         3871    .ARM.Collect$$libshutdown$$0000000C  c_w.l(libshutdown2.o)
    0x08000170   0x08000170   0x00000000   Code   RO         3874    .ARM.Collect$$libshutdown$$0000000F  c_w.l(libshutdown2.o)
    0x08000170   0x08000170   0x00000002   Code   RO         3875    .ARM.Collect$$libshutdown$$00000010  c_w.l(libshutdown2.o)
    0x08000172   0x08000172   0x00000000   Code   RO         3740    .ARM.Collect$$rtentry$$00000000  c_w.l(__rtentry.o)
    0x08000172   0x08000172   0x00000000   Code   RO         3753    .ARM.Collect$$rtentry$$00000002  c_w.l(__rtentry2.o)
    0x08000172   0x08000172   0x00000006   Code   RO         3765    .ARM.Collect$$rtentry$$00000004  c_w.l(__rtentry4.o)
    0x08000178   0x08000178   0x00000000   Code   RO         3755    .ARM.Collect$$rtentry$$00000009  c_w.l(__rtentry2.o)
    0x08000178   0x08000178   0x00000004   Code   RO         3756    .ARM.Collect$$rtentry$$0000000A  c_w.l(__rtentry2.o)
    0x0800017c   0x0800017c   0x00000000   Code   RO         3758    .ARM.Collect$$rtentry$$0000000C  c_w.l(__rtentry2.o)
    0x0800017c   0x0800017c   0x00000008   Code   RO         3759    .ARM.Collect$$rtentry$$0000000D  c_w.l(__rtentry2.o)
    0x08000184   0x08000184   0x00000002   Code   RO         3782    .ARM.Collect$$rtexit$$00000000  c_w.l(rtexit.o)
    0x08000186   0x08000186   0x00000000   Code   RO         3830    .ARM.Collect$$rtexit$$00000002  c_w.l(rtexit2.o)
    0x08000186   0x08000186   0x00000004   Code   RO         3831    .ARM.Collect$$rtexit$$00000003  c_w.l(rtexit2.o)
    0x0800018a   0x0800018a   0x00000006   Code   RO         3832    .ARM.Collect$$rtexit$$00000004  c_w.l(rtexit2.o)
    0x08000190   0x08000190   0x00000096   Code   RO         3615    .emb_text           port.o
    0x08000226   0x08000226   0x00000002   PAD
    0x08000228   0x08000228   0x00000040   Code   RO            4    .text               startup_stm32f103xb.o
    0x08000268   0x08000268   0x00000028   Code   RO         3698    .text               c_w.l(noretval__2sprintf.o)
    0x08000290   0x08000290   0x0000004e   Code   RO         3702    .text               c_w.l(_printf_pad.o)
    0x080002de   0x080002de   0x00000002   PAD
    0x080002e0   0x080002e0   0x00000078   Code   RO         3704    .text               c_w.l(_printf_dec.o)
    0x08000358   0x08000358   0x00000138   Code   RO         3718    .text               c_w.l(__printf_flags_wp.o)
    0x08000490   0x08000490   0x0000008a   Code   RO         3728    .text               c_w.l(rt_memcpy_v6.o)
    0x0800051a   0x0800051a   0x00000010   Code   RO         3732    .text               c_w.l(aeabi_memset.o)
    0x0800052a   0x0800052a   0x0000004e   Code   RO         3734    .text               c_w.l(rt_memclr_w.o)
    0x08000578   0x08000578   0x00000006   Code   RO         3736    .text               c_w.l(heapauxi.o)
    0x0800057e   0x0800057e   0x000000b2   Code   RO         3741    .text               c_w.l(_printf_intcommon.o)
    0x08000630   0x08000630   0x00000030   Code   RO         3743    .text               c_w.l(_printf_char_common.o)
    0x08000660   0x08000660   0x0000000a   Code   RO         3745    .text               c_w.l(_sputc.o)
    0x0800066a   0x0800066a   0x00000064   Code   RO         3748    .text               c_w.l(rt_memcpy_w.o)
    0x080006ce   0x080006ce   0x00000044   Code   RO         3750    .text               c_w.l(rt_memclr.o)
    0x08000712   0x08000712   0x0000004a   Code   RO         3769    .text               c_w.l(sys_stackheap_outer.o)
    0x0800075c   0x0800075c   0x00000012   Code   RO         3771    .text               c_w.l(exit.o)
    0x0800076e   0x0800076e   0x00000002   PAD
    0x08000770   0x08000770   0x00000008   Code   RO         3779    .text               c_w.l(libspace.o)
    0x08000778   0x08000778   0x0000000c   Code   RO         3840    .text               c_w.l(sys_exit.o)
    0x08000784   0x08000784   0x00000002   Code   RO         3851    .text               c_w.l(use_no_semi.o)
    0x08000786   0x08000786   0x00000000   Code   RO         3853    .text               c_w.l(indicate_semi.o)
    0x08000786   0x08000786   0x00000002   Code   RO          238    i.BusFault_Handler  stm32f1xx_it.o
    0x08000788   0x08000788   0x00000002   Code   RO          239    i.DebugMon_Handler  stm32f1xx_it.o
    0x0800078a   0x0800078a   0x00000046   Code   RO          777    i.HAL_DMA_Abort     stm32f1xx_hal_dma.o
    0x080007d0   0x080007d0   0x00000098   Code   RO          778    i.HAL_DMA_Abort_IT  stm32f1xx_hal_dma.o
    0x08000868   0x08000868   0x000001e0   Code   RO          713    i.HAL_GPIO_Init     stm32f1xx_hal_gpio.o
    0x08000a48   0x08000a48   0x0000000a   Code   RO          717    i.HAL_GPIO_WritePin  stm32f1xx_hal_gpio.o
    0x08000a52   0x08000a52   0x00000002   PAD
    0x08000a54   0x08000a54   0x0000000c   Code   RO          409    i.HAL_GetTick       stm32f1xx_hal.o
    0x08000a60   0x08000a60   0x00000010   Code   RO          415    i.HAL_IncTick       stm32f1xx_hal.o
    0x08000a70   0x08000a70   0x00000024   Code   RO          416    i.HAL_Init          stm32f1xx_hal.o
    0x08000a94   0x08000a94   0x00000040   Code   RO          417    i.HAL_InitTick      stm32f1xx_hal.o
    0x08000ad4   0x08000ad4   0x00000048   Code   RO          314    i.HAL_MspInit       stm32f1xx_hal_msp.o
    0x08000b1c   0x08000b1c   0x0000001a   Code   RO          873    i.HAL_NVIC_EnableIRQ  stm32f1xx_hal_cortex.o
    0x08000b36   0x08000b36   0x00000002   PAD
    0x08000b38   0x08000b38   0x00000040   Code   RO          879    i.HAL_NVIC_SetPriority  stm32f1xx_hal_cortex.o
    0x08000b78   0x08000b78   0x00000024   Code   RO          880    i.HAL_NVIC_SetPriorityGrouping  stm32f1xx_hal_cortex.o
    0x08000b9c   0x08000b9c   0x0000000c   Code   RO          995    i.HAL_PWR_EnableBkUpAccess  stm32f1xx_hal_pwr.o
    0x08000ba8   0x08000ba8   0x000000c8   Code   RO          675    i.HAL_RCCEx_GetPeriphCLKFreq  stm32f1xx_hal_rcc_ex.o
    0x08000c70   0x08000c70   0x000000ec   Code   RO          676    i.HAL_RCCEx_PeriphCLKConfig  stm32f1xx_hal_rcc_ex.o
    0x08000d5c   0x08000d5c   0x0000012c   Code   RO          573    i.HAL_RCC_ClockConfig  stm32f1xx_hal_rcc.o
    0x08000e88   0x08000e88   0x00000020   Code   RO          580    i.HAL_RCC_GetPCLK1Freq  stm32f1xx_hal_rcc.o
    0x08000ea8   0x08000ea8   0x00000020   Code   RO          581    i.HAL_RCC_GetPCLK2Freq  stm32f1xx_hal_rcc.o
    0x08000ec8   0x08000ec8   0x0000006c   Code   RO          582    i.HAL_RCC_GetSysClockFreq  stm32f1xx_hal_rcc.o
    0x08000f34   0x08000f34   0x00000320   Code   RO          585    i.HAL_RCC_OscConfig  stm32f1xx_hal_rcc.o
    0x08001254   0x08001254   0x00000010   Code   RO         1543    i.HAL_RTCEx_BKUPRead  stm32f1xx_hal_rtc_ex.o
    0x08001264   0x08001264   0x00000010   Code   RO         1544    i.HAL_RTCEx_BKUPWrite  stm32f1xx_hal_rtc_ex.o
    0x08001274   0x08001274   0x00000038   Code   RO           14    i.HAL_RTC_AlarmAEventCallback  main.o
    0x080012ac   0x080012ac   0x00000034   Code   RO         1374    i.HAL_RTC_AlarmIRQHandler  stm32f1xx_hal_rtc.o
    0x080012e0   0x080012e0   0x000000d8   Code   RO         1380    i.HAL_RTC_GetTime   stm32f1xx_hal_rtc.o
    0x080013b8   0x080013b8   0x000000a0   Code   RO         1381    i.HAL_RTC_Init      stm32f1xx_hal_rtc.o
    0x08001458   0x08001458   0x00000048   Code   RO          316    i.HAL_RTC_MspInit   stm32f1xx_hal_msp.o
    0x080014a0   0x080014a0   0x000000ec   Code   RO         1386    i.HAL_RTC_SetAlarm_IT  stm32f1xx_hal_rtc.o
    0x0800158c   0x0800158c   0x000000c4   Code   RO         1387    i.HAL_RTC_SetDate   stm32f1xx_hal_rtc.o
    0x08001650   0x08001650   0x000000ac   Code   RO         1388    i.HAL_RTC_SetTime   stm32f1xx_hal_rtc.o
    0x080016fc   0x080016fc   0x0000003a   Code   RO         1389    i.HAL_RTC_WaitForSynchro  stm32f1xx_hal_rtc.o
    0x08001736   0x08001736   0x00000028   Code   RO          884    i.HAL_SYSTICK_Config  stm32f1xx_hal_cortex.o
    0x0800175e   0x0800175e   0x00000002   Code   RO         1692    i.HAL_UARTEx_RxEventCallback  stm32f1xx_hal_uart.o
    0x08001760   0x08001760   0x00000002   Code   RO         1706    i.HAL_UART_ErrorCallback  stm32f1xx_hal_uart.o
    0x08001762   0x08001762   0x00000002   PAD
    0x08001764   0x08001764   0x0000020c   Code   RO         1709    i.HAL_UART_IRQHandler  stm32f1xx_hal_uart.o
    0x08001970   0x08001970   0x00000062   Code   RO         1710    i.HAL_UART_Init     stm32f1xx_hal_uart.o
    0x080019d2   0x080019d2   0x00000002   PAD
    0x080019d4   0x080019d4   0x00000080   Code   RO          318    i.HAL_UART_MspInit  stm32f1xx_hal_msp.o
    0x08001a54   0x08001a54   0x00000002   Code   RO         1716    i.HAL_UART_RxCpltCallback  stm32f1xx_hal_uart.o
    0x08001a56   0x08001a56   0x00000002   PAD
    0x08001a58   0x08001a58   0x000000b2   Code   RO         1718    i.HAL_UART_Transmit  stm32f1xx_hal_uart.o
    0x08001b0a   0x08001b0a   0x00000002   Code   RO         1721    i.HAL_UART_TxCpltCallback  stm32f1xx_hal_uart.o
    0x08001b0c   0x08001b0c   0x00000002   Code   RO          240    i.HardFault_Handler  stm32f1xx_it.o
    0x08001b0e   0x08001b0e   0x00000002   PAD
    0x08001b10   0x08001b10   0x00000070   Code   RO           15    i.MX_GPIO_Init      main.o
    0x08001b80   0x08001b80   0x000000b0   Code   RO           16    i.MX_RTC_Init       main.o
    0x08001c30   0x08001c30   0x00000002   Code   RO          241    i.MemManage_Handler  stm32f1xx_it.o
    0x08001c32   0x08001c32   0x00000002   Code   RO          242    i.NMI_Handler       stm32f1xx_it.o
    0x08001c34   0x08001c34   0x0000000c   Code   RO          243    i.RTC_Alarm_IRQHandler  stm32f1xx_it.o
    0x08001c40   0x08001c40   0x00000012   Code   RO         1390    i.RTC_Bcd2ToByte    stm32f1xx_hal_rtc.o
    0x08001c52   0x08001c52   0x00000016   Code   RO         1391    i.RTC_ByteToBcd2    stm32f1xx_hal_rtc.o
    0x08001c68   0x08001c68   0x000000ae   Code   RO         1392    i.RTC_DateUpdate    stm32f1xx_hal_rtc.o
    0x08001d16   0x08001d16   0x00000034   Code   RO         1393    i.RTC_EnterInitMode  stm32f1xx_hal_rtc.o
    0x08001d4a   0x08001d4a   0x00000002   PAD
    0x08001d4c   0x08001d4c   0x00000036   Code   RO         1394    i.RTC_ExitInitMode  stm32f1xx_hal_rtc.o
    0x08001d82   0x08001d82   0x0000000e   Code   RO         1395    i.RTC_ReadAlarmCounter  stm32f1xx_hal_rtc.o
    0x08001d90   0x08001d90   0x00000020   Code   RO         1396    i.RTC_ReadTimeCounter  stm32f1xx_hal_rtc.o
    0x08001db0   0x08001db0   0x00000056   Code   RO         1397    i.RTC_WeekDayNum    stm32f1xx_hal_rtc.o
    0x08001e06   0x08001e06   0x00000028   Code   RO         1398    i.RTC_WriteAlarmCounter  stm32f1xx_hal_rtc.o
    0x08001e2e   0x08001e2e   0x00000028   Code   RO         1399    i.RTC_WriteTimeCounter  stm32f1xx_hal_rtc.o
    0x08001e56   0x08001e56   0x00000002   PAD
    0x08001e58   0x08001e58   0x00000020   Code   RO           17    i.StartTaskTime     main.o
    0x08001e78   0x08001e78   0x00000054   Code   RO           18    i.StartTask_UART    main.o
    0x08001ecc   0x08001ecc   0x00000018   Code   RO          244    i.SysTick_Handler   stm32f1xx_it.o
    0x08001ee4   0x08001ee4   0x00000080   Code   RO           19    i.SystemClock_Config  main.o
    0x08001f64   0x08001f64   0x00000002   Code   RO         2039    i.SystemInit        system_stm32f1xx.o
    0x08001f66   0x08001f66   0x00000010   Code   RO         1723    i.UART_DMAAbortOnError  stm32f1xx_hal_uart.o
    0x08001f76   0x08001f76   0x00000030   Code   RO         1733    i.UART_EndRxTransfer  stm32f1xx_hal_uart.o
    0x08001fa6   0x08001fa6   0x000000b6   Code   RO         1735    i.UART_Receive_IT   stm32f1xx_hal_uart.o
    0x0800205c   0x0800205c   0x000000b8   Code   RO         1736    i.UART_SetConfig    stm32f1xx_hal_uart.o
    0x08002114   0x08002114   0x00000064   Code   RO         1739    i.UART_WaitOnFlagUntilTimeout  stm32f1xx_hal_uart.o
    0x08002178   0x08002178   0x0000000c   Code   RO          245    i.USART2_IRQHandler  stm32f1xx_it.o
    0x08002184   0x08002184   0x00000002   Code   RO          246    i.UsageFault_Handler  stm32f1xx_it.o
    0x08002186   0x08002186   0x00000020   Code   RO          886    i.__NVIC_SetPriority  stm32f1xx_hal_cortex.o
    0x080021a6   0x080021a6   0x0000000e   Code   RO         3716    i._is_digit         c_w.l(__printf_wp.o)
    0x080021b4   0x080021b4   0x00000074   Code   RO           20    i.main              main.o
    0x08002228   0x08002228   0x00000034   Code   RO         3145    i.osDelay           cmsis_os2.o
    0x0800225c   0x0800225c   0x00000038   Code   RO         3159    i.osKernelInitialize  cmsis_os2.o
    0x08002294   0x08002294   0x00000040   Code   RO         3162    i.osKernelStart     cmsis_os2.o
    0x080022d4   0x080022d4   0x000000a4   Code   RO         3196    i.osThreadNew       cmsis_os2.o
    0x08002378   0x08002378   0x0000005c   Code   RO         2641    i.prvAddCurrentTaskToDelayedList  tasks.o
    0x080023d4   0x080023d4   0x000000d0   Code   RO         2642    i.prvAddNewTaskToReadyList  tasks.o
    0x080024a4   0x080024a4   0x00000058   Code   RO         2991    i.prvCheckForValidListAndQueue  timers.o
    0x080024fc   0x080024fc   0x00000026   Code   RO         2244    i.prvCopyDataFromQueue  queue.o
    0x08002522   0x08002522   0x0000006c   Code   RO         2245    i.prvCopyDataToQueue  queue.o
    0x0800258e   0x0800258e   0x00000034   Code   RO         2643    i.prvDeleteTCB      tasks.o
    0x080025c2   0x080025c2   0x00000002   PAD
    0x080025c4   0x080025c4   0x0000004c   Code   RO         3566    i.prvHeapInit       heap_4.o
    0x08002610   0x08002610   0x00000060   Code   RO         2644    i.prvIdleTask       tasks.o
    0x08002670   0x08002670   0x00000022   Code   RO         2247    i.prvInitialiseNewQueue  queue.o
    0x08002692   0x08002692   0x0000009c   Code   RO         2645    i.prvInitialiseNewTask  tasks.o
    0x0800272e   0x0800272e   0x00000002   PAD
    0x08002730   0x08002730   0x0000004c   Code   RO         3567    i.prvInsertBlockIntoFreeList  heap_4.o
    0x0800277c   0x0800277c   0x00000038   Code   RO         2993    i.prvInsertTimerInActiveList  timers.o
    0x080027b4   0x080027b4   0x0000001c   Code   RO         2248    i.prvIsQueueEmpty   queue.o
    0x080027d0   0x080027d0   0x000000cc   Code   RO         2994    i.prvProcessReceivedCommands  timers.o
    0x0800289c   0x0800289c   0x000000b4   Code   RO         2995    i.prvProcessTimerOrBlockTask  timers.o
    0x08002950   0x08002950   0x00000020   Code   RO         2647    i.prvResetNextTaskUnblockTime  tasks.o
    0x08002970   0x08002970   0x00000028   Code   RO         2996    i.prvSampleTimeNow  timers.o
    0x08002998   0x08002998   0x0000006c   Code   RO         2997    i.prvSwitchTimerLists  timers.o
    0x08002a04   0x08002a04   0x00000028   Code   RO         3616    i.prvTaskExitError  port.o
    0x08002a2c   0x08002a2c   0x00000024   Code   RO         2998    i.prvTimerTask      timers.o
    0x08002a50   0x08002a50   0x0000006a   Code   RO         2249    i.prvUnlockQueue    queue.o
    0x08002aba   0x08002aba   0x00000002   PAD
    0x08002abc   0x08002abc   0x000000d8   Code   RO         3568    i.pvPortMalloc      heap_4.o
    0x08002b94   0x08002b94   0x00000024   Code   RO         3617    i.pxPortInitialiseStack  port.o
    0x08002bb8   0x08002bb8   0x00000026   Code   RO         2204    i.uxListRemove      list.o
    0x08002bde   0x08002bde   0x00000002   PAD
    0x08002be0   0x08002be0   0x00000014   Code   RO         3208    i.vApplicationGetIdleTaskMemory  cmsis_os2.o
    0x08002bf4   0x08002bf4   0x00000018   Code   RO         3209    i.vApplicationGetTimerTaskMemory  cmsis_os2.o
    0x08002c0c   0x08002c0c   0x00000016   Code   RO         2205    i.vListInitialise   list.o
    0x08002c22   0x08002c22   0x00000006   Code   RO         2206    i.vListInitialiseItem  list.o
    0x08002c28   0x08002c28   0x00000030   Code   RO         2207    i.vListInsert       list.o
    0x08002c58   0x08002c58   0x00000018   Code   RO         2208    i.vListInsertEnd    list.o
    0x08002c70   0x08002c70   0x00000040   Code   RO         3619    i.vPortEnterCritical  port.o
    0x08002cb0   0x08002cb0   0x00000028   Code   RO         3620    i.vPortExitCritical  port.o
    0x08002cd8   0x08002cd8   0x0000005c   Code   RO         3569    i.vPortFree         heap_4.o
    0x08002d34   0x08002d34   0x00000024   Code   RO         3621    i.vPortSetupTimerInterrupt  port.o
    0x08002d58   0x08002d58   0x00000054   Code   RO         3622    i.vPortValidateInterruptPriority  port.o
    0x08002dac   0x08002dac   0x00000028   Code   RO         2255    i.vQueueAddToRegistry  queue.o
    0x08002dd4   0x08002dd4   0x00000044   Code   RO         2259    i.vQueueWaitForMessageRestricted  queue.o
    0x08002e18   0x08002e18   0x0000004c   Code   RO         2659    i.vTaskDelay        tasks.o
    0x08002e64   0x08002e64   0x00000010   Code   RO         2664    i.vTaskInternalSetTimeOutState  tasks.o
    0x08002e74   0x08002e74   0x0000000c   Code   RO         2665    i.vTaskMissedYield  tasks.o
    0x08002e80   0x08002e80   0x00000030   Code   RO         2667    i.vTaskPlaceOnEventList  tasks.o
    0x08002eb0   0x08002eb0   0x00000038   Code   RO         2668    i.vTaskPlaceOnEventListRestricted  tasks.o
    0x08002ee8   0x08002ee8   0x00000088   Code   RO         2676    i.vTaskStartScheduler  tasks.o
    0x08002f70   0x08002f70   0x00000010   Code   RO         2678    i.vTaskSuspendAll   tasks.o
    0x08002f80   0x08002f80   0x00000064   Code   RO         2679    i.vTaskSwitchContext  tasks.o
    0x08002fe4   0x08002fe4   0x000000a8   Code   RO         3623    i.xPortStartScheduler  port.o
    0x0800308c   0x0800308c   0x0000002c   Code   RO         3624    i.xPortSysTickHandler  port.o
    0x080030b8   0x080030b8   0x00000066   Code   RO         2265    i.xQueueGenericCreateStatic  queue.o
    0x0800311e   0x0800311e   0x00000002   PAD
    0x08003120   0x08003120   0x00000088   Code   RO         2266    i.xQueueGenericReset  queue.o
    0x080031a8   0x080031a8   0x00000160   Code   RO         2267    i.xQueueGenericSend  queue.o
    0x08003308   0x08003308   0x000000bc   Code   RO         2268    i.xQueueGenericSendFromISR  queue.o
    0x080033c4   0x080033c4   0x00000138   Code   RO         2277    i.xQueueReceive     queue.o
    0x080034fc   0x080034fc   0x00000074   Code   RO         2680    i.xTaskCheckForTimeOut  tasks.o
    0x08003570   0x08003570   0x0000005a   Code   RO         2681    i.xTaskCreate       tasks.o
    0x080035ca   0x080035ca   0x00000056   Code   RO         2682    i.xTaskCreateStatic  tasks.o
    0x08003620   0x08003620   0x0000001c   Code   RO         2686    i.xTaskGetSchedulerState  tasks.o
    0x0800363c   0x0800363c   0x0000000c   Code   RO         2687    i.xTaskGetTickCount  tasks.o
    0x08003648   0x08003648   0x000000c8   Code   RO         2689    i.xTaskIncrementTick  tasks.o
    0x08003710   0x08003710   0x00000080   Code   RO         2692    i.xTaskPriorityDisinherit  tasks.o
    0x08003790   0x08003790   0x00000070   Code   RO         2694    i.xTaskRemoveFromEventList  tasks.o
    0x08003800   0x08003800   0x000000c4   Code   RO         2695    i.xTaskResumeAll    tasks.o
    0x080038c4   0x080038c4   0x00000060   Code   RO         3005    i.xTimerCreateTimerTask  timers.o
    0x08003924   0x08003924   0x00000068   Code   RO         3006    i.xTimerGenericCommand  timers.o
    0x0800398c   0x0800398c   0x00000048   Data   RO           22    .constdata          main.o
    0x080039d4   0x080039d4   0x00000010   Data   RO         2040    .constdata          system_stm32f1xx.o
    0x080039e4   0x080039e4   0x00000008   Data   RO         2041    .constdata          system_stm32f1xx.o
    0x080039ec   0x080039ec   0x00000011   Data   RO         3719    .constdata          c_w.l(__printf_flags_wp.o)
    0x080039fd   0x080039fd   0x00000003   PAD
    0x08003a00   0x08003a00   0x00000015   Data   RO           23    .conststring        main.o
    0x08003a15   0x08003a15   0x00000003   PAD
    0x08003a18   0x08003a18   0x00000020   Data   RO         3906    Region$$Table       anon$$obj.o


    Execution Region RW_IRAM1 (Exec base: 0x20000000, Load base: 0x08003a38, Size: 0x00002040, Max: 0x00005000, ABSOLUTE)

    Exec Addr    Load Addr    Size         Type   Attr      Idx    E Section Name        Object

    0x20000000   0x08003a38   0x0000000c   Data   RW           24    .data               main.o
    0x2000000c   0x08003a44   0x0000000c   Data   RW          423    .data               stm32f1xx_hal.o
    0x20000018   0x08003a50   0x00000004   Data   RW         2042    .data               system_stm32f1xx.o
    0x2000001c   0x08003a54   0x0000003c   Data   RW         2698    .data               tasks.o
    0x20000058   0x08003a90   0x00000014   Data   RW         3014    .data               timers.o
    0x2000006c   0x08003aa4   0x00000004   Data   RW         3211    .data               cmsis_os2.o
    0x20000070   0x08003aa8   0x00000018   Data   RW         3574    .data               heap_4.o
    0x20000088   0x08003ac0   0x0000000c   Data   RW         3625    .data               port.o
    0x20000094        -       0x00000076   Zero   RW           21    .bss                main.o
    0x2000010a   0x08003acc   0x00000002   PAD
    0x2000010c        -       0x00000040   Zero   RW         2281    .bss                queue.o
    0x2000014c        -       0x000004c4   Zero   RW         2697    .bss                tasks.o
    0x20000610        -       0x00000118   Zero   RW         3013    .bss                timers.o
    0x20000728        -       0x000006b8   Zero   RW         3210    .bss                cmsis_os2.o
    0x20000de0        -       0x00000c00   Zero   RW         3573    .bss                heap_4.o
    0x200019e0        -       0x00000060   Zero   RW         3780    .bss                c_w.l(libspace.o)
    0x20001a40        -       0x00000200   Zero   RW            2    HEAP                startup_stm32f103xb.o
    0x20001c40        -       0x00000400   Zero   RW            1    STACK               startup_stm32f103xb.o


==============================================================================

Image component sizes


      Code (inc. data)   RO Data    RW Data    ZI Data      Debug   Object Name

       380         32          0          4       1720      14970   cmsis_os2.o
         0          0          0          0          0      20520   event_groups.o
         0          0          0          0          0       2704   freertos.o
       460         24          0         24       3072       5043   heap_4.o
       138          0          0          0          0       3770   list.o
       704        108         93         12        118     416119   main.o
       662         70          0         12          0      11537   port.o
      1512         20          0          0         64      17816   queue.o
        64         26        236          0       1536        872   startup_stm32f103xb.o
       128         24          0         12          0       5717   stm32f1xx_hal.o
       198         14          0          0          0      29315   stm32f1xx_hal_cortex.o
       222          4          0          0          0       1951   stm32f1xx_hal_dma.o
       490         34          0          0          0       3072   stm32f1xx_hal_gpio.o
       272         36          0          0          0       2415   stm32f1xx_hal_msp.o
        12          4          0          0          0        575   stm32f1xx_hal_pwr.o
      1272        100          0          0          0       5548   stm32f1xx_hal_rcc.o
       436         46          0          0          0       2709   stm32f1xx_hal_rcc_ex.o
      1622         28          0          0          0      14622   stm32f1xx_hal_rtc.o
        32         10          0          0          0       1815   stm32f1xx_hal_rtc_ex.o
      1338         10          0          0          0      10448   stm32f1xx_hal_uart.o
        60         12          0          0          0       4502   stm32f1xx_it.o
         0          0          0          0          0       9008   stream_buffer.o
         2          0         24          4          0       1299   system_stm32f1xx.o
      2064        170          0         60       1220      24740   tasks.o
       912         82          0         20        280      26923   timers.o

    ----------------------------------------------------------------------
     13008        854        388        148       8012     638010   Object Totals
         0          0         32          0          0          0   (incl. Generated)
        28          0          3          0          2          0   (incl. Padding)

    ----------------------------------------------------------------------

      Code (inc. data)   RO Data    RW Data    ZI Data      Debug   Library Member Name

         8          0          0          0          0         68   __main.o
       312          4         17          0          0         92   __printf_flags_wp.o
        14          0          0          0          0         68   __printf_wp.o
         0          0          0          0          0          0   __rtentry.o
        12          0          0          0          0          0   __rtentry2.o
         6          0          0          0          0          0   __rtentry4.o
        52          8          0          0          0          0   __scatter.o
        26          0          0          0          0          0   __scatter_copy.o
        28          0          0          0          0          0   __scatter_zi.o
        48          6          0          0          0         96   _printf_char_common.o
         6          0          0          0          0          0   _printf_d.o
       120         16          0          0          0         92   _printf_dec.o
       178          0          0          0          0         88   _printf_intcommon.o
        78          0          0          0          0        108   _printf_pad.o
         0          0          0          0          0          0   _printf_percent.o
         4          0          0          0          0          0   _printf_percent_end.o
        10          0          0          0          0         68   _sputc.o
        16          0          0          0          0         68   aeabi_memset.o
        18          0          0          0          0         80   exit.o
         6          0          0          0          0        152   heapauxi.o
         0          0          0          0          0          0   indicate_semi.o
         2          0          0          0          0          0   libinit.o
         2          0          0          0          0          0   libinit2.o
         2          0          0          0          0          0   libshutdown.o
         2          0          0          0          0          0   libshutdown2.o
         8          4          0          0         96         68   libspace.o
        40          6          0          0          0         84   noretval__2sprintf.o
        68          0          0          0          0         68   rt_memclr.o
        78          0          0          0          0         80   rt_memclr_w.o
       138          0          0          0          0         68   rt_memcpy_v6.o
       100          0          0          0          0         80   rt_memcpy_w.o
         2          0          0          0          0          0   rtexit.o
        10          0          0          0          0          0   rtexit2.o
        12          4          0          0          0         68   sys_exit.o
        74          0          0          0          0         80   sys_stackheap_outer.o
         2          0          0          0          0         68   use_no_semi.o

    ----------------------------------------------------------------------
      1488         48         20          0         96       1644   Library Totals
         6          0          3          0          0          0   (incl. Padding)

    ----------------------------------------------------------------------

      Code (inc. data)   RO Data    RW Data    ZI Data      Debug   Library Name

      1482         48         17          0         96       1644   c_w.l

    ----------------------------------------------------------------------
      1488         48         20          0         96       1644   Library Totals

    ----------------------------------------------------------------------

==============================================================================


      Code (inc. data)   RO Data    RW Data    ZI Data      Debug   

     14496        902        408        148       8108     631798   Grand Totals
     14496        902        408        148       8108     631798   ELF Image Totals
     14496        902        408        148          0          0   ROM Totals

==============================================================================

    Total RO  Size (Code + RO Data)                14904 (  14.55kB)
    Total RW  Size (RW Data + ZI Data)              8256 (   8.06kB)
    Total ROM Size (Code + RO Data + RW Data)      15052 (  14.70kB)

==============================================================================

