Component: ARM Compiler 5.06 update 6 (build 750) Tool: armlink [4d35ed]

==============================================================================

Section Cross References

    startup_stm32f103xb.o(STACK) refers (Special) to heapauxi.o(.text) for __use_two_region_memory
    startup_stm32f103xb.o(HEAP) refers (Special) to heapauxi.o(.text) for __use_two_region_memory
    startup_stm32f103xb.o(RESET) refers (Special) to heapauxi.o(.text) for __use_two_region_memory
    startup_stm32f103xb.o(RESET) refers to startup_stm32f103xb.o(STACK) for __initial_sp
    startup_stm32f103xb.o(RESET) refers to startup_stm32f103xb.o(.text) for Reset_Handler
    startup_stm32f103xb.o(RESET) refers to stm32f1xx_it.o(i.NMI_Handler) for NMI_Handler
    startup_stm32f103xb.o(RESET) refers to stm32f1xx_it.o(i.HardFault_Handler) for HardFault_Handler
    startup_stm32f103xb.o(RESET) refers to stm32f1xx_it.o(i.MemManage_Handler) for MemManage_Handler
    startup_stm32f103xb.o(RESET) refers to stm32f1xx_it.o(i.BusFault_Handler) for BusFault_Handler
    startup_stm32f103xb.o(RESET) refers to stm32f1xx_it.o(i.UsageFault_Handler) for UsageFault_Handler
    startup_stm32f103xb.o(RESET) refers to port.o(.emb_text) for SVC_Handler
    startup_stm32f103xb.o(RESET) refers to stm32f1xx_it.o(i.DebugMon_Handler) for DebugMon_Handler
    startup_stm32f103xb.o(RESET) refers to stm32f1xx_it.o(i.SysTick_Handler) for SysTick_Handler
    startup_stm32f103xb.o(RESET) refers to stm32f1xx_it.o(i.USART2_IRQHandler) for USART2_IRQHandler
    startup_stm32f103xb.o(.text) refers (Special) to heapauxi.o(.text) for __use_two_region_memory
    startup_stm32f103xb.o(.text) refers to system_stm32f1xx.o(i.SystemInit) for SystemInit
    startup_stm32f103xb.o(.text) refers to __main.o(!!!main) for __main
    startup_stm32f103xb.o(.text) refers to startup_stm32f103xb.o(HEAP) for Heap_Mem
    startup_stm32f103xb.o(.text) refers to startup_stm32f103xb.o(STACK) for Stack_Mem
    main.o(i.MX_ADC1_Init) refers to stm32f1xx_hal_adc.o(i.HAL_ADC_Init) for HAL_ADC_Init
    main.o(i.MX_ADC1_Init) refers to stm32f1xx_hal_adc.o(i.HAL_ADC_ConfigChannel) for HAL_ADC_ConfigChannel
    main.o(i.MX_ADC1_Init) refers to main.o(.bss) for .bss
    main.o(i.StartDefaultTask) refers to stm32f1xx_hal_adc.o(i.HAL_ADC_Start) for HAL_ADC_Start
    main.o(i.StartDefaultTask) refers to stm32f1xx_hal_adc.o(i.HAL_ADC_GetValue) for HAL_ADC_GetValue
    main.o(i.StartDefaultTask) refers to stm32f1xx_hal_adc.o(i.HAL_ADC_Stop) for HAL_ADC_Stop
    main.o(i.StartDefaultTask) refers to cmsis_os2.o(i.osDelay) for osDelay
    main.o(i.StartDefaultTask) refers to fflt_clz.o(x$fpl$ffltu) for __aeabi_ui2f
    main.o(i.StartDefaultTask) refers to fdiv.o(x$fpl$fdiv) for __aeabi_fdiv
    main.o(i.StartDefaultTask) refers to f2d.o(x$fpl$f2d) for __aeabi_f2d
    main.o(i.StartDefaultTask) refers to dmul.o(x$fpl$dmul) for __aeabi_dmul
    main.o(i.StartDefaultTask) refers to ddiv.o(x$fpl$ddiv) for __aeabi_ddiv
    main.o(i.StartDefaultTask) refers to d2f.o(x$fpl$d2f) for __aeabi_d2f
    main.o(i.StartDefaultTask) refers to main.o(.bss) for .bss
    main.o(i.StartDefaultTask) refers to main.o(.data) for .data
    main.o(i.StartTask02) refers to _printf_percent.o(.ARM.Collect$$_printf_percent$$00000000) for _printf_percent
    main.o(i.StartTask02) refers to _printf_f.o(.ARM.Collect$$_printf_percent$$00000003) for _printf_f
    main.o(i.StartTask02) refers to printf1.o(x$fpl$printf1) for _printf_fp_dec
    main.o(i.StartTask02) refers to f2d.o(x$fpl$f2d) for __aeabi_f2d
    main.o(i.StartTask02) refers to noretval__2sprintf.o(.text) for __2sprintf
    main.o(i.StartTask02) refers to stm32f1xx_hal_uart.o(i.HAL_UART_Transmit) for HAL_UART_Transmit
    main.o(i.StartTask02) refers to cmsis_os2.o(i.osDelay) for osDelay
    main.o(i.StartTask02) refers to main.o(.data) for .data
    main.o(i.StartTask02) refers to main.o(.bss) for .bss
    main.o(i.SystemClock_Config) refers to rt_memclr_w.o(.text) for __aeabi_memclr4
    main.o(i.SystemClock_Config) refers to stm32f1xx_hal_rcc.o(i.HAL_RCC_OscConfig) for HAL_RCC_OscConfig
    main.o(i.SystemClock_Config) refers to stm32f1xx_hal_rcc.o(i.HAL_RCC_ClockConfig) for HAL_RCC_ClockConfig
    main.o(i.SystemClock_Config) refers to stm32f1xx_hal_rcc_ex.o(i.HAL_RCCEx_PeriphCLKConfig) for HAL_RCCEx_PeriphCLKConfig
    main.o(i.main) refers to stm32f1xx_hal.o(i.HAL_Init) for HAL_Init
    main.o(i.main) refers to main.o(i.SystemClock_Config) for SystemClock_Config
    main.o(i.main) refers to main.o(i.MX_ADC1_Init) for MX_ADC1_Init
    main.o(i.main) refers to stm32f1xx_hal_uart.o(i.HAL_UART_Init) for HAL_UART_Init
    main.o(i.main) refers to cmsis_os2.o(i.osKernelInitialize) for osKernelInitialize
    main.o(i.main) refers to cmsis_os2.o(i.osThreadNew) for osThreadNew
    main.o(i.main) refers to cmsis_os2.o(i.osKernelStart) for osKernelStart
    main.o(i.main) refers to main.o(.bss) for .bss
    main.o(i.main) refers to main.o(.constdata) for .constdata
[...]
    CL$$btod_e2e                             0x08000ffe   Section      220  btod.o(CL$$btod_e2e)
    CL$$btod_ediv                            0x080010da   Section       42  btod.o(CL$$btod_ediv)
    CL$$btod_emul                            0x08001104   Section       42  btod.o(CL$$btod_emul)
    CL$$btod_mult_common                     0x0800112e   Section      580  btod.o(CL$$btod_mult_common)
    i.ADC_ConversionStop_Disable             0x08001374   Section        0  stm32f1xx_hal_adc.o(i.ADC_ConversionStop_Disable)
    i.ADC_Enable                             0x080013cc   Section        0  stm32f1xx_hal_adc.o(i.ADC_Enable)
    i.BusFault_Handler                       0x08001448   Section        0  stm32f1xx_it.o(i.BusFault_Handler)
    i.DebugMon_Handler                       0x0800144a   Section        0  stm32f1xx_it.o(i.DebugMon_Handler)
    i.HAL_ADC_ConfigChannel                  0x0800144c   Section        0  stm32f1xx_hal_adc.o(i.HAL_ADC_ConfigChannel)
    i.HAL_ADC_GetValue                       0x08001548   Section        0  stm32f1xx_hal_adc.o(i.HAL_ADC_GetValue)
    i.HAL_ADC_Init                           0x08001550   Section        0  stm32f1xx_hal_adc.o(i.HAL_ADC_Init)
    i.HAL_ADC_MspInit                        0x0800166c   Section        0  stm32f1xx_hal_msp.o(i.HAL_ADC_MspInit)
    i.HAL_ADC_Start                          0x080016c4   Section        0  stm32f1xx_hal_adc.o(i.HAL_ADC_Start)
    i.HAL_ADC_Stop                           0x08001784   Section        0  stm32f1xx_hal_adc.o(i.HAL_ADC_Stop)
    i.HAL_DMA_Abort                          0x080017b8   Section        0  stm32f1xx_hal_dma.o(i.HAL_DMA_Abort)
    i.HAL_DMA_Abort_IT                       0x08001800   Section        0  stm32f1xx_hal_dma.o(i.HAL_DMA_Abort_IT)
    i.HAL_GPIO_Init                          0x08001898   Section        0  stm32f1xx_hal_gpio.o(i.HAL_GPIO_Init)
    i.HAL_GetTick                            0x08001a78   Section        0  stm32f1xx_hal.o(i.HAL_GetTick)
    i.HAL_IncTick                            0x08001a84   Section        0  stm32f1xx_hal.o(i.HAL_IncTick)
    i.HAL_Init                               0x08001a94   Section        0  stm32f1xx_hal.o(i.HAL_Init)
    i.HAL_InitTick                           0x08001ab8   Section        0  stm32f1xx_hal.o(i.HAL_InitTick)
    i.HAL_MspInit                            0x08001af8   Section        0  stm32f1xx_hal_msp.o(i.HAL_MspInit)
    i.HAL_NVIC_EnableIRQ                     0x08001b40   Section        0  stm32f1xx_hal_cortex.o(i.HAL_NVIC_EnableIRQ)
    i.HAL_NVIC_SetPriority                   0x08001b5c   Section        0  stm32f1xx_hal_cortex.o(i.HAL_NVIC_SetPriority)
    i.HAL_NVIC_SetPriorityGrouping           0x08001b9c   Section        0  stm32f1xx_hal_cortex.o(i.HAL_NVIC_SetPriorityGrouping)
    i.HAL_RCCEx_PeriphCLKConfig              0x08001bc0   Section        0  stm32f1xx_hal_rcc_ex.o(i.HAL_RCCEx_PeriphCLKConfig)
    i.HAL_RCC_ClockConfig                    0x08001cac   Section        0  stm32f1xx_hal_rcc.o(i.HAL_RCC_ClockConfig)
    i.HAL_RCC_GetPCLK1Freq                   0x08001dd8   Section        0  stm32f1xx_hal_rcc.o(i.HAL_RCC_GetPCLK1Freq)
    i.HAL_RCC_GetPCLK2Freq                   0x08001df8   Section        0  stm32f1xx_hal_rcc.o(i.HAL_RCC_GetPCLK2Freq)
    i.HAL_RCC_GetSysClockFreq                0x08001e18   Section        0  stm32f1xx_hal_rcc.o(i.HAL_RCC_GetSysClockFreq)
    i.HAL_RCC_OscConfig                      0x08001e84   Section        0  stm32f1xx_hal_rcc.o(i.HAL_RCC_OscConfig)
    i.HAL_SYSTICK_Config                     0x080021a4   Section        0  stm32f1xx_hal_cortex.o(i.HAL_SYSTICK_Config)
    i.HAL_UARTEx_RxEventCallback             0x080021cc   Section        0  stm32f1xx_hal_uart.o(i.HAL_UARTEx_RxEventCallback)
    i.HAL_UART_ErrorCallback                 0x080021ce   Section        0  stm32f1xx_hal_uart.o(i.HAL_UART_ErrorCallback)
    i.HAL_UART_IRQHandler                    0x080021d0   Section        0  stm32f1xx_hal_uart.o(i.HAL_UART_IRQHandler)
    i.HAL_UART_Init                          0x080023dc   Section        0  stm32f1xx_hal_uart.o(i.HAL_UART_Init)
    i.HAL_UART_MspInit                       0x08002440   Section        0  stm32f1xx_hal_msp.o(i.HAL_UART_MspInit)
    i.HAL_UART_RxCpltCallback                0x080024c0   Section        0  stm32f1xx_hal_uart.o(i.HAL_UART_RxCpltCallback)
    i.HAL_UART_Transmit                      0x080024c4   Section        0  stm32f1xx_hal_uart.o(i.HAL_UART_Transmit)
    i.HAL_UART_TxCpltCallback                0x08002576   Section        0  stm32f1xx_hal_uart.o(i.HAL_UART_TxCpltCallback)
    i.HardFault_Handler                      0x08002578   Section        0  stm32f1xx_it.o(i.HardFault_Handler)
    i.MX_ADC1_Init                           0x0800257c   Section        0  main.o(i.MX_ADC1_Init)
    MX_ADC1_Init                             0x0800257d   Thumb Code    68  main.o(i.MX_ADC1_Init)
    i.MemManage_Handler                      0x080025c8   Section        0  stm32f1xx_it.o(i.MemManage_Handler)
    i.NMI_Handler                            0x080025ca   Section        0  stm32f1xx_it.o(i.NMI_Handler)
    i.StartDefaultTask                       0x080025cc   Section        0  main.o(i.StartDefaultTask)
    i.StartTask02                            0x08002648   Section        0  main.o(i.StartTask02)
    i.SysTick_Handler                        0x080026a0   Section        0  stm32f1xx_it.o(i.SysTick_Handler)
    i.SystemClock_Config                     0x080026b8   Section        0  main.o(i.SystemClock_Config)
    i.SystemInit                             0x08002730   Section        0  system_stm32f1xx.o(i.SystemInit)
    i.UART_DMAAbortOnError                   0x08002732   Section        0  stm32f1xx_hal_uart.o(i.UART_DMAAbortOnError)
    UART_DMAAbortOnError                     0x08002733   Thumb Code    16  stm32f1xx_hal_uart.o(i.UART_DMAAbortOnError)
    i.UART_EndRxTransfer                     0x08002742   Section        0  stm32f1xx_hal_uart.o(i.UART_EndRxTransfer)
    UART_EndRxTransfer                       0x08002743   Thumb Code    48  stm32f1xx_hal_uart.o(i.UART_EndRxTransfer)
    i.UART_Receive_IT                        0x08002772   Section        0  stm32f1xx_hal_uart.o(i.UART_Receive_IT)
    UART_Receive_IT                          0x08002773   Thumb Code   182  stm32f1xx_hal_uart.o(i.UART_Receive_IT)
    i.UART_SetConfig                         0x08002828   Section        0  stm32f1xx_hal_uart.o(i.UART_SetConfig)
    UART_SetConfig                           0x08002829   Thumb Code   178  stm32f1xx_hal_uart.o(i.UART_SetConfig)
    i.UART_WaitOnFlagUntilTimeout            0x080028e0   Section        0  stm32f1xx_hal_uart.o(i.UART_WaitOnFlagUntilTimeout)
    UART_WaitOnFlagUntilTimeout              0x080028e1   Thumb Code   100  stm32f1xx_hal_uart.o(i.UART_WaitOnFlagUntilTimeout)
    i.USART2_IRQHandler                      0x08002944   Section        0  stm32f1xx_it.o(i.USART2_IRQHandler)
    i.UsageFault_Handler                     0x08002950   Section        0  stm32f1xx_it.o(i.UsageFault_Handler)
    i.__ARM_fpclassify                       0x08002952   Section        0  fpclassify.o(i.__ARM_fpclassify)
    i.__NVIC_SetPriority                     0x0800297a   Section        0  stm32f1xx_hal_cortex.o(i.__NVIC_SetPriority)
    __NVIC_SetPriority                       0x0800297b   Thumb Code    32  stm32f1xx_hal_cortex.o(i.__NVIC_SetPriority)
    i.main                                   0x0800299c   Section        0  main.o(i.main)
    i.osDelay                                0x08002a34   Section        0  cmsis_os2.o(i.osDelay)
    i.osKernelInitialize                     0x08002a68   Section        0  cmsis_os2.o(i.osKernelInitialize)
    i.osKernelStart                          0x08002aa0   Section        0  cmsis_os2.o(i.osKernelStart)
    i.osThreadNew                            0x08002ae0   Section        0  cmsis_os2.o(i.osThreadNew)
    i.prvAddCurrentTaskToDelayedList         0x08002b84   Section        0  tasks.o(i.prvAddCurrentTaskToDelayedList)
    prvAddCurrentTaskToDelayedList           0x08002b85   Thumb Code    84  tasks.o(i.prvAddCurrentTaskToDelayedList)
    i.prvAddNewTaskToReadyList               0x08002be0   Section        0  tasks.o(i.prvAddNewTaskToReadyList)
    prvAddNewTaskToReadyList                 0x08002be1   Thumb Code   190  tasks.o(i.prvAddNewTaskToReadyList)
    i.prvCheckForValidListAndQueue           0x08002cb0   Section        0  timers.o(i.prvCheckForValidListAndQueue)
    prvCheckForValidListAndQueue             0x08002cb1   Thumb Code    72  timers.o(i.prvCheckForValidListAndQueue)
    i.prvCopyDataFromQueue                   0x08002d08   Section        0  queue.o(i.prvCopyDataFromQueue)
    prvCopyDataFromQueue                     0x08002d09   Thumb Code    38  queue.o(i.prvCopyDataFromQueue)
    i.prvCopyDataToQueue                     0x08002d2e   Section        0  queue.o(i.prvCopyDataToQueue)
    prvCopyDataToQueue                       0x08002d2f   Thumb Code   108  queue.o(i.prvCopyDataToQueue)
    i.prvDeleteTCB                           0x08002d9a   Section        0  tasks.o(i.prvDeleteTCB)
    prvDeleteTCB                             0x08002d9b   Thumb Code    52  tasks.o(i.prvDeleteTCB)
    i.prvHeapInit                            0x08002dd0   Section        0  heap_4.o(i.prvHeapInit)
    prvHeapInit                              0x08002dd1   Thumb Code    66  heap_4.o(i.prvHeapInit)
    i.prvIdleTask                            0x08002e1c   Section        0  tasks.o(i.prvIdleTask)
    prvIdleTask                              0x08002e1d   Thumb Code    82  tasks.o(i.prvIdleTask)
    i.prvInitialiseNewQueue                  0x08002e7c   Section        0  queue.o(i.prvInitialiseNewQueue)
    prvInitialiseNewQueue                    0x08002e7d   Thumb Code    34  queue.o(i.prvInitialiseNewQueue)
    i.prvInitialiseNewTask                   0x08002e9e   Section        0  tasks.o(i.prvInitialiseNewTask)
    prvInitialiseNewTask                     0x08002e9f   Thumb Code   156  tasks.o(i.prvInitialiseNewTask)
    i.prvInsertBlockIntoFreeList             0x08002f3c   Section        0  heap_4.o(i.prvInsertBlockIntoFreeList)
    prvInsertBlockIntoFreeList               0x08002f3d   Thumb Code    72  heap_4.o(i.prvInsertBlockIntoFreeList)
    i.prvInsertTimerInActiveList             0x08002f88   Section        0  timers.o(i.prvInsertTimerInActiveList)
    prvInsertTimerInActiveList               0x08002f89   Thumb Code    52  timers.o(i.prvInsertTimerInActiveList)
    i.prvIsQueueEmpty                        0x08002fc0   Section        0  queue.o(i.prvIsQueueEmpty)
    prvIsQueueEmpty                          0x08002fc1   Thumb Code    28  queue.o(i.prvIsQueueEmpty)
    i.prvProcessReceivedCommands             0x08002fdc   Section        0  timers.o(i.prvProcessReceivedCommands)
    prvProcessReceivedCommands               0x08002fdd   Thumb Code   198  timers.o(i.prvProcessReceivedCommands)
    i.prvProcessTimerOrBlockTask             0x080030a8   Section        0  timers.o(i.prvProcessTimerOrBlockTask)
    prvProcessTimerOrBlockTask               0x080030a9   Thumb Code   172  timers.o(i.prvProcessTimerOrBlockTask)
    i.prvResetNextTaskUnblockTime            0x0800315c   Section        0  tasks.o(i.prvResetNextTaskUnblockTime)
    prvResetNextTaskUnblockTime              0x0800315d   Thumb Code    26  tasks.o(i.prvResetNextTaskUnblockTime)
    i.prvSampleTimeNow                       0x0800317c   Section        0  timers.o(i.prvSampleTimeNow)
    prvSampleTimeNow                         0x0800317d   Thumb Code    36  timers.o(i.prvSampleTimeNow)
    i.prvSwitchTimerLists                    0x080031a4   Section        0  timers.o(i.prvSwitchTimerLists)
    prvSwitchTimerLists                      0x080031a5   Thumb Code   102  timers.o(i.prvSwitchTimerLists)
    i.prvTaskExitError                       0x08003210   Section        0  port.o(i.prvTaskExitError)
    prvTaskExitError                         0x08003211   Thumb Code    36  port.o(i.prvTaskExitError)
    i.prvTimerTask                           0x08003238   Section        0  timers.o(i.prvTimerTask)
    prvTimerTask                             0x08003239   Thumb Code    32  timers.o(i.prvTimerTask)
    i.prvUnlockQueue                         0x0800325c   Section        0  queue.o(i.prvUnlockQueue)
    prvUnlockQueue                           0x0800325d   Thumb Code   106  queue.o(i.prvUnlockQueue)
    i.pvPortMalloc                           0x080032c8   Section        0  heap_4.o(i.pvPortMalloc)
    i.pxPortInitialiseStack                  0x080033a0   Section        0  port.o(i.pxPortInitialiseStack)
    i.uxListRemove                           0x080033c4   Section        0  list.o(i.uxListRemove)
    i.vApplicationGetIdleTaskMemory          0x080033ec   Section        0  cmsis_os2.o(i.vApplicationGetIdleTaskMemory)
    i.vApplicationGetTimerTaskMemory         0x08003400   Section        0  cmsis_os2.o(i.vApplicationGetTimerTaskMemory)
    i.vListInitialise                        0x08003418   Section        0  list.o(i.vListInitialise)
    i.vListInitialiseItem                    0x0800342e   Section        0  list.o(i.vListInitialiseItem)
    i.vListInsert                            0x08003434   Section        0  list.o(i.vListInsert)
    i.vListInsertEnd                         0x08003464   Section        0  list.o(i.vListInsertEnd)
    i.vPortEnterCritical                     0x0800347c   Section        0  port.o(i.vPortEnterCritical)
    i.vPortExitCritical                      0x080034bc   Section        0  port.o(i.vPortExitCritical)
    i.vPortFree                              0x080034e4   Section        0  heap_4.o(i.vPortFree)
    i.vPortSetupTimerInterrupt               0x08003540   Section        0  port.o(i.vPortSetupTimerInterrupt)
    i.vPortValidateInterruptPriority         0x08003564   Section        0  port.o(i.vPortValidateInterruptPriority)
    i.vQueueAddToRegistry                    0x080035b8   Section        0  queue.o(i.vQueueAddToRegistry)
    i.vQueueWaitForMessageRestricted         0x080035e0   Section        0  queue.o(i.vQueueWaitForMessageRestricted)
    i.vTaskDelay                             0x08003624   Section        0  tasks.o(i.vTaskDelay)
    i.vTaskInternalSetTimeOutState           0x08003670   Section        0  tasks.o(i.vTaskInternalSetTimeOutState)
    i.vTaskMissedYield                       0x08003680   Section        0  tasks.o(i.vTaskMissedYield)
    i.vTaskPlaceOnEventList                  0x0800368c   Section        0  tasks.o(i.vTaskPlaceOnEventList)
    i.vTaskPlaceOnEventListRestricted        0x080036bc   Section        0  tasks.o(i.vTaskPlaceOnEventListRestricted)
    i.vTaskStartScheduler                    0x080036f4   Section        0  tasks.o(i.vTaskStartScheduler)
    i.vTaskSuspendAll                        0x0800377c   Section        0  tasks.o(i.vTaskSuspendAll)
    i.vTaskSwitchContext                     0x0800378c   Section        0  tasks.o(i.vTaskSwitchContext)
    i.xPortStartScheduler                    0x080037f0   Section        0  port.o(i.xPortStartScheduler)
    i.xPortSysTickHandler                    0x08003898   Section        0  port.o(i.xPortSysTickHandler)
    i.xQueueGenericCreateStatic              0x080038c4   Section        0  queue.o(i.xQueueGenericCreateStatic)
    i.xQueueGenericReset                     0x0800392c   Section        0  queue.o(i.xQueueGenericReset)
    i.xQueueGenericSend                      0x080039b4   Section        0  queue.o(i.xQueueGenericSend)
    i.xQueueGenericSendFromISR               0x08003b14   Section        0  queue.o(i.xQueueGenericSendFromISR)
    i.xQueueReceive                          0x08003bd0   Section        0  queue.o(i.xQueueReceive)
    i.xTaskCheckForTimeOut                   0x08003d08   Section        0  tasks.o(i.xTaskCheckForTimeOut)
    i.xTaskCreate                            0x08003d7c   Section        0  tasks.o(i.xTaskCreate)
    i.xTaskCreateStatic                      0x08003dd6   Section        0  tasks.o(i.xTaskCreateStatic)
    i.xTaskGetSchedulerState                 0x08003e2c   Section        0  tasks.o(i.xTaskGetSchedulerState)
    i.xTaskGetTickCount                      0x08003e48   Section        0  tasks.o(i.xTaskGetTickCount)
    i.xTaskIncrementTick                     0x08003e54   Section        0  tasks.o(i.xTaskIncrementTick)
    i.xTaskPriorityDisinherit                0x08003f1c   Section        0  tasks.o(i.xTaskPriorityDisinherit)
    i.xTaskRemoveFromEventList               0x08003f9c   Section        0  tasks.o(i.xTaskRemoveFromEventList)
    i.xTaskResumeAll                         0x0800400c   Section        0  tasks.o(i.xTaskResumeAll)
    i.xTimerCreateTimerTask                  0x080040d0   Section        0  timers.o(i.xTimerCreateTimerTask)
    i.xTimerGenericCommand                   0x08004130   Section        0  timers.o(i.xTimerGenericCommand)
    locale$$code                             0x08004198   Section       44  lc_numeric_c.o(locale$$code)
    x$fpl$d2f                                0x080041c4   Section       98  d2f.o(x$fpl$d2f)
    x$fpl$ddiv                               0x08004228   Section      688  ddiv.o(x$fpl$ddiv)
    ddiv_entry                               0x0800422f   Thumb Code     0  ddiv.o(x$fpl$ddiv)
    x$fpl$dmul                               0x080044d8   Section      340  dmul.o(x$fpl$dmul)
    x$fpl$dnaninf                            0x0800462c   Section      156  dnaninf.o(x$fpl$dnaninf)
    x$fpl$dretinf                            0x080046c8   Section       12  dretinf.o(x$fpl$dretinf)
    x$fpl$f2d                                0x080046d4   Section       86  f2d.o(x$fpl$f2d)
    x$fpl$fdiv                               0x0800472c   Section      388  fdiv.o(x$fpl$fdiv)
    _fdiv1                                   0x0800472d   Thumb Code     0  fdiv.o(x$fpl$fdiv)
    x$fpl$ffltu                              0x080048b0   Section       38  fflt_clz.o(x$fpl$ffltu)
    x$fpl$fnaninf                            0x080048d6   Section      140  fnaninf.o(x$fpl$fnaninf)
    x$fpl$fretinf                            0x08004962   Section       10  fretinf.o(x$fpl$fretinf)
    x$fpl$printf1                            0x0800496c   Section        4  printf1.o(x$fpl$printf1)
    .constdata                               0x08004970   Section       72  main.o(.constdata)
    x$fpl$usenofp                            0x08004970   Section        0  usenofp.o(x$fpl$usenofp)
    .constdata                               0x080049b8   Section       16  system_stm32f1xx.o(.constdata)
    .constdata                               0x080049c8   Section        8  system_stm32f1xx.o(.constdata)
    .constdata                               0x080049d0   Section      148  bigflt0.o(.constdata)
    tenpwrs_x                                0x080049d0   Data          60  bigflt0.o(.constdata)
    tenpwrs_i                                0x08004a0c   Data          64  bigflt0.o(.constdata)
    .conststring                             0x08004a64   Section       24  main.o(.conststring)
    locale$$data                             0x08004a9c   Section       28  lc_numeric_c.o(locale$$data)
    __lcnum_c_name                           0x08004aa0   Data           2  lc_numeric_c.o(locale$$data)
    __lcnum_c_start                          0x08004aa8   Data           0  lc_numeric_c.o(locale$$data)
    __lcnum_c_point                          0x08004ab4   Data           0  lc_numeric_c.o(locale$$data)
    __lcnum_c_thousands                      0x08004ab6   Data           0  lc_numeric_c.o(locale$$data)
    __lcnum_c_grouping                       0x08004ab7   Data           0  lc_numeric_c.o(locale$$data)
    __lcnum_c_end                            0x08004ab8   Data           0  lc_numeric_c.o(locale$$data)
    .data                                    0x20000000   Section       12  main.o(.data)
    .data                                    0x2000000c   Section       12  stm32f1xx_hal.o(.data)
    .data                                    0x20000018   Section        4  system_stm32f1xx.o(.data)
    .data                                    0x2000001c   Section       60  tasks.o(.data)
    pxDelayedTaskList                        0x20000020   Data           4  tasks.o(.data)
    pxOverflowDelayedTaskList                0x20000024   Data           4  tasks.o(.data)
    uxDeletedTasksWaitingCleanUp             0x20000028   Data           4  tasks.o(.data)
    uxCurrentNumberOfTasks                   0x2000002c   Data           4  tasks.o(.data)
    xTickCount                               0x20000030   Data           4  tasks.o(.data)
    uxTopReadyPriority                       0x20000034   Data           4  tasks.o(.data)
    xSchedulerRunning                        0x20000038   Data           4  tasks.o(.data)
    uxPendedTicks                            0x2000003c   Data           4  tasks.o(.data)
    xYieldPending                            0x20000040   Data           4  tasks.o(.data)
    xNumOfOverflows                          0x20000044   Data           4  tasks.o(.data)
    uxTaskNumber                             0x20000048   Data           4  tasks.o(.data)
    xNextTaskUnblockTime                     0x2000004c   Data           4  tasks.o(.data)
    xIdleTaskHandle                          0x20000050   Data           4  tasks.o(.data)
    uxSchedulerSuspended                     0x20000054   Data           4  tasks.o(.data)
    .data                                    0x20000058   Section       20  timers.o(.data)
    pxCurrentTimerList                       0x20000058   Data           4  timers.o(.data)
    pxOverflowTimerList                      0x2000005c   Data           4  timers.o(.data)
    xTimerQueue                              0x20000060   Data           4  timers.o(.data)
    xTimerTaskHandle                         0x20000064   Data           4  timers.o(.data)
    xLastTime                                0x20000068   Data           4  timers.o(.data)
    .data                                    0x2000006c   Section        4  cmsis_os2.o(.data)
    KernelState                              0x2000006c   Data           4  cmsis_os2.o(.data)
    .data                                    0x20000070   Section       24  heap_4.o(.data)
    pxEnd                                    0x20000070   Data           4  heap_4.o(.data)
    xFreeBytesRemaining                      0x20000074   Data           4  heap_4.o(.data)
    xMinimumEverFreeBytesRemaining           0x20000078   Data           4  heap_4.o(.data)
    xBlockAllocatedBit                       0x2000007c   Data           4  heap_4.o(.data)
    xStart                                   0x20000080   Data           8  heap_4.o(.data)
    .data                                    0x20000088   Section       12  port.o(.data)
    ucMaxSysCallPriority                     0x20000088   Data           1  port.o(.data)
    uxCriticalNesting                        0x2000008c   Data           4  port.o(.data)
    ulMaxPRIGROUPValue                       0x20000090   Data           4  port.o(.data)
    .bss                                     0x20000094   Section      116  main.o(.bss)
    .bss                                     0x20000108   Section       64  queue.o(.bss)
    .bss                                     0x20000148   Section     1220  tasks.o(.bss)
    pxReadyTasksLists                        0x20000148   Data        1120  tasks.o(.bss)
    xDelayedTaskList1                        0x200005a8   Data          20  tasks.o(.bss)
    xDelayedTaskList2                        0x200005bc   Data          20  tasks.o(.bss)
    xPendingReadyList                        0x200005d0   Data          20  tasks.o(.bss)
    xTasksWaitingTermination                 0x200005e4   Data          20  tasks.o(.bss)
    xSuspendedTaskList                       0x200005f8   Data          20  tasks.o(.bss)
    .bss                                     0x2000060c   Section      280  timers.o(.bss)
    xActiveTimerList1                        0x2000060c   Data          20  timers.o(.bss)
    xActiveTimerList2                        0x20000620   Data          20  timers.o(.bss)
    xStaticTimerQueue                        0x20000634   Data          80  timers.o(.bss)
    ucStaticTimerQueueStorage                0x20000684   Data         160  timers.o(.bss)
    .bss                                     0x20000724   Section     1720  cmsis_os2.o(.bss)
    Idle_TCB                                 0x20000724   Data          92  cmsis_os2.o(.bss)
    Idle_Stack                               0x20000780   Data         512  cmsis_os2.o(.bss)
    Timer_TCB                                0x20000980   Data          92  cmsis_os2.o(.bss)
    Timer_Stack                              0x200009dc   Data        1024  cmsis_os2.o(.bss)
    .bss                                     0x20000ddc   Section     3072  heap_4.o(.bss)
    ucHeap                                   0x20000ddc   Data        3072  heap_4.o(.bss)
    .bss                                     0x200019dc   Section       96  libspace.o(.bss)
    HEAP                                     0x20001a40   Section      512  startup_stm32f103xb.o(HEAP)
    Heap_Mem                                 0x20001a40   Data         512  startup_stm32f103xb.o(HEAP)
    STACK                                    0x20001c40   Section     1024  startup_stm32f103xb.o(STACK)
    Stack_Mem                                0x20001c40   Data        1024  startup_stm32f103xb.o(STACK)
    __initial_sp                             0x20002040   Data           0  startup_stm32f103xb.o(STACK)

    Global Symbols

    Symbol Name                              Value     Ov Type        Size  Object(Section)

    BuildAttributes$$THM_ISAv4$P$D$K$B$S$PE$A:L22UL41UL21$X:L11$S22US41US21$IEEE1$IW$USESV6$~STKCKD$USESV7$~SHL$OTIME$ROPI$IEEEJ$EBA8$UX$STANDARDLIB$REQ8$PRES8$EABIv2 0x00000000   Number         0  anon$$obj.o ABSOLUTE
    __ARM_use_no_argv                        0x00000000   Number         0  main.o ABSOLUTE
    __ARM_exceptions_init                     - Undefined Weak Reference
    __alloca_initialize                       - Undefined Weak Reference
    __arm_preinit_                            - Undefined Weak Reference
    __cpp_initialize__aeabi_                  - Undefined Weak Reference
    __cxa_finalize                            - Undefined Weak Reference
    __sigvec_lookup                           - Undefined Weak Reference
    _atexit_init                              - Undefined Weak Reference
    _call_atexit_fns                          - Undefined Weak Reference
    _clock_init                               - Undefined Weak Reference
    _fp_trap_init                             - Undefined Weak Reference
    _fp_trap_shutdown                         - Undefined Weak Reference
    _get_lc_collate                           - Undefined Weak Reference
    _get_lc_ctype                             - Undefined Weak Reference
    _get_lc_monetary                          - Undefined Weak Reference
    _get_lc_time                              - Undefined Weak Reference
    _getenv_init                              - Undefined Weak Reference
    _handle_redirection                       - Undefined Weak Reference
    _init_alloc                               - Undefined Weak Reference
    _init_user_alloc                          - Undefined Weak Reference
    _initio                                   - Undefined Weak Reference
    _printf_post_padding                      - Undefined Weak Reference
    _printf_pre_padding                       - Undefined Weak Reference
    _rand_init                                - Undefined Weak Reference
    _signal_finish                            - Undefined Weak Reference
    _signal_init                              - Undefined Weak Reference
    _terminate_alloc                          - Undefined Weak Reference
    _terminate_user_alloc                     - Undefined Weak Reference
    _terminateio                              - Undefined Weak Reference
    __Vectors_Size                           0x000000ec   Number         0  startup_stm32f103xb.o ABSOLUTE
    __Vectors                                0x08000000   Data           4  startup_stm32f103xb.o(RESET)
    __Vectors_End                            0x080000ec   Data           0  startup_stm32f103xb.o(RESET)
    __main                                   0x080000ed   Thumb Code     8  __main.o(!!!main)
    __scatterload                            0x080000f5   Thumb Code     0  __scatter.o(!!!scatter)
    __scatterload_rt2                        0x080000f5   Thumb Code    44  __scatter.o(!!!scatter)
    __scatterload_rt2_thumb_only             0x080000f5   Thumb Code     0  __scatter.o(!!!scatter)
    __scatterload_null                       0x08000103   Thumb Code     0  __scatter.o(!!!scatter)
    __scatterload_copy                       0x08000129   Thumb Code    26  __scatter_copy.o(!!handler_copy)
    __scatterload_zeroinit                   0x08000145   Thumb Code    28  __scatter_zi.o(!!handler_zi)
    _printf_f                                0x08000161   Thumb Code     0  _printf_f.o(.ARM.Collect$$_printf_percent$$00000003)
    _printf_percent                          0x08000161   Thumb Code     0  _printf_percent.o(.ARM.Collect$$_printf_percent$$00000000)
    _printf_percent_end                      0x08000167   Thumb Code     0  _printf_percent_end.o(.ARM.Collect$$_printf_percent$$00000017)
    __rt_lib_init                            0x0800016b   Thumb Code     0  libinit.o(.ARM.Collect$$libinit$$00000000)
    __rt_lib_init_fp_1                       0x0800016d   Thumb Code     0  libinit2.o(.ARM.Collect$$libinit$$00000002)
    __rt_lib_init_heap_1                     0x0800016d   Thumb Code     0  libinit2.o(.ARM.Collect$$libinit$$0000000A)
    __rt_lib_init_lc_common                  0x0800016d   Thumb Code     0  libinit2.o(.ARM.Collect$$libinit$$0000000F)
    __rt_lib_init_preinit_1                  0x0800016d   Thumb Code     0  libinit2.o(.ARM.Collect$$libinit$$00000004)
    __rt_lib_init_rand_1                     0x0800016d   Thumb Code     0  libinit2.o(.ARM.Collect$$libinit$$0000000E)
    __rt_lib_init_user_alloc_1               0x0800016d   Thumb Code     0  libinit2.o(.ARM.Collect$$libinit$$0000000C)
    __rt_lib_init_lc_collate_1               0x08000173   Thumb Code     0  libinit2.o(.ARM.Collect$$libinit$$00000011)
    __rt_lib_init_lc_ctype_1                 0x08000173   Thumb Code     0  libinit2.o(.ARM.Collect$$libinit$$00000013)
    __rt_lib_init_lc_monetary_1              0x08000173   Thumb Code     0  libinit2.o(.ARM.Collect$$libinit$$00000015)
    __rt_lib_init_lc_numeric_2               0x08000173   Thumb Code     0  libinit2.o(.ARM.Collect$$libinit$$00000016)
    __rt_lib_init_alloca_1                   0x0800017d   Thumb Code     0  libinit2.o(.ARM.Collect$$libinit$$0000002E)
    __rt_lib_init_argv_1                     0x0800017d   Thumb Code     0  libinit2.o(.ARM.Collect$$libinit$$0000002C)
    __rt_lib_init_atexit_1                   0x0800017d   Thumb Code     0  libinit2.o(.ARM.Collect$$libinit$$0000001B)
    __rt_lib_init_clock_1                    0x0800017d   Thumb Code     0  libinit2.o(.ARM.Collect$$libinit$$00000021)
    __rt_lib_init_cpp_1                      0x0800017d   Thumb Code     0  libinit2.o(.ARM.Collect$$libinit$$00000032)
    __rt_lib_init_exceptions_1               0x0800017d   Thumb Code     0  libinit2.o(.ARM.Collect$$libinit$$00000030)
    __rt_lib_init_fp_trap_1                  0x0800017d   Thumb Code     0  libinit2.o(.ARM.Collect$$libinit$$0000001F)
    __rt_lib_init_getenv_1                   0x0800017d   Thumb Code     0  libinit2.o(.ARM.Collect$$libinit$$00000023)
    __rt_lib_init_lc_numeric_1               0x0800017d   Thumb Code     0  libinit2.o(.ARM.Collect$$libinit$$00000017)
    __rt_lib_init_lc_time_1                  0x0800017d   Thumb Code     0  libinit2.o(.ARM.Collect$$libinit$$00000019)
    __rt_lib_init_return                     0x0800017d   Thumb Code     0  libinit2.o(.ARM.Collect$$libinit$$00000033)
    __rt_lib_init_signal_1                   0x0800017d   Thumb Code     0  libinit2.o(.ARM.Collect$$libinit$$0000001D)
    __rt_lib_init_stdio_1                    0x0800017d   Thumb Code     0  libinit2.o(.ARM.Collect$$libinit$$00000025)
    __rt_lib_shutdown                        0x0800017f   Thumb Code     0  libshutdown.o(.ARM.Collect$$libshutdown$$00000000)
    __rt_lib_shutdown_cpp_1                  0x08000181   Thumb Code     0  libshutdown2.o(.ARM.Collect$$libshutdown$$00000002)
    __rt_lib_shutdown_fp_trap_1              0x08000181   Thumb Code     0  libshutdown2.o(.ARM.Collect$$libshutdown$$00000007)
    __rt_lib_shutdown_heap_1                 0x08000181   Thumb Code     0  libshutdown2.o(.ARM.Collect$$libshutdown$$0000000F)
    __rt_lib_shutdown_return                 0x08000181   Thumb Code     0  libshutdown2.o(.ARM.Collect$$libshutdown$$00000010)
    __rt_lib_shutdown_signal_1               0x08000181   Thumb Code     0  libshutdown2.o(.ARM.Collect$$libshutdown$$0000000A)
    __rt_lib_shutdown_stdio_1                0x08000181   Thumb Code     0  libshutdown2.o(.ARM.Collect$$libshutdown$$00000004)
    __rt_lib_shutdown_user_alloc_1           0x08000181   Thumb Code     0  libshutdown2.o(.ARM.Collect$$libshutdown$$0000000C)
    __rt_entry                               0x08000183   Thumb Code     0  __rtentry.o(.ARM.Collect$$rtentry$$00000000)
    __rt_entry_presh_1                       0x08000183   Thumb Code     0  __rtentry2.o(.ARM.Collect$$rtentry$$00000002)
    __rt_entry_sh                            0x08000183   Thumb Code     0  __rtentry4.o(.ARM.Collect$$rtentry$$00000004)
    __rt_entry_li                            0x08000189   Thumb Code     0  __rtentry2.o(.ARM.Collect$$rtentry$$0000000A)
    __rt_entry_postsh_1                      0x08000189   Thumb Code     0  __rtentry2.o(.ARM.Collect$$rtentry$$00000009)
    __rt_entry_main                          0x0800018d   Thumb Code     0  __rtentry2.o(.ARM.Collect$$rtentry$$0000000D)
    __rt_entry_postli_1                      0x0800018d   Thumb Code     0  __rtentry2.o(.ARM.Collect$$rtentry$$0000000C)
    __rt_exit                                0x08000195   Thumb Code     0  rtexit.o(.ARM.Collect$$rtexit$$00000000)
    __rt_exit_ls                             0x08000197   Thumb Code     0  rtexit2.o(.ARM.Collect$$rtexit$$00000003)
    __rt_exit_prels_1                        0x08000197   Thumb Code     0  rtexit2.o(.ARM.Collect$$rtexit$$00000002)
    __rt_exit_exit                           0x0800019b   Thumb Code     0  rtexit2.o(.ARM.Collect$$rtexit$$00000004)
    SVC_Handler                              0x080001a1   Thumb Code    32  port.o(.emb_text)
    __asm___6_port_c_39a90d8d__prvStartFirstTask 0x080001c5   Thumb Code    28  port.o(.emb_text)
    PendSV_Handler                           0x080001e5   Thumb Code    72  port.o(.emb_text)
    vPortGetIPSR                             0x08000231   Thumb Code     6  port.o(.emb_text)
    Reset_Handler                            0x08000239   Thumb Code     8  startup_stm32f103xb.o(.text)
    ADC1_2_IRQHandler                        0x08000253   Thumb Code     0  startup_stm32f103xb.o(.text)
    CAN1_RX1_IRQHandler                      0x08000253   Thumb Code     0  startup_stm32f103xb.o(.text)
    CAN1_SCE_IRQHandler                      0x08000253   Thumb Code     0  startup_stm32f103xb.o(.text)
    DMA1_Channel1_IRQHandler                 0x08000253   Thumb Code     0  startup_stm32f103xb.o(.text)
    DMA1_Channel2_IRQHandler                 0x08000253   Thumb Code     0  startup_stm32f103xb.o(.text)
    DMA1_Channel3_IRQHandler                 0x08000253   Thumb Code     0  startup_stm32f103xb.o(.text)
    DMA1_Channel4_IRQHandler                 0x08000253   Thumb Code     0  startup_stm32f103xb.o(.text)
    DMA1_Channel5_IRQHandler                 0x08000253   Thumb Code     0  startup_stm32f103xb.o(.text)
    DMA1_Channel6_IRQHandler                 0x08000253   Thumb Code     0  startup_stm32f103xb.o(.text)
    DMA1_Channel7_IRQHandler                 0x08000253   Thumb Code     0  startup_stm32f103xb.o(.text)
    EXTI0_IRQHandler                         0x08000253   Thumb Code     0  startup_stm32f103xb.o(.text)
    EXTI15_10_IRQHandler                     0x08000253   Thumb Code     0  startup_stm32f103xb.o(.text)
    EXTI1_IRQHandler                         0x08000253   Thumb Code     0  startup_stm32f103xb.o(.text)
    EXTI2_IRQHandler                         0x08000253   Thumb Code     0  startup_stm32f103xb.o(.text)
    EXTI3_IRQHandler                         0x08000253   Thumb Code     0  startup_stm32f103xb.o(.text)
    EXTI4_IRQHandler                         0x08000253   Thumb Code     0  startup_stm32f103xb.o(.text)
    EXTI9_5_IRQHandler                       0x08000253   Thumb Code     0  startup_stm32f103xb.o(.text)
    FLASH_IRQHandler                         0x08000253   Thumb Code     0  startup_stm32f103xb.o(.text)
    I2C1_ER_IRQHandler                       0x08000253   Thumb Code     0  startup_stm32f103xb.o(.text)
    I2C1_EV_IRQHandler                       0x08000253   Thumb Code     0  startup_stm32f103xb.o(.text)
    I2C2_ER_IRQHandler                       0x08000253   Thumb Code     0  startup_stm32f103xb.o(.text)
    I2C2_EV_IRQHandler                       0x08000253   Thumb Code     0  startup_stm32f103xb.o(.text)
    PVD_IRQHandler                           0x08000253   Thumb Code     0  startup_stm32f103xb.o(.text)
    RCC_IRQHandler                           0x08000253   Thumb Code     0  startup_stm32f103xb.o(.text)
    RTC_Alarm_IRQHandler                     0x08000253   Thumb Code     0  startup_stm32f103xb.o(.text)
    RTC_IRQHandler                           0x08000253   Thumb Code     0  startup_stm32f103xb.o(.text)
    SPI1_IRQHandler                          0x08000253   Thumb Code     0  startup_stm32f103xb.o(.text)
    SPI2_IRQHandler                          0x08000253   Thumb Code     0  startup_stm32f103xb.o(.text)
    TAMPER_IRQHandler                        0x08000253   Thumb Code     0  startup_stm32f103xb.o(.text)
    TIM1_BRK_IRQHandler                      0x08000253   Thumb Code     0  startup_stm32f103xb.o(.text)
    TIM1_CC_IRQHandler                       0x08000253   Thumb Code     0  startup_stm32f103xb.o(.text)
    TIM1_TRG_COM_IRQHandler                  0x08000253   Thumb Code     0  startup_stm32f103xb.o(.text)
    TIM1_UP_IRQHandler                       0x08000253   Thumb Code     0  startup_stm32f103xb.o(.text)
    TIM2_IRQHandler                          0x08000253   Thumb Code     0  startup_stm32f103xb.o(.text)
    TIM3_IRQHandler                          0x08000253   Thumb Code     0  startup_stm32f103xb.o(.text)
    TIM4_IRQHandler                          0x08000253   Thumb Code     0  startup_stm32f103xb.o(.text)
    USART1_IRQHandler                        0x08000253   Thumb Code     0  startup_stm32f103xb.o(.text)
    USART3_IRQHandler                        0x08000253   Thumb Code     0  startup_stm32f103xb.o(.text)
    USBWakeUp_IRQHandler                     0x08000253   Thumb Code     0  startup_stm32f103xb.o(.text)
    USB_HP_CAN1_TX_IRQHandler                0x08000253   Thumb Code     0  startup_stm32f103xb.o(.text)
    USB_LP_CAN1_RX0_IRQHandler               0x08000253   Thumb Code     0  startup_stm32f103xb.o(.text)
    WWDG_IRQHandler                          0x08000253   Thumb Code     0  startup_stm32f103xb.o(.text)
    __user_initial_stackheap                 0x08000255   Thumb Code     0  startup_stm32f103xb.o(.text)
    __2sprintf                               0x08000279   Thumb Code    34  noretval__2sprintf.o(.text)
    __printf                                 0x080002a1   Thumb Code   104  __printf.o(.text)
    __aeabi_memcpy                           0x08000309   Thumb Code     0  rt_memcpy_v6.o(.text)
    __rt_memcpy                              0x08000309   Thumb Code   138  rt_memcpy_v6.o(.text)
    _memcpy_lastbytes                        0x0800036f   Thumb Code     0  rt_memcpy_v6.o(.text)
    __aeabi_memset                           0x08000393   Thumb Code    16  aeabi_memset.o(.text)
    __aeabi_memclr4                          0x080003a3   Thumb Code     0  rt_memclr_w.o(.text)
    __aeabi_memclr8                          0x080003a3   Thumb Code     0  rt_memclr_w.o(.text)
    __rt_memclr_w                            0x080003a3   Thumb Code    78  rt_memclr_w.o(.text)
    _memset_w                                0x080003a7   Thumb Code     0  rt_memclr_w.o(.text)
    __use_two_region_memory                  0x080003f1   Thumb Code     2  heapauxi.o(.text)
    __rt_heap_escrow$2region                 0x080003f3   Thumb Code     2  heapauxi.o(.text)
    __rt_heap_expand$2region                 0x080003f5   Thumb Code     2  heapauxi.o(.text)
    __lib_sel_fp_printf                      0x080003f7   Thumb Code     2  _printf_fp_dec.o(.text)
    _printf_fp_dec_real                      0x080005a9   Thumb Code   620  _printf_fp_dec.o(.text)
    _printf_char_common                      0x0800081f   Thumb Code    32  _printf_char_common.o(.text)
    _sputc                                   0x08000845   Thumb Code    10  _sputc.o(.text)
    __aeabi_memcpy4                          0x0800084f   Thumb Code     0  rt_memcpy_w.o(.text)
    __aeabi_memcpy8                          0x0800084f   Thumb Code     0  rt_memcpy_w.o(.text)
    __rt_memcpy_w                            0x0800084f   Thumb Code   100  rt_memcpy_w.o(.text)
    _memcpy_lastbytes_aligned                0x08000897   Thumb Code     0  rt_memcpy_w.o(.text)
    __aeabi_memclr                           0x080008b3   Thumb Code     0  rt_memclr.o(.text)
    __rt_memclr                              0x080008b3   Thumb Code    68  rt_memclr.o(.text)
    _memset                                  0x080008b7   Thumb Code     0  rt_memclr.o(.text)
    __rt_locale                              0x080008f9   Thumb Code     8  rt_locale_intlibspace.o(.text)
    _ll_udiv10                               0x08000901   Thumb Code   138  lludiv10.o(.text)
    _printf_fp_infnan                        0x0800098d   Thumb Code   112  _printf_fp_infnan.o(.text)
    _btod_etento                             0x08000a0d   Thumb Code   224  bigflt0.o(.text)
    __user_libspace                          0x08000af1   Thumb Code     8  libspace.o(.text)
    __user_perproc_libspace                  0x08000af1   Thumb Code     0  libspace.o(.text)
    __user_perthread_libspace                0x08000af1   Thumb Code     0  libspace.o(.text)
    __user_setup_stackheap                   0x08000af9   Thumb Code    74  sys_stackheap_outer.o(.text)
    exit                                     0x08000b43   Thumb Code    18  exit.o(.text)
    strcmp                                   0x08000b55   Thumb Code   128  strcmpv7m.o(.text)
    _sys_exit                                0x08000bd5   Thumb Code     8  sys_exit.o(.text)
    __I$use$semihosting                      0x08000be1   Thumb Code     0  use_no_semi.o(.text)
    __use_no_semihosting_swi                 0x08000be1   Thumb Code     2  use_no_semi.o(.text)
    __semihosting_library_function           0x08000be3   Thumb Code     0  indicate_semi.o(.text)
    _btod_d2e                                0x08000be3   Thumb Code    62  btod.o(CL$$btod_d2e)
    _d2e_denorm_low                          0x08000c21   Thumb Code    70  btod.o(CL$$btod_d2e_denorm_low)
    _d2e_norm_op1                            0x08000c67   Thumb Code    96  btod.o(CL$$btod_d2e_norm_op1)
    __btod_div_common                        0x08000cc7   Thumb Code   696  btod.o(CL$$btod_div_common)
    _e2e                                     0x08000fff   Thumb Code   220  btod.o(CL$$btod_e2e)
    _btod_ediv                               0x080010db   Thumb Code    42  btod.o(CL$$btod_ediv)
    _btod_emul                               0x08001105   Thumb Code    42  btod.o(CL$$btod_emul)
    __btod_mult_common                       0x0800112f   Thumb Code   580  btod.o(CL$$btod_mult_common)
    ADC_ConversionStop_Disable               0x08001375   Thumb Code    86  stm32f1xx_hal_adc.o(i.ADC_ConversionStop_Disable)
    ADC_Enable                               0x080013cd   Thumb Code   114  stm32f1xx_hal_adc.o(i.ADC_Enable)
    BusFault_Handler                         0x08001449   Thumb Code     2  stm32f1xx_it.o(i.BusFault_Handler)
    DebugMon_Handler                         0x0800144b   Thumb Code     2  stm32f1xx_it.o(i.DebugMon_Handler)
    HAL_ADC_ConfigChannel                    0x0800144d   Thumb Code   240  stm32f1xx_hal_adc.o(i.HAL_ADC_ConfigChannel)
    HAL_ADC_GetValue                         0x08001549   Thumb Code     6  stm32f1xx_hal_adc.o(i.HAL_ADC_GetValue)
    HAL_ADC_Init                             0x08001551   Thumb Code   272  stm32f1xx_hal_adc.o(i.HAL_ADC_Init)
    HAL_ADC_MspInit                          0x0800166d   Thumb Code    76  stm32f1xx_hal_msp.o(i.HAL_ADC_MspInit)
    HAL_ADC_Start                            0x080016c5   Thumb Code   184  stm32f1xx_hal_adc.o(i.HAL_ADC_Start)
    HAL_ADC_Stop                             0x08001785   Thumb Code    52  stm32f1xx_hal_adc.o(i.HAL_ADC_Stop)
    HAL_DMA_Abort                            0x080017b9   Thumb Code    70  stm32f1xx_hal_dma.o(i.HAL_DMA_Abort)
    HAL_DMA_Abort_IT                         0x08001801   Thumb Code   148  stm32f1xx_hal_dma.o(i.HAL_DMA_Abort_IT)
    HAL_GPIO_Init                            0x08001899   Thumb Code   446  stm32f1xx_hal_gpio.o(i.HAL_GPIO_Init)
    HAL_GetTick                              0x08001a79   Thumb Code     6  stm32f1xx_hal.o(i.HAL_GetTick)
    HAL_IncTick                              0x08001a85   Thumb Code    12  stm32f1xx_hal.o(i.HAL_IncTick)
    HAL_Init                                 0x08001a95   Thumb Code    32  stm32f1xx_hal.o(i.HAL_Init)
    HAL_InitTick                             0x08001ab9   Thumb Code    54  stm32f1xx_hal.o(i.HAL_InitTick)
    HAL_MspInit                              0x08001af9   Thumb Code    62  stm32f1xx_hal_msp.o(i.HAL_MspInit)
    HAL_NVIC_EnableIRQ                       0x08001b41   Thumb Code    26  stm32f1xx_hal_cortex.o(i.HAL_NVIC_EnableIRQ)
    HAL_NVIC_SetPriority                     0x08001b5d   Thumb Code    60  stm32f1xx_hal_cortex.o(i.HAL_NVIC_SetPriority)
    HAL_NVIC_SetPriorityGrouping             0x08001b9d   Thumb Code    26  stm32f1xx_hal_cortex.o(i.HAL_NVIC_SetPriorityGrouping)
    HAL_RCCEx_PeriphCLKConfig                0x08001bc1   Thumb Code   224  stm32f1xx_hal_rcc_ex.o(i.HAL_RCCEx_PeriphCLKConfig)
    HAL_RCC_ClockConfig                      0x08001cad   Thumb Code   280  stm32f1xx_hal_rcc.o(i.HAL_RCC_ClockConfig)
    HAL_RCC_GetPCLK1Freq                     0x08001dd9   Thumb Code    20  stm32f1xx_hal_rcc.o(i.HAL_RCC_GetPCLK1Freq)
    HAL_RCC_GetPCLK2Freq                     0x08001df9   Thumb Code    20  stm32f1xx_hal_rcc.o(i.HAL_RCC_GetPCLK2Freq)
    HAL_RCC_GetSysClockFreq                  0x08001e19   Thumb Code    74  stm32f1xx_hal_rcc.o(i.HAL_RCC_GetSysClockFreq)
    HAL_RCC_OscConfig                        0x08001e85   Thumb Code   778  stm32f1xx_hal_rcc.o(i.HAL_RCC_OscConfig)
    HAL_SYSTICK_Config                       0x080021a5   Thumb Code    40  stm32f1xx_hal_cortex.o(i.HAL_SYSTICK_Config)
    HAL_UARTEx_RxEventCallback               0x080021cd   Thumb Code     2  stm32f1xx_hal_uart.o(i.HAL_UARTEx_RxEventCallback)
    HAL_UART_ErrorCallback                   0x080021cf   Thumb Code     2  stm32f1xx_hal_uart.o(i.HAL_UART_ErrorCallback)
    HAL_UART_IRQHandler                      0x080021d1   Thumb Code   520  stm32f1xx_hal_uart.o(i.HAL_UART_IRQHandler)
    HAL_UART_Init                            0x080023dd   Thumb Code    98  stm32f1xx_hal_uart.o(i.HAL_UART_Init)
    HAL_UART_MspInit                         0x08002441   Thumb Code   114  stm32f1xx_hal_msp.o(i.HAL_UART_MspInit)
    HAL_UART_RxCpltCallback                  0x080024c1   Thumb Code     2  stm32f1xx_hal_uart.o(i.HAL_UART_RxCpltCallback)
    HAL_UART_Transmit                        0x080024c5   Thumb Code   178  stm32f1xx_hal_uart.o(i.HAL_UART_Transmit)
    HAL_UART_TxCpltCallback                  0x08002577   Thumb Code     2  stm32f1xx_hal_uart.o(i.HAL_UART_TxCpltCallback)
    HardFault_Handler                        0x08002579   Thumb Code     2  stm32f1xx_it.o(i.HardFault_Handler)
    MemManage_Handler                        0x080025c9   Thumb Code     2  stm32f1xx_it.o(i.MemManage_Handler)
    NMI_Handler                              0x080025cb   Thumb Code     2  stm32f1xx_it.o(i.NMI_Handler)
    StartDefaultTask                         0x080025cd   Thumb Code   100  main.o(i.StartDefaultTask)
    StartTask02                              0x08002649   Thumb Code    60  main.o(i.StartTask02)
    SysTick_Handler                          0x080026a1   Thumb Code    24  stm32f1xx_it.o(i.SysTick_Handler)
    SystemClock_Config                       0x080026b9   Thumb Code   120  main.o(i.SystemClock_Config)
    SystemInit                               0x08002731   Thumb Code     2  system_stm32f1xx.o(i.SystemInit)
    USART2_IRQHandler                        0x08002945   Thumb Code     6  stm32f1xx_it.o(i.USART2_IRQHandler)
    UsageFault_Handler                       0x08002951   Thumb Code     2  stm32f1xx_it.o(i.UsageFault_Handler)
    __ARM_fpclassify                         0x08002953   Thumb Code    40  fpclassify.o(i.__ARM_fpclassify)
    main                                     0x0800299d   Thumb Code   124  main.o(i.main)
    osDelay                                  0x08002a35   Thumb Code    46  cmsis_os2.o(i.osDelay)
    osKernelInitialize                       0x08002a69   Thumb Code    50  cmsis_os2.o(i.osKernelInitialize)
    osKernelStart                            0x08002aa1   Thumb Code    58  cmsis_os2.o(i.osKernelStart)
    osThreadNew                              0x08002ae1   Thumb Code   160  cmsis_os2.o(i.osThreadNew)
    pvPortMalloc                             0x080032c9   Thumb Code   210  heap_4.o(i.pvPortMalloc)
    pxPortInitialiseStack                    0x080033a1   Thumb Code    32  port.o(i.pxPortInitialiseStack)
    uxListRemove                             0x080033c5   Thumb Code    38  list.o(i.uxListRemove)
    vApplicationGetIdleTaskMemory            0x080033ed   Thumb Code    16  cmsis_os2.o(i.vApplicationGetIdleTaskMemory)
    vApplicationGetTimerTaskMemory           0x08003401   Thumb Code    18  cmsis_os2.o(i.vApplicationGetTimerTaskMemory)
    vListInitialise                          0x08003419   Thumb Code    22  list.o(i.vListInitialise)
    vListInitialiseItem                      0x0800342f   Thumb Code     6  list.o(i.vListInitialiseItem)
    vListInsert                              0x08003435   Thumb Code    48  list.o(i.vListInsert)
    vListInsertEnd                           0x08003465   Thumb Code    24  list.o(i.vListInsertEnd)
    vPortEnterCritical                       0x0800347d   Thumb Code    54  port.o(i.vPortEnterCritical)
    vPortExitCritical                        0x080034bd   Thumb Code    34  port.o(i.vPortExitCritical)
    vPortFree                                0x080034e5   Thumb Code    88  heap_4.o(i.vPortFree)
    vPortSetupTimerInterrupt                 0x08003541   Thumb Code    32  port.o(i.vPortSetupTimerInterrupt)
    vPortValidateInterruptPriority           0x08003565   Thumb Code    74  port.o(i.vPortValidateInterruptPriority)
    vQueueAddToRegistry                      0x080035b9   Thumb Code    34  queue.o(i.vQueueAddToRegistry)
    vQueueWaitForMessageRestricted           0x080035e1   Thumb Code    68  queue.o(i.vQueueWaitForMessageRestricted)
    vTaskDelay                               0x08003625   Thumb Code    66  tasks.o(i.vTaskDelay)
    vTaskInternalSetTimeOutState             0x08003671   Thumb Code    12  tasks.o(i.vTaskInternalSetTimeOutState)
    vTaskMissedYield                         0x08003681   Thumb Code     8  tasks.o(i.vTaskMissedYield)
    vTaskPlaceOnEventList                    0x0800368d   Thumb Code    44  tasks.o(i.vTaskPlaceOnEventList)
    vTaskPlaceOnEventListRestricted          0x080036bd   Thumb Code    52  tasks.o(i.vTaskPlaceOnEventListRestricted)
    vTaskStartScheduler                      0x080036f5   Thumb Code   118  tasks.o(i.vTaskStartScheduler)
    vTaskSuspendAll                          0x0800377d   Thumb Code    10  tasks.o(i.vTaskSuspendAll)
    vTaskSwitchContext                       0x0800378d   Thumb Code    90  tasks.o(i.vTaskSwitchContext)
    xPortStartScheduler                      0x080037f1   Thumb Code   154  port.o(i.xPortStartScheduler)
    xPortSysTickHandler                      0x08003899   Thumb Code    38  port.o(i.xPortSysTickHandler)
    xQueueGenericCreateStatic                0x080038c5   Thumb Code   102  queue.o(i.xQueueGenericCreateStatic)
    xQueueGenericReset                       0x0800392d   Thumb Code   132  queue.o(i.xQueueGenericReset)
    xQueueGenericSend                        0x080039b5   Thumb Code   346  queue.o(i.xQueueGenericSend)
    xQueueGenericSendFromISR                 0x08003b15   Thumb Code   188  queue.o(i.xQueueGenericSendFromISR)
    xQueueReceive                            0x08003bd1   Thumb Code   308  queue.o(i.xQueueReceive)
    xTaskCheckForTimeOut                     0x08003d09   Thumb Code   112  tasks.o(i.xTaskCheckForTimeOut)
    xTaskCreate                              0x08003d7d   Thumb Code    90  tasks.o(i.xTaskCreate)
    xTaskCreateStatic                        0x08003dd7   Thumb Code    86  tasks.o(i.xTaskCreateStatic)
    xTaskGetSchedulerState                   0x08003e2d   Thumb Code    22  tasks.o(i.xTaskGetSchedulerState)
    xTaskGetTickCount                        0x08003e49   Thumb Code     6  tasks.o(i.xTaskGetTickCount)
    xTaskIncrementTick                       0x08003e55   Thumb Code   190  tasks.o(i.xTaskIncrementTick)
    xTaskPriorityDisinherit                  0x08003f1d   Thumb Code   118  tasks.o(i.xTaskPriorityDisinherit)
    xTaskRemoveFromEventList                 0x08003f9d   Thumb Code    98  tasks.o(i.xTaskRemoveFromEventList)
    xTaskResumeAll                           0x0800400d   Thumb Code   182  tasks.o(i.xTaskResumeAll)
    xTimerCreateTimerTask                    0x080040d1   Thumb Code    78  timers.o(i.xTimerCreateTimerTask)
    xTimerGenericCommand                     0x08004131   Thumb Code    98  timers.o(i.xTimerGenericCommand)
    _get_lc_numeric                          0x08004199   Thumb Code    44  lc_numeric_c.o(locale$$code)
    __aeabi_d2f                              0x080041c5   Thumb Code     0  d2f.o(x$fpl$d2f)
    _d2f                                     0x080041c5   Thumb Code    98  d2f.o(x$fpl$d2f)
    __aeabi_ddiv                             0x08004229   Thumb Code     0  ddiv.o(x$fpl$ddiv)
    _ddiv                                    0x08004229   Thumb Code   552  ddiv.o(x$fpl$ddiv)
    __aeabi_dmul                             0x080044d9   Thumb Code     0  dmul.o(x$fpl$dmul)
    _dmul                                    0x080044d9   Thumb Code   332  dmul.o(x$fpl$dmul)
    __fpl_dnaninf                            0x0800462d   Thumb Code   156  dnaninf.o(x$fpl$dnaninf)
    __fpl_dretinf                            0x080046c9   Thumb Code    12  dretinf.o(x$fpl$dretinf)
    __aeabi_f2d                              0x080046d5   Thumb Code     0  f2d.o(x$fpl$f2d)
    _f2d                                     0x080046d5   Thumb Code    86  f2d.o(x$fpl$f2d)
    __aeabi_fdiv                             0x0800472d   Thumb Code     0  fdiv.o(x$fpl$fdiv)
    _fdiv                                    0x0800472d   Thumb Code   384  fdiv.o(x$fpl$fdiv)
    __aeabi_ui2f                             0x080048b1   Thumb Code     0  fflt_clz.o(x$fpl$ffltu)
    _ffltu                                   0x080048b1   Thumb Code    38  fflt_clz.o(x$fpl$ffltu)
    __fpl_fnaninf                            0x080048d7   Thumb Code   140  fnaninf.o(x$fpl$fnaninf)
    __fpl_fretinf                            0x08004963   Thumb Code    10  fretinf.o(x$fpl$fretinf)
    _printf_fp_dec                           0x0800496d   Thumb Code     4  printf1.o(x$fpl$printf1)
    __I$use$fp                               0x08004970   Number         0  usenofp.o(x$fpl$usenofp)
    defaultTask_attributes                   0x08004970   Data          36  main.o(.constdata)
    myTask02_attributes                      0x08004994   Data          36  main.o(.constdata)
    AHBPrescTable                            0x080049b8   Data          16  system_stm32f1xx.o(.constdata)
    APBPrescTable                            0x080049c8   Data           8  system_stm32f1xx.o(.constdata)
    Region$$Table$$Base                      0x08004a7c   Number         0  anon$$obj.o(Region$$Table)
    Region$$Table$$Limit                     0x08004a9c   Number         0  anon$$obj.o(Region$$Table)
    lux                                      0x20000000   Data           4  main.o(.data)
    defaultTaskHandle                        0x20000004   Data           4  main.o(.data)
    myTask02Handle                           0x20000008   Data           4  main.o(.data)
    uwTickFreq                               0x2000000c   Data           1  stm32f1xx_hal.o(.data)
    uwTickPrio                               0x20000010   Data           4  stm32f1xx_hal.o(.data)
    uwTick                                   0x20000014   Data           4  stm32f1xx_hal.o(.data)
    SystemCoreClock                          0x20000018   Data           4  system_stm32f1xx.o(.data)
    pxCurrentTCB                             0x2000001c   Data           4  tasks.o(.data)
    hadc1                                    0x20000094   Data          48  main.o(.bss)
    huart2                                   0x200000c4   Data          68  main.o(.bss)
    xQueueRegistry                           0x20000108   Data          64  queue.o(.bss)
    __libspace_start                         0x200019dc   Data          96  libspace.o(.bss)
    __temporary_stack_top$libspace           0x20001a3c   Data           0  libspace.o(.bss)



==============================================================================

Memory Map of the image

  Image Entry point : 0x080000ed

  Load Region LR_IROM1 (Base: 0x08000000, Size: 0x00004b4c, Max: 0x00010000, ABSOLUTE)

    Execution Region ER_IROM1 (Exec base: 0x08000000, Load base: 0x08000000, Size: 0x00004ab8, Max: 0x00010000, ABSOLUTE)

    Exec Addr    Load Addr    Size         Type   Attr      Idx    E Section Name        Object

    0x08000000   0x08000000   0x000000ec   Data   RO            3    RESET               startup_stm32f103xb.o
    0x080000ec   0x080000ec   0x00000008   Code   RO         3717  * !!!main             c_w.l(__main.o)
    0x080000f4   0x080000f4   0x00000034   Code   RO         3961    !!!scatter          c_w.l(__scatter.o)
    0x08000128   0x08000128   0x0000001a   Code   RO         3963    !!handler_copy      c_w.l(__scatter_copy.o)
    0x08000142   0x08000142   0x00000002   PAD
    0x08000144   0x08000144   0x0000001c   Code   RO         3965    !!handler_zi        c_w.l(__scatter_zi.o)
    0x08000160   0x08000160   0x00000000   Code   RO         3706    .ARM.Collect$$_printf_percent$$00000000  c_w.l(_printf_percent.o)
    0x08000160   0x08000160   0x00000006   Code   RO         3705    .ARM.Collect$$_printf_percent$$00000003  c_w.l(_printf_f.o)
    0x08000166   0x08000166   0x00000004   Code   RO         3748    .ARM.Collect$$_printf_percent$$00000017  c_w.l(_printf_percent_end.o)
    0x0800016a   0x0800016a   0x00000002   Code   RO         3834    .ARM.Collect$$libinit$$00000000  c_w.l(libinit.o)
    0x0800016c   0x0800016c   0x00000000   Code   RO         3836    .ARM.Collect$$libinit$$00000002  c_w.l(libinit2.o)
    0x0800016c   0x0800016c   0x00000000   Code   RO         3838    .ARM.Collect$$libinit$$00000004  c_w.l(libinit2.o)
    0x0800016c   0x0800016c   0x00000000   Code   RO         3841    .ARM.Collect$$libinit$$0000000A  c_w.l(libinit2.o)
    0x0800016c   0x0800016c   0x00000000   Code   RO         3843    .ARM.Collect$$libinit$$0000000C  c_w.l(libinit2.o)
    0x0800016c   0x0800016c   0x00000000   Code   RO         3845    .ARM.Collect$$libinit$$0000000E  c_w.l(libinit2.o)
    0x0800016c   0x0800016c   0x00000006   Code   RO         3846    .ARM.Collect$$libinit$$0000000F  c_w.l(libinit2.o)
    0x08000172   0x08000172   0x00000000   Code   RO         3848    .ARM.Collect$$libinit$$00000011  c_w.l(libinit2.o)
    0x08000172   0x08000172   0x00000000   Code   RO         3850    .ARM.Collect$$libinit$$00000013  c_w.l(libinit2.o)
    0x08000172   0x08000172   0x00000000   Code   RO         3852    .ARM.Collect$$libinit$$00000015  c_w.l(libinit2.o)
    0x08000172   0x08000172   0x0000000a   Code   RO         3853    .ARM.Collect$$libinit$$00000016  c_w.l(libinit2.o)
    0x0800017c   0x0800017c   0x00000000   Code   RO         3854    .ARM.Collect$$libinit$$00000017  c_w.l(libinit2.o)
    0x0800017c   0x0800017c   0x00000000   Code   RO         3856    .ARM.Collect$$libinit$$00000019  c_w.l(libinit2.o)
    0x0800017c   0x0800017c   0x00000000   Code   RO         3858    .ARM.Collect$$libinit$$0000001B  c_w.l(libinit2.o)
    0x0800017c   0x0800017c   0x00000000   Code   RO         3860    .ARM.Collect$$libinit$$0000001D  c_w.l(libinit2.o)
    0x0800017c   0x0800017c   0x00000000   Code   RO         3862    .ARM.Collect$$libinit$$0000001F  c_w.l(libinit2.o)
    0x0800017c   0x0800017c   0x00000000   Code   RO         3864    .ARM.Collect$$libinit$$00000021  c_w.l(libinit2.o)
    0x0800017c   0x0800017c   0x00000000   Code   RO         3866    .ARM.Collect$$libinit$$00000023  c_w.l(libinit2.o)
    0x0800017c   0x0800017c   0x00000000   Code   RO         3868    .ARM.Collect$$libinit$$00000025  c_w.l(libinit2.o)
    0x0800017c   0x0800017c   0x00000000   Code   RO         3872    .ARM.Collect$$libinit$$0000002C  c_w.l(libinit2.o)
    0x0800017c   0x0800017c   0x00000000   Code   RO         3874    .ARM.Collect$$libinit$$0000002E  c_w.l(libinit2.o)
    0x0800017c   0x0800017c   0x00000000   Code   RO         3876    .ARM.Collect$$libinit$$00000030  c_w.l(libinit2.o)
    0x0800017c   0x0800017c   0x00000000   Code   RO         3878    .ARM.Collect$$libinit$$00000032  c_w.l(libinit2.o)
    0x0800017c   0x0800017c   0x00000002   Code   RO         3879    .ARM.Collect$$libinit$$00000033  c_w.l(libinit2.o)
    0x0800017e   0x0800017e   0x00000002   Code   RO         3909    .ARM.Collect$$libshutdown$$00000000  c_w.l(libshutdown.o)
    0x08000180   0x08000180   0x00000000   Code   RO         3920    .ARM.Collect$$libshutdown$$00000002  c_w.l(libshutdown2.o)
    0x08000180   0x08000180   0x00000000   Code   RO         3922    .ARM.Collect$$libshutdown$$00000004  c_w.l(libshutdown2.o)
    0x08000180   0x08000180   0x00000000   Code   RO         3925    .ARM.Collect$$libshutdown$$00000007  c_w.l(libshutdown2.o)
    0x08000180   0x08000180   0x00000000   Code   RO         3928    .ARM.Collect$$libshutdown$$0000000A  c_w.l(libshutdown2.o)
    0x08000180   0x08000180   0x00000000   Code   RO         3930    .ARM.Collect$$libshutdown$$0000000C  c_w.l(libshutdown2.o)
    0x08000180   0x08000180   0x00000000   Code   RO         3933    .ARM.Collect$$libshutdown$$0000000F  c_w.l(libshutdown2.o)
    0x08000180   0x08000180   0x00000002   Code   RO         3934    .ARM.Collect$$libshutdown$$00000010  c_w.l(libshutdown2.o)
    0x08000182   0x08000182   0x00000000   Code   RO         3741    .ARM.Collect$$rtentry$$00000000  c_w.l(__rtentry.o)
    0x08000182   0x08000182   0x00000000   Code   RO         3763    .ARM.Collect$$rtentry$$00000002  c_w.l(__rtentry2.o)
    0x08000182   0x08000182   0x00000006   Code   RO         3775    .ARM.Collect$$rtentry$$00000004  c_w.l(__rtentry4.o)
    0x08000188   0x08000188   0x00000000   Code   RO         3765    .ARM.Collect$$rtentry$$00000009  c_w.l(__rtentry2.o)
    0x08000188   0x08000188   0x00000004   Code   RO         3766    .ARM.Collect$$rtentry$$0000000A  c_w.l(__rtentry2.o)
    0x0800018c   0x0800018c   0x00000000   Code   RO         3768    .ARM.Collect$$rtentry$$0000000C  c_w.l(__rtentry2.o)
    0x0800018c   0x0800018c   0x00000008   Code   RO         3769    .ARM.Collect$$rtentry$$0000000D  c_w.l(__rtentry2.o)
    0x08000194   0x08000194   0x00000002   Code   RO         3880    .ARM.Collect$$rtexit$$00000000  c_w.l(rtexit.o)
    0x08000196   0x08000196   0x00000000   Code   RO         3887    .ARM.Collect$$rtexit$$00000002  c_w.l(rtexit2.o)
    0x08000196   0x08000196   0x00000004   Code   RO         3888    .ARM.Collect$$rtexit$$00000003  c_w.l(rtexit2.o)
    0x0800019a   0x0800019a   0x00000006   Code   RO         3889    .ARM.Collect$$rtexit$$00000004  c_w.l(rtexit2.o)
    0x080001a0   0x080001a0   0x00000096   Code   RO         3598    .emb_text           port.o
    0x08000236   0x08000236   0x00000002   PAD
    0x08000238   0x08000238   0x00000040   Code   RO            4    .text               startup_stm32f103xb.o
    0x08000278   0x08000278   0x00000028   Code   RO         3681    .text               c_w.l(noretval__2sprintf.o)
    0x080002a0   0x080002a0   0x00000068   Code   RO         3683    .text               c_w.l(__printf.o)
    0x08000308   0x08000308   0x0000008a   Code   RO         3707    .text               c_w.l(rt_memcpy_v6.o)
    0x08000392   0x08000392   0x00000010   Code   RO         3711    .text               c_w.l(aeabi_memset.o)
    0x080003a2   0x080003a2   0x0000004e   Code   RO         3713    .text               c_w.l(rt_memclr_w.o)
    0x080003f0   0x080003f0   0x00000006   Code   RO         3715    .text               c_w.l(heapauxi.o)
    0x080003f6   0x080003f6   0x0000041e   Code   RO         3742    .text               c_w.l(_printf_fp_dec.o)
    0x08000814   0x08000814   0x00000030   Code   RO         3744    .text               c_w.l(_printf_char_common.o)
    0x08000844   0x08000844   0x0000000a   Code   RO         3746    .text               c_w.l(_sputc.o)
    0x0800084e   0x0800084e   0x00000064   Code   RO         3749    .text               c_w.l(rt_memcpy_w.o)
    0x080008b2   0x080008b2   0x00000044   Code   RO         3751    .text               c_w.l(rt_memclr.o)
    0x080008f6   0x080008f6   0x00000002   PAD
    0x080008f8   0x080008f8   0x00000008   Code   RO         3780    .text               c_w.l(rt_locale_intlibspace.o)
    0x08000900   0x08000900   0x0000008a   Code   RO         3782    .text               c_w.l(lludiv10.o)
    0x0800098a   0x0800098a   0x00000002   PAD
    0x0800098c   0x0800098c   0x00000080   Code   RO         3784    .text               c_w.l(_printf_fp_infnan.o)
    0x08000a0c   0x08000a0c   0x000000e4   Code   RO         3788    .text               c_w.l(bigflt0.o)
    0x08000af0   0x08000af0   0x00000008   Code   RO         3820    .text               c_w.l(libspace.o)
    0x08000af8   0x08000af8   0x0000004a   Code   RO         3823    .text               c_w.l(sys_stackheap_outer.o)
    0x08000b42   0x08000b42   0x00000012   Code   RO         3825    .text               c_w.l(exit.o)
    0x08000b54   0x08000b54   0x00000080   Code   RO         3827    .text               c_w.l(strcmpv7m.o)
    0x08000bd4   0x08000bd4   0x0000000c   Code   RO         3899    .text               c_w.l(sys_exit.o)
    0x08000be0   0x08000be0   0x00000002   Code   RO         3910    .text               c_w.l(use_no_semi.o)
    0x08000be2   0x08000be2   0x00000000   Code   RO         3912    .text               c_w.l(indicate_semi.o)
    0x08000be2   0x08000be2   0x0000003e   Code   RO         3791    CL$$btod_d2e        c_w.l(btod.o)
    0x08000c20   0x08000c20   0x00000046   Code   RO         3793    CL$$btod_d2e_denorm_low  c_w.l(btod.o)
    0x08000c66   0x08000c66   0x00000060   Code   RO         3792    CL$$btod_d2e_norm_op1  c_w.l(btod.o)
    0x08000cc6   0x08000cc6   0x00000338   Code   RO         3801    CL$$btod_div_common  c_w.l(btod.o)
    0x08000ffe   0x08000ffe   0x000000dc   Code   RO         3798    CL$$btod_e2e        c_w.l(btod.o)
    0x080010da   0x080010da   0x0000002a   Code   RO         3795    CL$$btod_ediv       c_w.l(btod.o)
    0x08001104   0x08001104   0x0000002a   Code   RO         3794    CL$$btod_emul       c_w.l(btod.o)
    0x0800112e   0x0800112e   0x00000244   Code   RO         3800    CL$$btod_mult_common  c_w.l(btod.o)
    0x08001372   0x08001372   0x00000002   PAD
    0x08001374   0x08001374   0x00000056   Code   RO          377    i.ADC_ConversionStop_Disable  stm32f1xx_hal_adc.o
    0x080013ca   0x080013ca   0x00000002   PAD
    0x080013cc   0x080013cc   0x0000007c   Code   RO          381    i.ADC_Enable        stm32f1xx_hal_adc.o
    0x08001448   0x08001448   0x00000002   Code   RO          223    i.BusFault_Handler  stm32f1xx_it.o
    0x0800144a   0x0800144a   0x00000002   Code   RO          224    i.DebugMon_Handler  stm32f1xx_it.o
    0x0800144c   0x0800144c   0x000000fc   Code   RO          383    i.HAL_ADC_ConfigChannel  stm32f1xx_hal_adc.o
    0x08001548   0x08001548   0x00000006   Code   RO          390    i.HAL_ADC_GetValue  stm32f1xx_hal_adc.o
    0x0800154e   0x0800154e   0x00000002   PAD
    0x08001550   0x08001550   0x0000011c   Code   RO          392    i.HAL_ADC_Init      stm32f1xx_hal_adc.o
    0x0800166c   0x0800166c   0x00000058   Code   RO          294    i.HAL_ADC_MspInit   stm32f1xx_hal_msp.o
    0x080016c4   0x080016c4   0x000000c0   Code   RO          398    i.HAL_ADC_Start     stm32f1xx_hal_adc.o
    0x08001784   0x08001784   0x00000034   Code   RO          401    i.HAL_ADC_Stop      stm32f1xx_hal_adc.o
    0x080017b8   0x080017b8   0x00000046   Code   RO         1032    i.HAL_DMA_Abort     stm32f1xx_hal_dma.o
    0x080017fe   0x080017fe   0x00000002   PAD
    0x08001800   0x08001800   0x00000098   Code   RO         1033    i.HAL_DMA_Abort_IT  stm32f1xx_hal_dma.o
    0x08001898   0x08001898   0x000001e0   Code   RO          968    i.HAL_GPIO_Init     stm32f1xx_hal_gpio.o
    0x08001a78   0x08001a78   0x0000000c   Code   RO          664    i.HAL_GetTick       stm32f1xx_hal.o
    0x08001a84   0x08001a84   0x00000010   Code   RO          670    i.HAL_IncTick       stm32f1xx_hal.o
    0x08001a94   0x08001a94   0x00000024   Code   RO          671    i.HAL_Init          stm32f1xx_hal.o
    0x08001ab8   0x08001ab8   0x00000040   Code   RO          672    i.HAL_InitTick      stm32f1xx_hal.o
    0x08001af8   0x08001af8   0x00000048   Code   RO          295    i.HAL_MspInit       stm32f1xx_hal_msp.o
    0x08001b40   0x08001b40   0x0000001a   Code   RO         1128    i.HAL_NVIC_EnableIRQ  stm32f1xx_hal_cortex.o
    0x08001b5a   0x08001b5a   0x00000002   PAD
    0x08001b5c   0x08001b5c   0x00000040   Code   RO         1134    i.HAL_NVIC_SetPriority  stm32f1xx_hal_cortex.o
    0x08001b9c   0x08001b9c   0x00000024   Code   RO         1135    i.HAL_NVIC_SetPriorityGrouping  stm32f1xx_hal_cortex.o
    0x08001bc0   0x08001bc0   0x000000ec   Code   RO          931    i.HAL_RCCEx_PeriphCLKConfig  stm32f1xx_hal_rcc_ex.o
    0x08001cac   0x08001cac   0x0000012c   Code   RO          828    i.HAL_RCC_ClockConfig  stm32f1xx_hal_rcc.o
    0x08001dd8   0x08001dd8   0x00000020   Code   RO          835    i.HAL_RCC_GetPCLK1Freq  stm32f1xx_hal_rcc.o
    0x08001df8   0x08001df8   0x00000020   Code   RO          836    i.HAL_RCC_GetPCLK2Freq  stm32f1xx_hal_rcc.o
    0x08001e18   0x08001e18   0x0000006c   Code   RO          837    i.HAL_RCC_GetSysClockFreq  stm32f1xx_hal_rcc.o
    0x08001e84   0x08001e84   0x00000320   Code   RO          840    i.HAL_RCC_OscConfig  stm32f1xx_hal_rcc.o
    0x080021a4   0x080021a4   0x00000028   Code   RO         1139    i.HAL_SYSTICK_Config  stm32f1xx_hal_cortex.o
    0x080021cc   0x080021cc   0x00000002   Code   RO         1675    i.HAL_UARTEx_RxEventCallback  stm32f1xx_hal_uart.o
    0x080021ce   0x080021ce   0x00000002   Code   RO         1689    i.HAL_UART_ErrorCallback  stm32f1xx_hal_uart.o
    0x080021d0   0x080021d0   0x0000020c   Code   RO         1692    i.HAL_UART_IRQHandler  stm32f1xx_hal_uart.o
    0x080023dc   0x080023dc   0x00000062   Code   RO         1693    i.HAL_UART_Init     stm32f1xx_hal_uart.o
    0x0800243e   0x0800243e   0x00000002   PAD
    0x08002440   0x08002440   0x00000080   Code   RO          297    i.HAL_UART_MspInit  stm32f1xx_hal_msp.o
    0x080024c0   0x080024c0   0x00000002   Code   RO         1699    i.HAL_UART_RxCpltCallback  stm32f1xx_hal_uart.o
    0x080024c2   0x080024c2   0x00000002   PAD
    0x080024c4   0x080024c4   0x000000b2   Code   RO         1701    i.HAL_UART_Transmit  stm32f1xx_hal_uart.o
    0x08002576   0x08002576   0x00000002   Code   RO         1704    i.HAL_UART_TxCpltCallback  stm32f1xx_hal_uart.o
    0x08002578   0x08002578   0x00000002   Code   RO          225    i.HardFault_Handler  stm32f1xx_it.o
    0x0800257a   0x0800257a   0x00000002   PAD
    0x0800257c   0x0800257c   0x0000004c   Code   RO           14    i.MX_ADC1_Init      main.o
    0x080025c8   0x080025c8   0x00000002   Code   RO          226    i.MemManage_Handler  stm32f1xx_it.o
    0x080025ca   0x080025ca   0x00000002   Code   RO          227    i.NMI_Handler       stm32f1xx_it.o
    0x080025cc   0x080025cc   0x0000007c   Code   RO           15    i.StartDefaultTask  main.o
    0x08002648   0x08002648   0x00000058   Code   RO           16    i.StartTask02       main.o
    0x080026a0   0x080026a0   0x00000018   Code   RO          228    i.SysTick_Handler   stm32f1xx_it.o
    0x080026b8   0x080026b8   0x00000078   Code   RO           17    i.SystemClock_Config  main.o
    0x08002730   0x08002730   0x00000002   Code   RO         2022    i.SystemInit        system_stm32f1xx.o
    0x08002732   0x08002732   0x00000010   Code   RO         1706    i.UART_DMAAbortOnError  stm32f1xx_hal_uart.o
    0x08002742   0x08002742   0x00000030   Code   RO         1716    i.UART_EndRxTransfer  stm32f1xx_hal_uart.o
    0x08002772   0x08002772   0x000000b6   Code   RO         1718    i.UART_Receive_IT   stm32f1xx_hal_uart.o
    0x08002828   0x08002828   0x000000b8   Code   RO         1719    i.UART_SetConfig    stm32f1xx_hal_uart.o
    0x080028e0   0x080028e0   0x00000064   Code   RO         1722    i.UART_WaitOnFlagUntilTimeout  stm32f1xx_hal_uart.o
    0x08002944   0x08002944   0x0000000c   Code   RO          229    i.USART2_IRQHandler  stm32f1xx_it.o
    0x08002950   0x08002950   0x00000002   Code   RO          230    i.UsageFault_Handler  stm32f1xx_it.o
    0x08002952   0x08002952   0x00000028   Code   RO         3818    i.__ARM_fpclassify  m_ws.l(fpclassify.o)
    0x0800297a   0x0800297a   0x00000020   Code   RO         1141    i.__NVIC_SetPriority  stm32f1xx_hal_cortex.o
    0x0800299a   0x0800299a   0x00000002   PAD
    0x0800299c   0x0800299c   0x00000098   Code   RO           18    i.main              main.o
    0x08002a34   0x08002a34   0x00000034   Code   RO         3128    i.osDelay           cmsis_os2.o
    0x08002a68   0x08002a68   0x00000038   Code   RO         3142    i.osKernelInitialize  cmsis_os2.o
    0x08002aa0   0x08002aa0   0x00000040   Code   RO         3145    i.osKernelStart     cmsis_os2.o
    0x08002ae0   0x08002ae0   0x000000a4   Code   RO         3179    i.osThreadNew       cmsis_os2.o
    0x08002b84   0x08002b84   0x0000005c   Code   RO         2624    i.prvAddCurrentTaskToDelayedList  tasks.o
    0x08002be0   0x08002be0   0x000000d0   Code   RO         2625    i.prvAddNewTaskToReadyList  tasks.o
    0x08002cb0   0x08002cb0   0x00000058   Code   RO         2974    i.prvCheckForValidListAndQueue  timers.o
    0x08002d08   0x08002d08   0x00000026   Code   RO         2227    i.prvCopyDataFromQueue  queue.o
    0x08002d2e   0x08002d2e   0x0000006c   Code   RO         2228    i.prvCopyDataToQueue  queue.o
    0x08002d9a   0x08002d9a   0x00000034   Code   RO         2626    i.prvDeleteTCB      tasks.o
    0x08002dce   0x08002dce   0x00000002   PAD
    0x08002dd0   0x08002dd0   0x0000004c   Code   RO         3549    i.prvHeapInit       heap_4.o
    0x08002e1c   0x08002e1c   0x00000060   Code   RO         2627    i.prvIdleTask       tasks.o
    0x08002e7c   0x08002e7c   0x00000022   Code   RO         2230    i.prvInitialiseNewQueue  queue.o
    0x08002e9e   0x08002e9e   0x0000009c   Code   RO         2628    i.prvInitialiseNewTask  tasks.o
    0x08002f3a   0x08002f3a   0x00000002   PAD
    0x08002f3c   0x08002f3c   0x0000004c   Code   RO         3550    i.prvInsertBlockIntoFreeList  heap_4.o
    0x08002f88   0x08002f88   0x00000038   Code   RO         2976    i.prvInsertTimerInActiveList  timers.o
    0x08002fc0   0x08002fc0   0x0000001c   Code   RO         2231    i.prvIsQueueEmpty   queue.o
    0x08002fdc   0x08002fdc   0x000000cc   Code   RO         2977    i.prvProcessReceivedCommands  timers.o
    0x080030a8   0x080030a8   0x000000b4   Code   RO         2978    i.prvProcessTimerOrBlockTask  timers.o
    0x0800315c   0x0800315c   0x00000020   Code   RO         2630    i.prvResetNextTaskUnblockTime  tasks.o
    0x0800317c   0x0800317c   0x00000028   Code   RO         2979    i.prvSampleTimeNow  timers.o
    0x080031a4   0x080031a4   0x0000006c   Code   RO         2980    i.prvSwitchTimerLists  timers.o
    0x08003210   0x08003210   0x00000028   Code   RO         3599    i.prvTaskExitError  port.o
    0x08003238   0x08003238   0x00000024   Code   RO         2981    i.prvTimerTask      timers.o
    0x0800325c   0x0800325c   0x0000006a   Code   RO         2232    i.prvUnlockQueue    queue.o
    0x080032c6   0x080032c6   0x00000002   PAD
    0x080032c8   0x080032c8   0x000000d8   Code   RO         3551    i.pvPortMalloc      heap_4.o
    0x080033a0   0x080033a0   0x00000024   Code   RO         3600    i.pxPortInitialiseStack  port.o
    0x080033c4   0x080033c4   0x00000026   Code   RO         2187    i.uxListRemove      list.o
    0x080033ea   0x080033ea   0x00000002   PAD
    0x080033ec   0x080033ec   0x00000014   Code   RO         3191    i.vApplicationGetIdleTaskMemory  cmsis_os2.o
    0x08003400   0x08003400   0x00000018   Code   RO         3192    i.vApplicationGetTimerTaskMemory  cmsis_os2.o
    0x08003418   0x08003418   0x00000016   Code   RO         2188    i.vListInitialise   list.o
    0x0800342e   0x0800342e   0x00000006   Code   RO         2189    i.vListInitialiseItem  list.o
    0x08003434   0x08003434   0x00000030   Code   RO         2190    i.vListInsert       list.o
    0x08003464   0x08003464   0x00000018   Code   RO         2191    i.vListInsertEnd    list.o
    0x0800347c   0x0800347c   0x00000040   Code   RO         3602    i.vPortEnterCritical  port.o
    0x080034bc   0x080034bc   0x00000028   Code   RO         3603    i.vPortExitCritical  port.o
    0x080034e4   0x080034e4   0x0000005c   Code   RO         3552    i.vPortFree         heap_4.o
    0x08003540   0x08003540   0x00000024   Code   RO         3604    i.vPortSetupTimerInterrupt  port.o
    0x08003564   0x08003564   0x00000054   Code   RO         3605    i.vPortValidateInterruptPriority  port.o
    0x080035b8   0x080035b8   0x00000028   Code   RO         2238    i.vQueueAddToRegistry  queue.o
    0x080035e0   0x080035e0   0x00000044   Code   RO         2242    i.vQueueWaitForMessageRestricted  queue.o
    0x08003624   0x08003624   0x0000004c   Code   RO         2642    i.vTaskDelay        tasks.o
    0x08003670   0x08003670   0x00000010   Code   RO         2647    i.vTaskInternalSetTimeOutState  tasks.o
    0x08003680   0x08003680   0x0000000c   Code   RO         2648    i.vTaskMissedYield  tasks.o
    0x0800368c   0x0800368c   0x00000030   Code   RO         2650    i.vTaskPlaceOnEventList  tasks.o
    0x080036bc   0x080036bc   0x00000038   Code   RO         2651    i.vTaskPlaceOnEventListRestricted  tasks.o
    0x080036f4   0x080036f4   0x00000088   Code   RO         2659    i.vTaskStartScheduler  tasks.o
    0x0800377c   0x0800377c   0x00000010   Code   RO         2661    i.vTaskSuspendAll   tasks.o
    0x0800378c   0x0800378c   0x00000064   Code   RO         2662    i.vTaskSwitchContext  tasks.o
    0x080037f0   0x080037f0   0x000000a8   Code   RO         3606    i.xPortStartScheduler  port.o
    0x08003898   0x08003898   0x0000002c   Code   RO         3607    i.xPortSysTickHandler  port.o
    0x080038c4   0x080038c4   0x00000066   Code   RO         2248    i.xQueueGenericCreateStatic  queue.o
    0x0800392a   0x0800392a   0x00000002   PAD
    0x0800392c   0x0800392c   0x00000088   Code   RO         2249    i.xQueueGenericReset  queue.o
    0x080039b4   0x080039b4   0x00000160   Code   RO         2250    i.xQueueGenericSend  queue.o
    0x08003b14   0x08003b14   0x000000bc   Code   RO         2251    i.xQueueGenericSendFromISR  queue.o
    0x08003bd0   0x08003bd0   0x00000138   Code   RO         2260    i.xQueueReceive     queue.o
    0x08003d08   0x08003d08   0x00000074   Code   RO         2663    i.xTaskCheckForTimeOut  tasks.o
    0x08003d7c   0x08003d7c   0x0000005a   Code   RO         2664    i.xTaskCreate       tasks.o
    0x08003dd6   0x08003dd6   0x00000056   Code   RO         2665    i.xTaskCreateStatic  tasks.o
    0x08003e2c   0x08003e2c   0x0000001c   Code   RO         2669    i.xTaskGetSchedulerState  tasks.o
    0x08003e48   0x08003e48   0x0000000c   Code   RO         2670    i.xTaskGetTickCount  tasks.o
    0x08003e54   0x08003e54   0x000000c8   Code   RO         2672    i.xTaskIncrementTick  tasks.o
    0x08003f1c   0x08003f1c   0x00000080   Code   RO         2675    i.xTaskPriorityDisinherit  tasks.o
    0x08003f9c   0x08003f9c   0x00000070   Code   RO         2677    i.xTaskRemoveFromEventList  tasks.o
    0x0800400c   0x0800400c   0x000000c4   Code   RO         2678    i.xTaskResumeAll    tasks.o
    0x080040d0   0x080040d0   0x00000060   Code   RO         2988    i.xTimerCreateTimerTask  timers.o
    0x08004130   0x08004130   0x00000068   Code   RO         2989    i.xTimerGenericCommand  timers.o
    0x08004198   0x08004198   0x0000002c   Code   RO         3814    locale$$code        c_w.l(lc_numeric_c.o)
    0x080041c4   0x080041c4   0x00000062   Code   RO         3719    x$fpl$d2f           fz_ws.l(d2f.o)
    0x08004226   0x08004226   0x00000002   PAD
    0x08004228   0x08004228   0x000002b0   Code   RO         3722    x$fpl$ddiv          fz_ws.l(ddiv.o)
    0x080044d8   0x080044d8   0x00000154   Code   RO         3725    x$fpl$dmul          fz_ws.l(dmul.o)
    0x0800462c   0x0800462c   0x0000009c   Code   RO         3753    x$fpl$dnaninf       fz_ws.l(dnaninf.o)
    0x080046c8   0x080046c8   0x0000000c   Code   RO         3755    x$fpl$dretinf       fz_ws.l(dretinf.o)
    0x080046d4   0x080046d4   0x00000056   Code   RO         3727    x$fpl$f2d           fz_ws.l(f2d.o)
    0x0800472a   0x0800472a   0x00000002   PAD
    0x0800472c   0x0800472c   0x00000184   Code   RO         3730    x$fpl$fdiv          fz_ws.l(fdiv.o)
    0x080048b0   0x080048b0   0x00000026   Code   RO         3733    x$fpl$ffltu         fz_ws.l(fflt_clz.o)
    0x080048d6   0x080048d6   0x0000008c   Code   RO         3757    x$fpl$fnaninf       fz_ws.l(fnaninf.o)
    0x08004962   0x08004962   0x0000000a   Code   RO         3759    x$fpl$fretinf       fz_ws.l(fretinf.o)
    0x0800496c   0x0800496c   0x00000004   Code   RO         3739    x$fpl$printf1       fz_ws.l(printf1.o)
    0x08004970   0x08004970   0x00000000   Code   RO         3761    x$fpl$usenofp       fz_ws.l(usenofp.o)
    0x08004970   0x08004970   0x00000048   Data   RO           20    .constdata          main.o
    0x080049b8   0x080049b8   0x00000010   Data   RO         2023    .constdata          system_stm32f1xx.o
    0x080049c8   0x080049c8   0x00000008   Data   RO         2024    .constdata          system_stm32f1xx.o
    0x080049d0   0x080049d0   0x00000094   Data   RO         3789    .constdata          c_w.l(bigflt0.o)
    0x08004a64   0x08004a64   0x00000018   Data   RO           21    .conststring        main.o
    0x08004a7c   0x08004a7c   0x00000020   Data   RO         3959    Region$$Table       anon$$obj.o
    0x08004a9c   0x08004a9c   0x0000001c   Data   RO         3813    locale$$data        c_w.l(lc_numeric_c.o)


    Execution Region RW_IRAM1 (Exec base: 0x20000000, Load base: 0x08004ab8, Size: 0x00002040, Max: 0x00005000, ABSOLUTE)

    Exec Addr    Load Addr    Size         Type   Attr      Idx    E Section Name        Object

    0x20000000   0x08004ab8   0x0000000c   Data   RW           22    .data               main.o
    0x2000000c   0x08004ac4   0x0000000c   Data   RW          678    .data               stm32f1xx_hal.o
    0x20000018   0x08004ad0   0x00000004   Data   RW         2025    .data               system_stm32f1xx.o
    0x2000001c   0x08004ad4   0x0000003c   Data   RW         2681    .data               tasks.o
    0x20000058   0x08004b10   0x00000014   Data   RW         2997    .data               timers.o
    0x2000006c   0x08004b24   0x00000004   Data   RW         3194    .data               cmsis_os2.o
    0x20000070   0x08004b28   0x00000018   Data   RW         3557    .data               heap_4.o
    0x20000088   0x08004b40   0x0000000c   Data   RW         3608    .data               port.o
    0x20000094        -       0x00000074   Zero   RW           19    .bss                main.o
    0x20000108        -       0x00000040   Zero   RW         2264    .bss                queue.o
    0x20000148        -       0x000004c4   Zero   RW         2680    .bss                tasks.o
    0x2000060c        -       0x00000118   Zero   RW         2996    .bss                timers.o
    0x20000724        -       0x000006b8   Zero   RW         3193    .bss                cmsis_os2.o
    0x20000ddc        -       0x00000c00   Zero   RW         3556    .bss                heap_4.o
    0x200019dc        -       0x00000060   Zero   RW         3821    .bss                c_w.l(libspace.o)
    0x20001a3c   0x08004b4c   0x00000004   PAD
    0x20001a40        -       0x00000200   Zero   RW            2    HEAP                startup_stm32f103xb.o
    0x20001c40        -       0x00000400   Zero   RW            1    STACK               startup_stm32f103xb.o


==============================================================================

Image component sizes


      Code (inc. data)   RO Data    RW Data    ZI Data      Debug   Object Name

       380         32          0          4       1720      14898   cmsis_os2.o
         0          0          0          0          0      20496   event_groups.o
         0          0          0          0          0       2696   freertos.o
       460         24          0         24       3072       5011   heap_4.o
       138          0          0          0          0       3738   list.o
       560         88         96         12        116     421436   main.o
       662         70          0         12          0      11473   port.o
      1512         20          0          0         64      17724   queue.o
        64         26        236          0       1536        864   startup_stm32f103xb.o
       128         24          0         12          0       5677   stm32f1xx_hal.o
       996         42          0          0          0       6543   stm32f1xx_hal_adc.o
       198         14          0          0          0      29279   stm32f1xx_hal_cortex.o
       222          4          0          0          0       1931   stm32f1xx_hal_dma.o
       480         34          0          0          0       2368   stm32f1xx_hal_gpio.o
       288         36          0          0          0       2455   stm32f1xx_hal_msp.o
      1272        100          0          0          0       5516   stm32f1xx_hal_rcc.o
       236         12          0          0          0       1492   stm32f1xx_hal_rcc_ex.o
      1338         10          0          0          0      10368   stm32f1xx_hal_uart.o
        48          6          0          0          0       3959   stm32f1xx_it.o
         0          0          0          0          0       9004   stream_buffer.o
         2          0         24          4          0       1275   system_stm32f1xx.o
      2064        170          0         60       1220      24596   tasks.o
       912         82          0         20        280      26839   timers.o

    ----------------------------------------------------------------------
     11988        794        388        148       8008     629638   Object Totals
         0          0         32          0          0          0   (incl. Generated)
        28          0          0          0          0          0   (incl. Padding)

    ----------------------------------------------------------------------

      Code (inc. data)   RO Data    RW Data    ZI Data      Debug   Library Member Name

         8          0          0          0          0         68   __main.o
       104          0          0          0          0         84   __printf.o
         0          0          0          0          0          0   __rtentry.o
        12          0          0          0          0          0   __rtentry2.o
         6          0          0          0          0          0   __rtentry4.o
        52          8          0          0          0          0   __scatter.o
        26          0          0          0          0          0   __scatter_copy.o
        28          0          0          0          0          0   __scatter_zi.o
        48          6          0          0          0         96   _printf_char_common.o
         6          0          0          0          0          0   _printf_f.o
      1054          0          0          0          0        216   _printf_fp_dec.o
       128         16          0          0          0         84   _printf_fp_infnan.o
         0          0          0          0          0          0   _printf_percent.o
         4          0          0          0          0          0   _printf_percent_end.o
        10          0          0          0          0         68   _sputc.o
        16          0          0          0          0         68   aeabi_memset.o
       228          4        148          0          0         96   bigflt0.o
      1936        128          0          0          0        672   btod.o
        18          0          0          0          0         80   exit.o
         6          0          0          0          0        152   heapauxi.o
         0          0          0          0          0          0   indicate_semi.o
        44         10         28          0          0         76   lc_numeric_c.o
         2          0          0          0          0          0   libinit.o
        18          0          0          0          0          0   libinit2.o
         2          0          0          0          0          0   libshutdown.o
         2          0          0          0          0          0   libshutdown2.o
         8          4          0          0         96         68   libspace.o
       138          0          0          0          0         80   lludiv10.o
        40          6          0          0          0         84   noretval__2sprintf.o
         8          4          0          0          0         68   rt_locale_intlibspace.o
        68          0          0          0          0         68   rt_memclr.o
        78          0          0          0          0         80   rt_memclr_w.o
       138          0          0          0          0         68   rt_memcpy_v6.o
       100          0          0          0          0         80   rt_memcpy_w.o
         2          0          0          0          0          0   rtexit.o
        10          0          0          0          0          0   rtexit2.o
       128          0          0          0          0         68   strcmpv7m.o
        12          4          0          0          0         68   sys_exit.o
        74          0          0          0          0         80   sys_stackheap_outer.o
         2          0          0          0          0         68   use_no_semi.o
        98          4          0          0          0         92   d2f.o
       688        140          0          0          0        208   ddiv.o
       340         12          0          0          0        104   dmul.o
       156          4          0          0          0         92   dnaninf.o
        12          0          0          0          0         68   dretinf.o
        86          4          0          0          0         84   f2d.o
       388         76          0          0          0         96   fdiv.o
        38          0          0          0          0         68   fflt_clz.o
       140          4          0          0          0         84   fnaninf.o
        10          0          0          0          0         68   fretinf.o
         4          0          0          0          0         68   printf1.o
         0          0          0          0          0          0   usenofp.o
        40          0          0          0          0         68   fpclassify.o

    ----------------------------------------------------------------------
      6576        434        176          0        100       3740   Library Totals
        12          0          0          0          4          0   (incl. Padding)

    ----------------------------------------------------------------------

      Code (inc. data)   RO Data    RW Data    ZI Data      Debug   Library Name

      4564        190        176          0         96       2640   c_w.l
      1960        244          0          0          0       1032   fz_ws.l
        40          0          0          0          0         68   m_ws.l

    ----------------------------------------------------------------------
      6576        434        176          0        100       3740   Library Totals

    ----------------------------------------------------------------------

==============================================================================


      Code (inc. data)   RO Data    RW Data    ZI Data      Debug   

     18564       1228        564        148       8108     625210   Grand Totals
     18564       1228        564        148       8108     625210   ELF Image Totals
     18564       1228        564        148          0          0   ROM Totals

==============================================================================

    Total RO  Size (Code + RO Data)                19128 (  18.68kB)
    Total RW  Size (RW Data + ZI Data)              8256 (   8.06kB)
    Total ROM Size (Code + RO Data + RW Data)      19276 (  18.82kB)

==============================================================================

